Archive member included to satisfy reference by file (symbol)

c:/program files (x86)/atmel/studio/7.0/toolchain/avr8/avr8-gnu-toolchain/bin/../lib/gcc/avr/5.4.0/../../../../avr/lib/avr6\libm.a(addsf3.o)
                              ADS1241.o (__subsf3)
c:/program files (x86)/atmel/studio/7.0/toolchain/avr8/avr8-gnu-toolchain/bin/../lib/gcc/avr/5.4.0/../../../../avr/lib/avr6\libm.a(addsf3x.o)
                              c:/program files (x86)/atmel/studio/7.0/toolchain/avr8/avr8-gnu-toolchain/bin/../lib/gcc/avr/5.4.0/../../../../avr/lib/avr6\libm.a(addsf3.o) (__addsf3x)
c:/program files (x86)/atmel/studio/7.0/toolchain/avr8/avr8-gnu-toolchain/bin/../lib/gcc/avr/5.4.0/../../../../avr/lib/avr6\libm.a(divsf3.o)
                              ADS1241.o (__divsf3)
c:/program files (x86)/atmel/studio/7.0/toolchain/avr8/avr8-gnu-toolchain/bin/../lib/gcc/avr/5.4.0/../../../../avr/lib/avr6\libm.a(divsf3x.o)
                              c:/program files (x86)/atmel/studio/7.0/toolchain/avr8/avr8-gnu-toolchain/bin/../lib/gcc/avr/5.4.0/../../../../avr/lib/avr6\libm.a(divsf3.o) (__divsf3x)
c:/program files (x86)/atmel/studio/7.0/toolchain/avr8/avr8-gnu-toolchain/bin/../lib/gcc/avr/5.4.0/../../../../avr/lib/avr6\libm.a(exp.o)
                              ADS1241.o (exp)
c:/program files (x86)/atmel/studio/7.0/toolchain/avr8/avr8-gnu-toolchain/bin/../lib/gcc/avr/5.4.0/../../../../avr/lib/avr6\libm.a(fixsfsi.o)
                              MAX31856.o (__fixsfsi)
c:/program files (x86)/atmel/studio/7.0/toolchain/avr8/avr8-gnu-toolchain/bin/../lib/gcc/avr/5.4.0/../../../../avr/lib/avr6\libm.a(fixunssfsi.o)
                              ADS1241.o (__fixunssfsi)
c:/program files (x86)/atmel/studio/7.0/toolchain/avr8/avr8-gnu-toolchain/bin/../lib/gcc/avr/5.4.0/../../../../avr/lib/avr6\libm.a(floatsisf.o)
                              ADS1241.o (__floatunsisf)
c:/program files (x86)/atmel/studio/7.0/toolchain/avr8/avr8-gnu-toolchain/bin/../lib/gcc/avr/5.4.0/../../../../avr/lib/avr6\libm.a(fp_inf.o)
                              c:/program files (x86)/atmel/studio/7.0/toolchain/avr8/avr8-gnu-toolchain/bin/../lib/gcc/avr/5.4.0/../../../../avr/lib/avr6\libm.a(addsf3x.o) (__fp_inf)
c:/program files (x86)/atmel/studio/7.0/toolchain/avr8/avr8-gnu-toolchain/bin/../lib/gcc/avr/5.4.0/../../../../avr/lib/avr6\libm.a(fp_nan.o)
                              c:/program files (x86)/atmel/studio/7.0/toolchain/avr8/avr8-gnu-toolchain/bin/../lib/gcc/avr/5.4.0/../../../../avr/lib/avr6\libm.a(addsf3x.o) (__fp_nan)
c:/program files (x86)/atmel/studio/7.0/toolchain/avr8/avr8-gnu-toolchain/bin/../lib/gcc/avr/5.4.0/../../../../avr/lib/avr6\libm.a(fp_powser.o)
                              c:/program files (x86)/atmel/studio/7.0/toolchain/avr8/avr8-gnu-toolchain/bin/../lib/gcc/avr/5.4.0/../../../../avr/lib/avr6\libm.a(exp.o) (__fp_powser)
c:/program files (x86)/atmel/studio/7.0/toolchain/avr8/avr8-gnu-toolchain/bin/../lib/gcc/avr/5.4.0/../../../../avr/lib/avr6\libm.a(fp_pscA.o)
                              c:/program files (x86)/atmel/studio/7.0/toolchain/avr8/avr8-gnu-toolchain/bin/../lib/gcc/avr/5.4.0/../../../../avr/lib/avr6\libm.a(addsf3x.o) (__fp_pscA)
c:/program files (x86)/atmel/studio/7.0/toolchain/avr8/avr8-gnu-toolchain/bin/../lib/gcc/avr/5.4.0/../../../../avr/lib/avr6\libm.a(fp_pscB.o)
                              c:/program files (x86)/atmel/studio/7.0/toolchain/avr8/avr8-gnu-toolchain/bin/../lib/gcc/avr/5.4.0/../../../../avr/lib/avr6\libm.a(addsf3x.o) (__fp_pscB)
c:/program files (x86)/atmel/studio/7.0/toolchain/avr8/avr8-gnu-toolchain/bin/../lib/gcc/avr/5.4.0/../../../../avr/lib/avr6\libm.a(fp_round.o)
                              c:/program files (x86)/atmel/studio/7.0/toolchain/avr8/avr8-gnu-toolchain/bin/../lib/gcc/avr/5.4.0/../../../../avr/lib/avr6\libm.a(addsf3.o) (__fp_round)
c:/program files (x86)/atmel/studio/7.0/toolchain/avr8/avr8-gnu-toolchain/bin/../lib/gcc/avr/5.4.0/../../../../avr/lib/avr6\libm.a(fp_split3.o)
                              c:/program files (x86)/atmel/studio/7.0/toolchain/avr8/avr8-gnu-toolchain/bin/../lib/gcc/avr/5.4.0/../../../../avr/lib/avr6\libm.a(addsf3x.o) (__fp_split3)
c:/program files (x86)/atmel/studio/7.0/toolchain/avr8/avr8-gnu-toolchain/bin/../lib/gcc/avr/5.4.0/../../../../avr/lib/avr6\libm.a(fp_zero.o)
                              c:/program files (x86)/atmel/studio/7.0/toolchain/avr8/avr8-gnu-toolchain/bin/../lib/gcc/avr/5.4.0/../../../../avr/lib/avr6\libm.a(addsf3x.o) (__fp_zero)
c:/program files (x86)/atmel/studio/7.0/toolchain/avr8/avr8-gnu-toolchain/bin/../lib/gcc/avr/5.4.0/../../../../avr/lib/avr6\libm.a(inverse.o)
                              c:/program files (x86)/atmel/studio/7.0/toolchain/avr8/avr8-gnu-toolchain/bin/../lib/gcc/avr/5.4.0/../../../../avr/lib/avr6\libm.a(exp.o) (inverse)
c:/program files (x86)/atmel/studio/7.0/toolchain/avr8/avr8-gnu-toolchain/bin/../lib/gcc/avr/5.4.0/../../../../avr/lib/avr6\libm.a(ldexp.o)
[...]
Memory Configuration

Name             Origin             Length             Attributes
text             0x00000000         0x00100000         xr
data             0x00800200         0x0000fe00         rw !x
eeprom           0x00810000         0x00010000         rw !x
fuse             0x00820000         0x00000003         rw !x
lock             0x00830000         0x00000400         rw !x
signature        0x00840000         0x00000400         rw !x
user_signatures  0x00850000         0x00000400         rw !x
*default*        0x00000000         0xffffffff

Linker script and memory map

Address of section .data set to 0x800200
LOAD C:/Program Files (x86)/Atmel/Studio/7.0/Packs/atmel/ATmega_DFP/1.2.209/gcc/dev/atmega2560/avr6/crtatmega2560.o
LOAD ADS1241.o
LOAD constant.o
LOAD MAX31856.o
LOAD menu.o
LOAD utility.o
LOAD Sketch.o
LOAD src/libraries/INA-master/src/INA.o
LOAD src/libraries/Wire/src/utility/twi.o
LOAD src/libraries/Wire/src/Wire.o
START GROUP
LOAD c:/program files (x86)/atmel/studio/7.0/toolchain/avr8/avr8-gnu-toolchain/bin/../lib/gcc/avr/5.4.0/../../../../avr/lib/avr6\libm.a
LOAD C:\Users\Anthony\Documents\Atmel Studio\7.0\LiquidMenuInterrupt\LiquidMenu\ArduinoCore\Debug\libArduinoCore.a
END GROUP
LOAD c:/program files (x86)/atmel/studio/7.0/toolchain/avr8/avr8-gnu-toolchain/bin/../lib/gcc/avr/5.4.0/avr6\libgcc.a
LOAD c:/program files (x86)/atmel/studio/7.0/toolchain/avr8/avr8-gnu-toolchain/bin/../lib/gcc/avr/5.4.0/../../../../avr/lib/avr6\libm.a
START GROUP
LOAD c:/program files (x86)/atmel/studio/7.0/toolchain/avr8/avr8-gnu-toolchain/bin/../lib/gcc/avr/5.4.0/avr6\libgcc.a
LOAD c:/program files (x86)/atmel/studio/7.0/toolchain/avr8/avr8-gnu-toolchain/bin/../lib/gcc/avr/5.4.0/../../../../avr/lib/avr6\libm.a
LOAD c:/program files (x86)/atmel/studio/7.0/toolchain/avr8/avr8-gnu-toolchain/bin/../lib/gcc/avr/5.4.0/../../../../avr/lib/avr6\libc.a
LOAD C:/Program Files (x86)/Atmel/Studio/7.0/Packs/atmel/ATmega_DFP/1.2.209/gcc/dev/atmega2560/avr6\libatmega2560.a
END GROUP
                0x00100000                __TEXT_REGION_LENGTH__ = DEFINED (__TEXT_REGION_LENGTH__)?__TEXT_REGION_LENGTH__:0x100000
                0x0000fe00                __DATA_REGION_LENGTH__ = DEFINED (__DATA_REGION_LENGTH__)?__DATA_REGION_LENGTH__:0xfe00
                0x00010000                __EEPROM_REGION_LENGTH__ = DEFINED (__EEPROM_REGION_LENGTH__)?__EEPROM_REGION_LENGTH__:0x10000
                [0x00000003]                __FUSE_REGION_LENGTH__ = DEFINED (__FUSE_REGION_LENGTH__)?__FUSE_REGION_LENGTH__:0x400
                0x00000400                __LOCK_REGION_LENGTH__ = DEFINED (__LOCK_REGION_LENGTH__)?__LOCK_REGION_LENGTH__:0x400
                0x00000400                __SIGNATURE_REGION_LENGTH__ = DEFINED (__SIGNATURE_REGION_LENGTH__)?__SIGNATURE_REGION_LENGTH__:0x400
                0x00000400                __USER_SIGNATURE_REGION_LENGTH__ = DEFINED (__USER_SIGNATURE_REGION_LENGTH__)?__USER_SIGNATURE_REGION_LENGTH__:0x400

.hash
 *(.hash)

.dynsym
 *(.dynsym)

.dynstr
 *(.dynstr)

.gnu.version
 *(.gnu.version)

.gnu.version_d
 *(.gnu.version_d)

.gnu.version_r
 *(.gnu.version_r)

.rel.init
 *(.rel.init)

.rela.init
 *(.rela.init)

.rel.text
 *(.rel.text)
 *(.rel.text.*)
 *(.rel.gnu.linkonce.t*)

.rela.text
 *(.rela.text)
 *(.rela.text.*)
 *(.rela.gnu.linkonce.t*)

.rel.fini
 *(.rel.fini)

.rela.fini
 *(.rela.fini)

.rel.rodata
 *(.rel.rodata)
 *(.rel.rodata.*)
 *(.rel.gnu.linkonce.r*)

.rela.rodata
 *(.rela.rodata)
 *(.rela.rodata.*)
 *(.rela.gnu.linkonce.r*)

.rel.data
 *(.rel.data)
 *(.rel.data.*)
 *(.rel.gnu.linkonce.d*)

.rela.data
 *(.rela.data)
 *(.rela.data.*)
 *(.rela.gnu.linkonce.d*)

.rel.ctors
 *(.rel.ctors)

.rela.ctors
 *(.rela.ctors)

.rel.dtors
 *(.rel.dtors)

.rela.dtors
 *(.rela.dtors)

.rel.got
 *(.rel.got)

.rela.got
 *(.rela.got)

.rel.bss
 *(.rel.bss)

.rela.bss
 *(.rela.bss)

.rel.plt
 *(.rel.plt)

.rela.plt
 *(.rela.plt)

.text           0x00000000     0x4936
 *(.vectors)
 .vectors       0x00000000       0xe4 C:/Program Files (x86)/Atmel/Studio/7.0/Packs/atmel/ATmega_DFP/1.2.209/gcc/dev/atmega2560/avr6/crtatmega2560.o
                0x00000000                __vector_default
                0x00000000                __vectors
 *(.vectors)
 *(.progmem.gcc*)
 .progmem.gcc_sw_table.turnOffPWM
                0x000000e4       0x24 C:\Users\Anthony\Documents\Atmel Studio\7.0\LiquidMenuInterrupt\LiquidMenu\ArduinoCore\Debug\libArduinoCore.a(wiring_digital.o)
                0x00000108                . = ALIGN (0x2)
                0x00000108                __trampolines_start = .
 *(.trampolines)
 .trampolines   0x00000108        0x0 linker stubs
 *(.trampolines*)
                0x00000108                __trampolines_end = .
 *libprintf_flt.a:*(.progmem.data)
 *libc.a:*(.progmem.data)
 *(.progmem*)
 .progmem.data._ZL25K_value_selection_u_text0
                0x00000108        0xa menu.o
 .progmem.data._ZL25K_value_selection_d_text0
                0x00000112        0xa menu.o
 .progmem.data._ZL25K_value_selection_c_text0
                0x0000011c        0xa menu.o
 .progmem.data._ZL9INA_text3
                0x00000126        0x5 menu.o
 .progmem.data._ZL9INA_text2
                0x0000012b        0x9 menu.o
 .progmem.data._ZL9INA_text1
                0x00000134        0x6 menu.o
 .progmem.data._ZL9INA_text0
                0x0000013a       0x11 menu.o
 .progmem.data._ZL13liveReadText2
                0x0000014b        0x5 menu.o
 .progmem.data._ZL13liveReadText1
                0x00000150        0x6 menu.o
 .progmem.data._ZL13liveReadText0
                0x00000156        0x6 menu.o
 .progmem.data._ZL17configureAdcText1
                0x0000015c        0x5 menu.o
 .progmem.data._ZL17configureAdcText0
                0x00000161        0xf menu.o
 .progmem.data._ZL20calibrationDoneText1
                0x00000170        0x5 menu.o
 .progmem.data._ZL20calibrationDoneText0
                0x00000175       0x13 menu.o
 .progmem.data._ZL18calibrateGainText1
                0x00000188       0x14 menu.o
 .progmem.data._ZL18calibrateGainText0
                0x0000019c        0xe menu.o
 .progmem.data._ZL20calibrateOffsetText1
                0x000001aa       0x14 menu.o
 .progmem.data._ZL20calibrateOffsetText0
                0x000001be        0xd menu.o
 .progmem.data._ZL10main_text4
                0x000001cb       0x14 menu.o
 .progmem.data._ZL10main_text3
                0x000001df       0x10 menu.o
 .progmem.data._ZL10main_text2
                0x000001ef       0x11 menu.o
 .progmem.data._ZL10main_text1
                0x00000200       0x13 menu.o
 .progmem.data._ZL10main_text0
                0x00000213        0xe menu.o
 .progmem.data._ZL13welcome_text3
                0x00000221        0x9 menu.o
 .progmem.data._ZL13welcome_text2
                0x0000022a        0xb menu.o
 .progmem.data._ZL13welcome_text1
                0x00000235       0x10 menu.o
 .progmem.data._ZL13welcome_text0
                0x00000245        0xf menu.o
 .progmem.data.digital_pin_to_timer_PGM
                0x00000254       0x46 C:\Users\Anthony\Documents\Atmel Studio\7.0\LiquidMenuInterrupt\LiquidMenu\ArduinoCore\Debug\libArduinoCore.a(wiring_digital.o)
                0x00000254                digital_pin_to_timer_PGM
 .progmem.data.digital_pin_to_bit_mask_PGM
                0x0000029a       0x46 C:\Users\Anthony\Documents\Atmel Studio\7.0\LiquidMenuInterrupt\LiquidMenu\ArduinoCore\Debug\libArduinoCore.a(wiring_digital.o)
                0x0000029a                digital_pin_to_bit_mask_PGM
 .progmem.data.digital_pin_to_port_PGM
                0x000002e0       0x46 C:\Users\Anthony\Documents\Atmel Studio\7.0\LiquidMenuInterrupt\LiquidMenu\ArduinoCore\Debug\libArduinoCore.a(wiring_digital.o)
                0x000002e0                digital_pin_to_port_PGM
 .progmem.data.port_to_output_PGM
                0x00000326       0x1a C:\Users\Anthony\Documents\Atmel Studio\7.0\LiquidMenuInterrupt\LiquidMenu\ArduinoCore\Debug\libArduinoCore.a(wiring_digital.o)
                0x00000326                port_to_output_PGM
 .progmem.data.port_to_mode_PGM
                0x00000340       0x1a C:\Users\Anthony\Documents\Atmel Studio\7.0\LiquidMenuInterrupt\LiquidMenu\ArduinoCore\Debug\libArduinoCore.a(wiring_digital.o)
                0x00000340                port_to_mode_PGM
                0x0000035a                . = ALIGN (0x2)
 *(.jumptables)
 *(.jumptables*)
 *(.lowtext)
 *(.lowtext*)
                0x0000035a                __ctors_start = .
 *(.ctors)
 .ctors         0x0000035a        0x2 MAX31856.o
 .ctors         0x0000035c        0x2 menu.o
 .ctors         0x0000035e        0x2 Sketch.o
 .ctors         0x00000360        0x2 src/libraries/Wire/src/Wire.o
                0x00000362                __ctors_end = .
                0x00000362                __dtors_start = .
 *(.dtors)
 .dtors         0x00000362        0x2 Sketch.o
                0x00000364                __dtors_end = .
 SORT(*)(.ctors)
 SORT(*)(.dtors)
 *(.init0)
 .init0         0x00000364        0x0 C:/Program Files (x86)/Atmel/Studio/7.0/Packs/atmel/ATmega_DFP/1.2.209/gcc/dev/atmega2560/avr6/crtatmega2560.o
                0x00000364                __init
 *(.init0)
 *(.init1)
 *(.init1)
 *(.init2)
 .init2         0x00000364       0x10 C:/Program Files (x86)/Atmel/Studio/7.0/Packs/atmel/ATmega_DFP/1.2.209/gcc/dev/atmega2560/avr6/crtatmega2560.o
 *(.init2)
 *(.init3)
 *(.init3)
 *(.init4)
 .init4         0x00000374       0x1a c:/program files (x86)/atmel/studio/7.0/toolchain/avr8/avr8-gnu-toolchain/bin/../lib/gcc/avr/5.4.0/avr6\libgcc.a(_copy_data.o)
                0x00000374                __do_copy_data
 .init4         0x0000038e       0x10 c:/program files (x86)/atmel/studio/7.0/toolchain/avr8/avr8-gnu-toolchain/bin/../lib/gcc/avr/5.4.0/avr6\libgcc.a(_clear_bss.o)
                0x0000038e                __do_clear_bss
 *(.init4)
 *(.init5)
 *(.init5)
 *(.init6)
 .init6         0x0000039e       0x20 c:/program files (x86)/atmel/studio/7.0/toolchain/avr8/avr8-gnu-toolchain/bin/../lib/gcc/avr/5.4.0/avr6\libgcc.a(_ctors.o)
                0x0000039e                __do_global_ctors
 *(.init6)
 *(.init7)
 *(.init7)
 *(.init8)
 *(.init8)
 *(.init9)
 .init9         0x000003be        0x8 C:/Program Files (x86)/Atmel/Studio/7.0/Packs/atmel/ATmega_DFP/1.2.209/gcc/dev/atmega2560/avr6/crtatmega2560.o
 *(.init9)
 *(.text)
 .text          0x000003c6        0x2 C:/Program Files (x86)/Atmel/Studio/7.0/Packs/atmel/ATmega_DFP/1.2.209/gcc/dev/atmega2560/avr6/crtatmega2560.o
                0x000003c6                __vector_38
                0x000003c6                __vector_22
                0x000003c6                __vector_28
                0x000003c6                __vector_1
                0x000003c6                __vector_32
                0x000003c6                __vector_34
                0x000003c6                __vector_24
                0x000003c6                __vector_12
                0x000003c6                __vector_55
                0x000003c6                __vector_46
                0x000003c6                __bad_interrupt
                0x000003c6                __vector_31
                0x000003c6                __vector_35
                0x000003c6                __vector_30
                0x000003c6                __vector_45
                0x000003c6                __vector_25
                0x000003c6                __vector_11
                0x000003c6                __vector_54
                0x000003c6                __vector_13
                0x000003c6                __vector_17
                0x000003c6                __vector_19
                0x000003c6                __vector_56
                0x000003c6                __vector_49
                0x000003c6                __vector_41
                0x000003c6                __vector_43
                0x000003c6                __vector_27
                0x000003c6                __vector_33
                0x000003c6                __vector_47
                0x000003c6                __vector_52
                0x000003c6                __vector_37
                0x000003c6                __vector_4
                0x000003c6                __vector_44
                0x000003c6                __vector_51
                0x000003c6                __vector_9
                0x000003c6                __vector_2
                0x000003c6                __vector_21
                0x000003c6                __vector_15
                0x000003c6                __vector_36
                0x000003c6                __vector_29
                0x000003c6                __vector_40
                0x000003c6                __vector_26
                0x000003c6                __vector_48
                0x000003c6                __vector_14
                0x000003c6                __vector_53
                0x000003c6                __vector_10
                0x000003c6                __vector_50
                0x000003c6                __vector_16
                0x000003c6                __vector_18
                0x000003c6                __vector_20
                0x000003c6                __vector_42
                0x000003c8                . = ALIGN (0x2)
 *(.text.*)
 .text._ZN11SPISettingsC2Emhh
                0x000003c8       0x4a ADS1241.o
                0x000003c8                _ZN11SPISettingsC1Emhh
                0x000003c8                _ZN11SPISettingsC2Emhh
 .text._ZN8SPIClass16beginTransactionE11SPISettings
                0x00000412       0x34 ADS1241.o
                0x00000412                _ZN8SPIClass16beginTransactionE11SPISettings
 .text._ZN8SPIClass8transferEh
                0x00000446        0xe ADS1241.o
                0x00000446                _ZN8SPIClass8transferEh
 .text._ZN8SPIClass14endTransactionEv
                0x00000454       0x22 ADS1241.o
                0x00000454                _ZN8SPIClass14endTransactionEv
 .text._ZN7ADS1241C2Ev
                0x00000476        0x2 ADS1241.o
                0x00000476                _ZN7ADS1241C2Ev
                0x00000476                _ZN7ADS1241C1Ev
 .text._ZN7ADS1241D2Ev
                0x00000478        0x2 ADS1241.o
                0x00000478                _ZN7ADS1241D2Ev
                0x00000478                _ZN7ADS1241D1Ev
 .text._ZN7ADS12415writeEhh
                0x0000047a       0x62 ADS1241.o
                0x0000047a                _ZN7ADS12415writeEhh
 .text._ZN7ADS12414readEh
                0x000004dc       0x6c ADS1241.o
                0x000004dc                _ZN7ADS12414readEh
 .text._ZN7ADS124110read24bitsEh
                0x00000548       0x96 ADS1241.o
                0x00000548                _ZN7ADS124110read24bitsEh
 .text._ZN7ADS124113selectChannelEh
                0x000005de        0xc ADS1241.o
                0x000005de                _ZN7ADS124113selectChannelEh
 .text._ZN7ADS124110getVoltageEh
                0x000005ea       0x92 ADS1241.o
                0x000005ea                _ZN7ADS124110getVoltageEh
 .text._ZN7ADS12419setupBOCSEb
                0x0000067c       0x26 ADS1241.o
                0x0000067c                _ZN7ADS12419setupBOCSEb
 .text._ZN7ADS12418setupBUFEb
                0x000006a2       0x2e ADS1241.o
                0x000006a2                _ZN7ADS12418setupBUFEb
 .text._ZN7ADS12415rangeEb
                0x000006d0       0x26 ADS1241.o
                0x000006d0                _ZN7ADS12415rangeEb
 .text._ZN7ADS124113calibrateGainEv
                0x000006f6       0x42 ADS1241.o
                0x000006f6                _ZN7ADS124113calibrateGainEv
 .text._ZN7ADS124115calibrateOffsetEv
                0x00000738       0x42 ADS1241.o
                0x00000738                _ZN7ADS124115calibrateOffsetEv
 .text._ZN7ADS12416SPIPolEb
                0x0000077a        0xe ADS1241.o
                0x0000077a                _ZN7ADS12416SPIPolEb
 .text._ZN7ADS124113setDataFormatEb
                0x00000788       0x26 ADS1241.o
                0x00000788                _ZN7ADS124113setDataFormatEb
 .text._ZN7ADS12415beginEbb
                0x000007ae       0x40 ADS1241.o
                0x000007ae                _ZN7ADS12415beginEbb
 .text.startup._GLOBAL__sub_I__ZN8MAX31856C2Ea
                0x000007ee        0xc MAX31856.o
 .text._Z14gotoMainScreenv
                0x000007fa       0x16 menu.o
                0x000007fa                _Z14gotoMainScreenv
 .text._Z27gotoCalibrationOffsetScreenv
                0x00000810       0x16 menu.o
                0x00000810                _Z27gotoCalibrationOffsetScreenv
 .text._Z25gotoCalibrationGainScreenv
                0x00000826       0x16 menu.o
                0x00000826                _Z25gotoCalibrationGainScreenv
 .text._Z22gotoConfigureAdcScreenv
                0x0000083c       0x16 menu.o
                0x0000083c                _Z22gotoConfigureAdcScreenv
 .text._Z22gotoLiveReadingsScreenv
                0x00000852       0x16 menu.o
                0x00000852                _Z22gotoLiveReadingsScreenv
 .text._Z25gotoCalibrationDoneScreenv
                0x00000868       0x16 menu.o
                0x00000868                _Z25gotoCalibrationDoneScreenv
 .text._Z13gotoINAScreenv
                0x0000087e       0x16 menu.o
                0x0000087e                _Z13gotoINAScreenv
 .text._ZN10LiquidLineC2Ehh
                0x00000894       0x4c menu.o
                0x00000894                _ZN10LiquidLineC1Ehh
                0x00000894                _ZN10LiquidLineC2Ehh
 .text._Z12putInProgmemv
                0x000008e0      0x10e menu.o
                0x000008e0                _Z12putInProgmemv
 .text._Z15enableScrollingv
                0x000009ee       0x4e menu.o
                0x000009ee                _Z15enableScrollingv
 .text._Z20attachFunctionToLinev
                0x00000a3c      0x16c menu.o
                0x00000a3c                _Z20attachFunctionToLinev
 .text._ZN10LiquidLineC2IKhEEhhRT_
                0x00000ba8       0x52 menu.o
                0x00000ba8                _ZN10LiquidLineC1IKhEEhhRT_
                0x00000ba8                _ZN10LiquidLineC2IKhEEhhRT_
 .text._ZN10LiquidLine12add_variableIA6_KcEEbRT_
                0x00000bfa       0x54 menu.o
                0x00000bfa                _ZN10LiquidLine12add_variableIA6_KcEEbRT_
 .text._ZN10LiquidLineC2IA6_KcEEhhRT_
                0x00000c4e       0x1c menu.o
                0x00000c4e                _ZN10LiquidLineC1IA6_KcEEhhRT_
                0x00000c4e                _ZN10LiquidLineC2IA6_KcEEhhRT_
 .text._ZN10LiquidLineC2IA5_KcfEEhhRT_RT0_
                0x00000c6a       0x58 menu.o
                0x00000c6a                _ZN10LiquidLineC2IA5_KcfEEhhRT_RT0_
                0x00000c6a                _ZN10LiquidLineC1IA5_KcfEEhhRT_RT0_
 .text._ZN10LiquidLineC2IA9_KcmA3_S1_EEhhRT_RT0_RT1_
                0x00000cc2       0x64 menu.o
                0x00000cc2                _ZN10LiquidLineC1IA9_KcmA3_S1_EEhhRT_RT0_RT1_
                0x00000cc2                _ZN10LiquidLineC2IA9_KcmA3_S1_EEhhRT_RT0_RT1_
 .text.startup._GLOBAL__sub_I_welcome_line0
                0x00000d26      0x32a menu.o
 .text._Z6setMuxh
                0x00001050       0xbc utility.o
                0x00001050                _Z6setMuxh
 .text._Z15enableIntButtonv
                0x0000110c       0x2c utility.o
                0x0000110c                _Z15enableIntButtonv
 .text._Z12buttonsCheckv
                0x00001138       0x58 utility.o
                0x00001138                _Z12buttonsCheckv
 .text._Z13emptyfunctionv
                0x00001190        0x2 utility.o
                0x00001190                _Z13emptyfunctionv
 .text._Z18calibrateOffsetADCv
                0x00001192        0x6 utility.o
                0x00001192                _Z18calibrateOffsetADCv
 .text._Z16calibrateGainADCv
                0x00001198        0x6 utility.o
                0x00001198                _Z16calibrateGainADCv
 .text.__vector_3
                0x0000119e       0x1e Sketch.o
                0x0000119e                __vector_3
 .text.__vector_5
                0x000011bc       0x1e Sketch.o
                0x000011bc                __vector_5
 .text.__vector_6
                0x000011da       0x1e Sketch.o
                0x000011da                __vector_6
 .text.__vector_7
                0x000011f8       0x1e Sketch.o
                0x000011f8                __vector_7
 .text.__vector_8
                0x00001216       0x1e Sketch.o
                0x00001216                __vector_8
 .text.setup    0x00001234      0x228 Sketch.o
                0x00001234                setup
 .text.loop     0x0000145c        0x2 Sketch.o
                0x0000145c                loop
 .text.startup._GLOBAL__sub_I_updatePeriod
                0x0000145e       0x70 Sketch.o
 .text.exit._GLOBAL__sub_D_updatePeriod
                0x000014ce        0xe Sketch.o
 .text._ZN6inaDetC2E9inaEEPROM
                0x000014dc      0x242 src/libraries/INA-master/src/INA.o
                0x000014dc                _ZN6inaDetC1E9inaEEPROM
                0x000014dc                _ZN6inaDetC2E9inaEEPROM
 .text._ZN9INA_ClassC2Ev
                0x0000171e        0xa src/libraries/INA-master/src/INA.o
                0x0000171e                _ZN9INA_ClassC2Ev
                0x0000171e                _ZN9INA_ClassC1Ev
 .text._ZN9INA_ClassD2Ev
                0x00001728        0x2 src/libraries/INA-master/src/INA.o
                0x00001728                _ZN9INA_ClassD2Ev
                0x00001728                _ZN9INA_ClassD1Ev
 .text._ZN9INA_Class17readInafromEEPROMEh
                0x0000172a       0xb4 src/libraries/INA-master/src/INA.o
                0x0000172a                _ZN9INA_Class17readInafromEEPROMEh
 .text._ZN9INA_Class16writeInatoEEPROMEh
                0x000017de       0x66 src/libraries/INA-master/src/INA.o
                0x000017de                _ZN9INA_Class16writeInatoEEPROMEh
 .text._ZN9INA_Class11setI2CSpeedEm
                0x00001844        0x8 src/libraries/INA-master/src/INA.o
                0x00001844                _ZN9INA_Class11setI2CSpeedEm
 .text._ZN9INA_Class9writeWordEhjh
                0x0000184c       0x48 src/libraries/INA-master/src/INA.o
                0x0000184c                _ZN9INA_Class9writeWordEhjh
 .text._ZN9INA_Class10initDeviceEh
                0x00001894      0x23c src/libraries/INA-master/src/INA.o
                0x00001894                _ZN9INA_Class10initDeviceEh
 .text._ZN9INA_Class8readWordEhh
                0x00001ad0       0x54 src/libraries/INA-master/src/INA.o
                0x00001ad0                _ZN9INA_Class8readWordEhh
 .text._ZN9INA_Class5beginEhmh
                0x00001b24      0x254 src/libraries/INA-master/src/INA.o
                0x00001b24                _ZN9INA_Class5beginEhmh
 .text._ZN9INA_Class16setBusConversionEmh
                0x00001d78      0x218 src/libraries/INA-master/src/INA.o
                0x00001d78                _ZN9INA_Class16setBusConversionEmh
 .text._ZN9INA_Class18setShuntConversionEmh
                0x00001f90      0x204 src/libraries/INA-master/src/INA.o
                0x00001f90                _ZN9INA_Class18setShuntConversionEmh
 .text._ZN9INA_Class9getBusRawEh
                0x00002194       0x64 src/libraries/INA-master/src/INA.o
                0x00002194                _ZN9INA_Class9getBusRawEh
 .text._ZN9INA_Class16getBusMilliVoltsEh
                0x000021f8       0x26 src/libraries/INA-master/src/INA.o
                0x000021f8                _ZN9INA_Class16getBusMilliVoltsEh
 .text._ZN9INA_Class18getShuntMicroVoltsEh
                0x0000221e       0x7a src/libraries/INA-master/src/INA.o
                0x0000221e                _ZN9INA_Class18getShuntMicroVoltsEh
 .text._ZN9INA_Class15getBusMicroAmpsEh
                0x00002298      0x128 src/libraries/INA-master/src/INA.o
                0x00002298                _ZN9INA_Class15getBusMicroAmpsEh
 .text._ZN9INA_Class11getShuntRawEh
                0x000023c0       0x84 src/libraries/INA-master/src/INA.o
                0x000023c0                _ZN9INA_Class11getShuntRawEh
 .text._ZN9INA_Class7setModeEhh
                0x00002444       0x7c src/libraries/INA-master/src/INA.o
                0x00002444                _ZN9INA_Class7setModeEhh
 .text._ZN9INA_Class12setAveragingEjh
                0x000024c0      0x14c src/libraries/INA-master/src/INA.o
                0x000024c0                _ZN9INA_Class12setAveragingEjh
 .text.twi_init
                0x0000260c       0x38 src/libraries/Wire/src/utility/twi.o
                0x0000260c                twi_init
 .text.twi_setFrequency
                0x00002644       0x28 src/libraries/Wire/src/utility/twi.o
                0x00002644                twi_setFrequency
 .text.twi_readFrom
                0x0000266c       0x90 src/libraries/Wire/src/utility/twi.o
                0x0000266c                twi_readFrom
 .text.twi_writeTo
                0x000026fc       0xac src/libraries/Wire/src/utility/twi.o
                0x000026fc                twi_writeTo
 .text.twi_transmit
                0x000027a8       0x50 src/libraries/Wire/src/utility/twi.o
                0x000027a8                twi_transmit
 .text.twi_attachSlaveRxEvent
                0x000027f8        0xa src/libraries/Wire/src/utility/twi.o
                0x000027f8                twi_attachSlaveRxEvent
 .text.twi_attachSlaveTxEvent
                0x00002802        0xa src/libraries/Wire/src/utility/twi.o
                0x00002802                twi_attachSlaveTxEvent
 .text.twi_stop
                0x0000280c       0x14 src/libraries/Wire/src/utility/twi.o
                0x0000280c                twi_stop
 .text.twi_releaseBus
                0x00002820        0xc src/libraries/Wire/src/utility/twi.o
                0x00002820                twi_releaseBus
 .text.__vector_39
                0x0000282c      0x25c src/libraries/Wire/src/utility/twi.o
                0x0000282c                __vector_39
 .text._ZN5Print17availableForWriteEv
                0x00002a88        0x6 src/libraries/Wire/src/Wire.o
                0x00002a88                _ZN5Print17availableForWriteEv
 .text._ZN5Print5flushEv
                0x00002a8e        0x2 src/libraries/Wire/src/Wire.o
                0x00002a8e                _ZN5Print5flushEv
 .text._ZN7TwoWire9availableEv
                0x00002a90       0x10 src/libraries/Wire/src/Wire.o
                0x00002a90                _ZN7TwoWire9availableEv
 .text._ZN7TwoWire4readEv
                0x00002aa0       0x28 src/libraries/Wire/src/Wire.o
                0x00002aa0                _ZN7TwoWire4readEv
 .text._ZN7TwoWire4peekEv
                0x00002ac8       0x1e src/libraries/Wire/src/Wire.o
                0x00002ac8                _ZN7TwoWire4peekEv
 .text._ZN7TwoWire5flushEv
                0x00002ae6        0x2 src/libraries/Wire/src/Wire.o
                0x00002ae6                _ZN7TwoWire5flushEv
 .text._ZN7TwoWire16onReceiveServiceEPhi
                0x00002ae8       0x54 src/libraries/Wire/src/Wire.o
                0x00002ae8                _ZN7TwoWire16onReceiveServiceEPhi
 .text._ZN7TwoWire16onRequestServiceEv
                0x00002b3c       0x18 src/libraries/Wire/src/Wire.o
                0x00002b3c                _ZN7TwoWire16onRequestServiceEv
 .text._ZN7TwoWire5writeEPKhj
                0x00002b54       0x58 src/libraries/Wire/src/Wire.o
                0x00002b54                _ZN7TwoWire5writeEPKhj
 .text._ZN7TwoWire5writeEh
                0x00002bac       0x5c src/libraries/Wire/src/Wire.o
                0x00002bac                _ZN7TwoWire5writeEh
 .text._ZN7TwoWireC2Ev
                0x00002c08       0x20 src/libraries/Wire/src/Wire.o
                0x00002c08                _ZN7TwoWireC1Ev
                0x00002c08                _ZN7TwoWireC2Ev
 .text._ZN7TwoWire5beginEv
                0x00002c28       0x1e src/libraries/Wire/src/Wire.o
                0x00002c28                _ZN7TwoWire5beginEv
 .text._ZN7TwoWire8setClockEm
                0x00002c46        0x6 src/libraries/Wire/src/Wire.o
                0x00002c46                _ZN7TwoWire8setClockEm
 .text._ZN7TwoWire17beginTransmissionEh
                0x00002c4c       0x14 src/libraries/Wire/src/Wire.o
                0x00002c4c                _ZN7TwoWire17beginTransmissionEh
 .text._ZN7TwoWire15endTransmissionEh
                0x00002c60       0x24 src/libraries/Wire/src/Wire.o
                0x00002c60                _ZN7TwoWire15endTransmissionEh
 .text._ZN7TwoWire11requestFromEhhmhh
                0x00002c84       0xa2 src/libraries/Wire/src/Wire.o
                0x00002c84                _ZN7TwoWire11requestFromEhhmhh
 .text._ZN7TwoWire11requestFromEhhh
                0x00002d26       0x1e src/libraries/Wire/src/Wire.o
                0x00002d26                _ZN7TwoWire11requestFromEhhh
 .text._ZN7TwoWire11requestFromEhh
                0x00002d44        0x4 src/libraries/Wire/src/Wire.o
                0x00002d44                _ZN7TwoWire11requestFromEhh
 .text._ZN7TwoWire15endTransmissionEv
                0x00002d48        0x4 src/libraries/Wire/src/Wire.o
                0x00002d48                _ZN7TwoWire15endTransmissionEv
 .text.startup._GLOBAL__sub_I__ZN7TwoWire8rxBufferE
                0x00002d4c        0x6 src/libraries/Wire/src/Wire.o
 .text.avr-libc.fplib
                0x00002d52        0xa c:/program files (x86)/atmel/studio/7.0/toolchain/avr8/avr8-gnu-toolchain/bin/../lib/gcc/avr/5.4.0/../../../../avr/lib/avr6\libm.a(addsf3.o)
                0x00002d52                __subsf3
                0x00002d54                __addsf3
 .text.avr-libc.fplib
                0x00002d5c       0xc0 c:/program files (x86)/atmel/studio/7.0/toolchain/avr8/avr8-gnu-toolchain/bin/../lib/gcc/avr/5.4.0/../../../../avr/lib/avr6\libm.a(addsf3x.o)
                0x00002d76                __addsf3x
 .text.avr-libc.fplib
                0x00002e1c        0x4 c:/program files (x86)/atmel/studio/7.0/toolchain/avr8/avr8-gnu-toolchain/bin/../lib/gcc/avr/5.4.0/../../../../avr/lib/avr6\libm.a(divsf3.o)
                0x00002e1c                __divsf3
 .text.avr-libc.fplib
                0x00002e20       0xcc c:/program files (x86)/atmel/studio/7.0/toolchain/avr8/avr8-gnu-toolchain/bin/../lib/gcc/avr/5.4.0/../../../../avr/lib/avr6\libm.a(divsf3x.o)
                0x00002e36                __divsf3x
                0x00002e3a                __divsf3_pse
 .text.avr-libc.fplib
                0x00002eec       0x58 c:/program files (x86)/atmel/studio/7.0/toolchain/avr8/avr8-gnu-toolchain/bin/../lib/gcc/avr/5.4.0/../../../../avr/lib/avr6\libm.a(fixunssfsi.o)
                0x00002eec                __fixunssfsi
 .text.avr-libc.fplib
                0x00002f44       0x7a c:/program files (x86)/atmel/studio/7.0/toolchain/avr8/avr8-gnu-toolchain/bin/../lib/gcc/avr/5.4.0/../../../../avr/lib/avr6\libm.a(floatsisf.o)
                0x00002f44                __floatunsisf
                0x00002f48                __floatsisf
 .text.avr-libc.fplib
                0x00002fbe        0xc c:/program files (x86)/atmel/studio/7.0/toolchain/avr8/avr8-gnu-toolchain/bin/../lib/gcc/avr/5.4.0/../../../../avr/lib/avr6\libm.a(fp_inf.o)
                0x00002fbe                __fp_inf
 .text.avr-libc.fplib
                0x00002fca        0x6 c:/program files (x86)/atmel/studio/7.0/toolchain/avr8/avr8-gnu-toolchain/bin/../lib/gcc/avr/5.4.0/../../../../avr/lib/avr6\libm.a(fp_nan.o)
                0x00002fca                __fp_nan
 .text.avr-libc.fplib
                0x00002fd0        0xe c:/program files (x86)/atmel/studio/7.0/toolchain/avr8/avr8-gnu-toolchain/bin/../lib/gcc/avr/5.4.0/../../../../avr/lib/avr6\libm.a(fp_pscA.o)
                0x00002fd0                __fp_pscA
 .text.avr-libc.fplib
                0x00002fde        0xe c:/program files (x86)/atmel/studio/7.0/toolchain/avr8/avr8-gnu-toolchain/bin/../lib/gcc/avr/5.4.0/../../../../avr/lib/avr6\libm.a(fp_pscB.o)
                0x00002fde                __fp_pscB
 .text.avr-libc.fplib
                0x00002fec       0x22 c:/program files (x86)/atmel/studio/7.0/toolchain/avr8/avr8-gnu-toolchain/bin/../lib/gcc/avr/5.4.0/../../../../avr/lib/avr6\libm.a(fp_round.o)
                0x00002fec                __fp_round
 .text.avr-libc.fplib
                0x0000300e       0x44 c:/program files (x86)/atmel/studio/7.0/toolchain/avr8/avr8-gnu-toolchain/bin/../lib/gcc/avr/5.4.0/../../../../avr/lib/avr6\libm.a(fp_split3.o)
                0x0000300e                __fp_split3
                0x0000301e                __fp_splitA
 .text.avr-libc.fplib
                0x00003052        0xe c:/program files (x86)/atmel/studio/7.0/toolchain/avr8/avr8-gnu-toolchain/bin/../lib/gcc/avr/5.4.0/../../../../avr/lib/avr6\libm.a(fp_zero.o)
                0x00003052                __fp_zero
                0x00003054                __fp_szero
 .text.avr-libc.fplib
                0x00003060        0x4 c:/program files (x86)/atmel/studio/7.0/toolchain/avr8/avr8-gnu-toolchain/bin/../lib/gcc/avr/5.4.0/../../../../avr/lib/avr6\libm.a(mulsf3.o)
                0x00003060                __mulsf3
 .text.avr-libc.fplib
                0x00003064       0xc2 c:/program files (x86)/atmel/studio/7.0/toolchain/avr8/avr8-gnu-toolchain/bin/../lib/gcc/avr/5.4.0/../../../../avr/lib/avr6\libm.a(mulsf3x.o)
                0x00003078                __mulsf3x
                0x0000307c                __mulsf3_pse
 .text.initVariant
                0x00003126        0x2 C:\Users\Anthony\Documents\Atmel Studio\7.0\LiquidMenuInterrupt\LiquidMenu\ArduinoCore\Debug\libArduinoCore.a(main.o)
                0x00003126                initVariant
 .text.startup.main
                0x00003128       0x1a C:\Users\Anthony\Documents\Atmel Studio\7.0\LiquidMenuInterrupt\LiquidMenu\ArduinoCore\Debug\libArduinoCore.a(main.o)
                0x00003128                main
 .text.__vector_23
                0x00003142       0x94 C:\Users\Anthony\Documents\Atmel Studio\7.0\LiquidMenuInterrupt\LiquidMenu\ArduinoCore\Debug\libArduinoCore.a(wiring.o)
                0x00003142                __vector_23
 .text.millis   0x000031d6       0x18 C:\Users\Anthony\Documents\Atmel Studio\7.0\LiquidMenuInterrupt\LiquidMenu\ArduinoCore\Debug\libArduinoCore.a(wiring.o)
                0x000031d6                millis
 .text.micros   0x000031ee       0x4a C:\Users\Anthony\Documents\Atmel Studio\7.0\LiquidMenuInterrupt\LiquidMenu\ArduinoCore\Debug\libArduinoCore.a(wiring.o)
                0x000031ee                micros
 .text.delay    0x00003238       0x72 C:\Users\Anthony\Documents\Atmel Studio\7.0\LiquidMenuInterrupt\LiquidMenu\ArduinoCore\Debug\libArduinoCore.a(wiring.o)
                0x00003238                delay
 .text.delayMicroseconds
                0x000032aa       0x16 C:\Users\Anthony\Documents\Atmel Studio\7.0\LiquidMenuInterrupt\LiquidMenu\ArduinoCore\Debug\libArduinoCore.a(wiring.o)
                0x000032aa                delayMicroseconds
 .text.init     0x000032c0       0xc4 C:\Users\Anthony\Documents\Atmel Studio\7.0\LiquidMenuInterrupt\LiquidMenu\ArduinoCore\Debug\libArduinoCore.a(wiring.o)
                0x000032c0                init
 .text.turnOffPWM
                0x00003384       0xac C:\Users\Anthony\Documents\Atmel Studio\7.0\LiquidMenuInterrupt\LiquidMenu\ArduinoCore\Debug\libArduinoCore.a(wiring_digital.o)
 .text.pinMode  0x00003430       0x78 C:\Users\Anthony\Documents\Atmel Studio\7.0\LiquidMenuInterrupt\LiquidMenu\ArduinoCore\Debug\libArduinoCore.a(wiring_digital.o)
                0x00003430                pinMode
 .text.digitalWrite
                0x000034a8       0x5c C:\Users\Anthony\Documents\Atmel Studio\7.0\LiquidMenuInterrupt\LiquidMenu\ArduinoCore\Debug\libArduinoCore.a(wiring_digital.o)
                0x000034a8                digitalWrite
 .text._ZN13LiquidCrystal11pulseEnableEv
                0x00003504       0x2e C:\Users\Anthony\Documents\Atmel Studio\7.0\LiquidMenuInterrupt\LiquidMenu\ArduinoCore\Debug\libArduinoCore.a(LiquidCrystal.o)
                0x00003504                _ZN13LiquidCrystal11pulseEnableEv
 .text._ZN13LiquidCrystal10write4bitsEh
                0x00003532       0x56 C:\Users\Anthony\Documents\Atmel Studio\7.0\LiquidMenuInterrupt\LiquidMenu\ArduinoCore\Debug\libArduinoCore.a(LiquidCrystal.o)
                0x00003532                _ZN13LiquidCrystal10write4bitsEh
 .text._ZN13LiquidCrystal10write8bitsEh
                0x00003588       0x56 C:\Users\Anthony\Documents\Atmel Studio\7.0\LiquidMenuInterrupt\LiquidMenu\ArduinoCore\Debug\libArduinoCore.a(LiquidCrystal.o)
                0x00003588                _ZN13LiquidCrystal10write8bitsEh
 .text._ZN13LiquidCrystal4sendEhh
                0x000035de       0x48 C:\Users\Anthony\Documents\Atmel Studio\7.0\LiquidMenuInterrupt\LiquidMenu\ArduinoCore\Debug\libArduinoCore.a(LiquidCrystal.o)
                0x000035de                _ZN13LiquidCrystal4sendEhh
 .text._ZN13LiquidCrystal7commandEh
                0x00003626        0x4 C:\Users\Anthony\Documents\Atmel Studio\7.0\LiquidMenuInterrupt\LiquidMenu\ArduinoCore\Debug\libArduinoCore.a(LiquidCrystal.o)
                0x00003626                _ZN13LiquidCrystal7commandEh
 .text._ZN13LiquidCrystal5clearEv
                0x0000362a        0xa C:\Users\Anthony\Documents\Atmel Studio\7.0\LiquidMenuInterrupt\LiquidMenu\ArduinoCore\Debug\libArduinoCore.a(LiquidCrystal.o)
                0x0000362a                _ZN13LiquidCrystal5clearEv
 .text._ZN13LiquidCrystal9setCursorEhh
                0x00003634       0x24 C:\Users\Anthony\Documents\Atmel Studio\7.0\LiquidMenuInterrupt\LiquidMenu\ArduinoCore\Debug\libArduinoCore.a(LiquidCrystal.o)
                0x00003634                _ZN13LiquidCrystal9setCursorEhh
 .text._ZN13LiquidCrystal7displayEv
                0x00003658        0xe C:\Users\Anthony\Documents\Atmel Studio\7.0\LiquidMenuInterrupt\LiquidMenu\ArduinoCore\Debug\libArduinoCore.a(LiquidCrystal.o)
                0x00003658                _ZN13LiquidCrystal7displayEv
 .text._ZN13LiquidCrystal5beginEhhh
                0x00003666      0x11a C:\Users\Anthony\Documents\Atmel Studio\7.0\LiquidMenuInterrupt\LiquidMenu\ArduinoCore\Debug\libArduinoCore.a(LiquidCrystal.o)
                0x00003666                _ZN13LiquidCrystal5beginEhhh
 .text._ZN13LiquidCrystalC2Ehhhhhhhhhhh
                0x00003780       0x58 C:\Users\Anthony\Documents\Atmel Studio\7.0\LiquidMenuInterrupt\LiquidMenu\ArduinoCore\Debug\libArduinoCore.a(LiquidCrystal.o)
                0x00003780                _ZN13LiquidCrystalC2Ehhhhhhhhhhh
                0x00003780                _ZN13LiquidCrystalC1Ehhhhhhhhhhh
 .text._ZN13LiquidCrystal10createCharEhPh
                0x000037d8       0x4e C:\Users\Anthony\Documents\Atmel Studio\7.0\LiquidMenuInterrupt\LiquidMenu\ArduinoCore\Debug\libArduinoCore.a(LiquidCrystal.o)
                0x000037d8                _ZN13LiquidCrystal10createCharEhPh
 .text._ZN13LiquidCrystal5writeEh
                0x00003826        0xa C:\Users\Anthony\Documents\Atmel Studio\7.0\LiquidMenuInterrupt\LiquidMenu\ArduinoCore\Debug\libArduinoCore.a(LiquidCrystal.o)
                0x00003826                _ZN13LiquidCrystal5writeEh
 .text._Z8print_mej
                0x00003830        0x2 C:\Users\Anthony\Documents\Atmel Studio\7.0\LiquidMenuInterrupt\LiquidMenu\ArduinoCore\Debug\libArduinoCore.a(LiquidLine.o)
                0x00003830                _Z8print_mej
 .text._ZN10LiquidLine15attach_functionEhPFvvE
                0x00003832       0x20 C:\Users\Anthony\Documents\Atmel Studio\7.0\LiquidMenuInterrupt\LiquidMenu\ArduinoCore\Debug\libArduinoCore.a(LiquidLine.o)
                0x00003832                _ZN10LiquidLine15attach_functionEhPFvvE
 .text._ZN10LiquidLine17set_focusPositionE8Positionhh
                0x00003852       0x14 C:\Users\Anthony\Documents\Atmel Studio\7.0\LiquidMenuInterrupt\LiquidMenu\ArduinoCore\Debug\libArduinoCore.a(LiquidLine.o)
                0x00003852                _ZN10LiquidLine17set_focusPositionE8Positionhh
 .text._ZN10LiquidLine13set_asProgmemEh
                0x00003866       0x1e C:\Users\Anthony\Documents\Atmel Studio\7.0\LiquidMenuInterrupt\LiquidMenu\ArduinoCore\Debug\libArduinoCore.a(LiquidLine.o)
                0x00003866                _ZN10LiquidLine13set_asProgmemEh
 .text._ZN10LiquidLine14print_variableEP13LiquidCrystalh
                0x00003884      0x3c8 C:\Users\Anthony\Documents\Atmel Studio\7.0\LiquidMenuInterrupt\LiquidMenu\ArduinoCore\Debug\libArduinoCore.a(LiquidLine.o)
                0x00003884                _ZN10LiquidLine14print_variableEP13LiquidCrystalh
 .text._ZN10LiquidLine5printEP13LiquidCrystalb
                0x00003c4c       0xa8 C:\Users\Anthony\Documents\Atmel Studio\7.0\LiquidMenuInterrupt\LiquidMenu\ArduinoCore\Debug\libArduinoCore.a(LiquidLine.o)
                0x00003c4c                _ZN10LiquidLine5printEP13LiquidCrystalb
 .text._ZNK10LiquidLine13call_functionEh
                0x00003cf4       0x20 C:\Users\Anthony\Documents\Atmel Studio\7.0\LiquidMenuInterrupt\LiquidMenu\ArduinoCore\Debug\libArduinoCore.a(LiquidLine.o)
                0x00003cf4                _ZNK10LiquidLine13call_functionEh
 .text._ZN10LiquidMenuC2ER13LiquidCrystalh
                0x00003d14        0xe C:\Users\Anthony\Documents\Atmel Studio\7.0\LiquidMenuInterrupt\LiquidMenu\ArduinoCore\Debug\libArduinoCore.a(LiquidMenu.o)
                0x00003d14                _ZN10LiquidMenuC1ER13LiquidCrystalh
                0x00003d14                _ZN10LiquidMenuC2ER13LiquidCrystalh
 .text._ZN10LiquidMenu10add_screenER12LiquidScreen
                0x00003d22       0x36 C:\Users\Anthony\Documents\Atmel Studio\7.0\LiquidMenuInterrupt\LiquidMenu\ArduinoCore\Debug\libArduinoCore.a(LiquidMenu.o)
                0x00003d22                _ZN10LiquidMenu10add_screenER12LiquidScreen
 .text._ZNK10LiquidMenu17get_currentScreenEv
                0x00003d58       0x12 C:\Users\Anthony\Documents\Atmel Studio\7.0\LiquidMenuInterrupt\LiquidMenu\ArduinoCore\Debug\libArduinoCore.a(LiquidMenu.o)
                0x00003d58                _ZNK10LiquidMenu17get_currentScreenEv
 .text._ZN10LiquidMenu17set_focusPositionE8Position
                0x00003d6a       0x40 C:\Users\Anthony\Documents\Atmel Studio\7.0\LiquidMenuInterrupt\LiquidMenu\ArduinoCore\Debug\libArduinoCore.a(LiquidMenu.o)
                0x00003d6a                _ZN10LiquidMenu17set_focusPositionE8Position
 .text._ZN10LiquidMenu15set_focusSymbolE8PositionPh
                0x00003daa       0x26 C:\Users\Anthony\Documents\Atmel Studio\7.0\LiquidMenuInterrupt\LiquidMenu\ArduinoCore\Debug\libArduinoCore.a(LiquidMenu.o)
                0x00003daa                _ZN10LiquidMenu15set_focusSymbolE8PositionPh
 .text._ZNK10LiquidMenu10softUpdateEv
                0x00003dd0       0x16 C:\Users\Anthony\Documents\Atmel Studio\7.0\LiquidMenuInterrupt\LiquidMenu\ArduinoCore\Debug\libArduinoCore.a(LiquidMenu.o)
                0x00003dd0                _ZNK10LiquidMenu10softUpdateEv
 .text._ZNK10LiquidMenu6updateEv
                0x00003de6       0x14 C:\Users\Anthony\Documents\Atmel Studio\7.0\LiquidMenuInterrupt\LiquidMenu\ArduinoCore\Debug\libArduinoCore.a(LiquidMenu.o)
                0x00003de6                _ZNK10LiquidMenu6updateEv
 .text._ZN10LiquidMenu13change_screenER12LiquidScreen
                0x00003dfa       0x54 C:\Users\Anthony\Documents\Atmel Studio\7.0\LiquidMenuInterrupt\LiquidMenu\ArduinoCore\Debug\libArduinoCore.a(LiquidMenu.o)
                0x00003dfa                _ZN10LiquidMenu13change_screenER12LiquidScreen
 .text._ZN10LiquidMenu12switch_focusEb
                0x00003e4e       0x2e C:\Users\Anthony\Documents\Atmel Studio\7.0\LiquidMenuInterrupt\LiquidMenu\ArduinoCore\Debug\libArduinoCore.a(LiquidMenu.o)
                0x00003e4e                _ZN10LiquidMenu12switch_focusEb
 .text._ZNK10LiquidMenu13call_functionEh
                0x00003e7c       0x2a C:\Users\Anthony\Documents\Atmel Studio\7.0\LiquidMenuInterrupt\LiquidMenu\ArduinoCore\Debug\libArduinoCore.a(LiquidMenu.o)
                0x00003e7c                _ZNK10LiquidMenu13call_functionEh
 .text._ZN12LiquidScreen8add_lineER10LiquidLine
                0x00003ea6       0x3e C:\Users\Anthony\Documents\Atmel Studio\7.0\LiquidMenuInterrupt\LiquidMenu\ArduinoCore\Debug\libArduinoCore.a(LiquidScreen.o)
                0x00003ea6                _ZN12LiquidScreen8add_lineER10LiquidLine
 .text._ZN12LiquidScreenC2ER10LiquidLine
                0x00003ee4        0xa C:\Users\Anthony\Documents\Atmel Studio\7.0\LiquidMenuInterrupt\LiquidMenu\ArduinoCore\Debug\libArduinoCore.a(LiquidScreen.o)
                0x00003ee4                _ZN12LiquidScreenC2ER10LiquidLine
                0x00003ee4                _ZN12LiquidScreenC1ER10LiquidLine
 .text._ZN12LiquidScreenC2ER10LiquidLineS1_
                0x00003eee       0x1c C:\Users\Anthony\Documents\Atmel Studio\7.0\LiquidMenuInterrupt\LiquidMenu\ArduinoCore\Debug\libArduinoCore.a(LiquidScreen.o)
                0x00003eee                _ZN12LiquidScreenC2ER10LiquidLineS1_
                0x00003eee                _ZN12LiquidScreenC1ER10LiquidLineS1_
 .text._ZN12LiquidScreenC2ER10LiquidLineS1_S1_
                0x00003f0a       0x1c C:\Users\Anthony\Documents\Atmel Studio\7.0\LiquidMenuInterrupt\LiquidMenu\ArduinoCore\Debug\libArduinoCore.a(LiquidScreen.o)
                0x00003f0a                _ZN12LiquidScreenC2ER10LiquidLineS1_S1_
                0x00003f0a                _ZN12LiquidScreenC1ER10LiquidLineS1_S1_
 .text._ZN12LiquidScreenC2ER10LiquidLineS1_S1_S1_
                0x00003f26       0x1a C:\Users\Anthony\Documents\Atmel Studio\7.0\LiquidMenuInterrupt\LiquidMenu\ArduinoCore\Debug\libArduinoCore.a(LiquidScreen.o)
                0x00003f26                _ZN12LiquidScreenC2ER10LiquidLineS1_S1_S1_
                0x00003f26                _ZN12LiquidScreenC1ER10LiquidLineS1_S1_S1_
 .text._ZN12LiquidScreenC2ER10LiquidLineS1_S1_S1_S1_
                0x00003f40       0x22 C:\Users\Anthony\Documents\Atmel Studio\7.0\LiquidMenuInterrupt\LiquidMenu\ArduinoCore\Debug\libArduinoCore.a(LiquidScreen.o)
                0x00003f40                _ZN12LiquidScreenC2ER10LiquidLineS1_S1_S1_S1_
                0x00003f40                _ZN12LiquidScreenC1ER10LiquidLineS1_S1_S1_S1_
 .text._ZN12LiquidScreen17set_focusPositionE8Position
                0x00003f62       0x44 C:\Users\Anthony\Documents\Atmel Studio\7.0\LiquidMenuInterrupt\LiquidMenu\ArduinoCore\Debug\libArduinoCore.a(LiquidScreen.o)
                0x00003f62                _ZN12LiquidScreen17set_focusPositionE8Position
 .text._ZN12LiquidScreen20set_displayLineCountEh
                0x00003fa6        0x6 C:\Users\Anthony\Documents\Atmel Studio\7.0\LiquidMenuInterrupt\LiquidMenu\ArduinoCore\Debug\libArduinoCore.a(LiquidScreen.o)
                0x00003fa6                _ZN12LiquidScreen20set_displayLineCountEh
 .text._ZNK12LiquidScreen5printEP13LiquidCrystal
                0x00003fac       0xaa C:\Users\Anthony\Documents\Atmel Studio\7.0\LiquidMenuInterrupt\LiquidMenu\ArduinoCore\Debug\libArduinoCore.a(LiquidScreen.o)
                0x00003fac                _ZNK12LiquidScreen5printEP13LiquidCrystal
 .text._ZN12LiquidScreen12switch_focusEb
                0x00004056       0x54 C:\Users\Anthony\Documents\Atmel Studio\7.0\LiquidMenuInterrupt\LiquidMenu\ArduinoCore\Debug\libArduinoCore.a(LiquidScreen.o)
                0x00004056                _ZN12LiquidScreen12switch_focusEb
 .text._ZNK12LiquidScreen13call_functionEh
                0x000040aa       0x1c C:\Users\Anthony\Documents\Atmel Studio\7.0\LiquidMenuInterrupt\LiquidMenu\ArduinoCore\Debug\libArduinoCore.a(LiquidScreen.o)
                0x000040aa                _ZNK12LiquidScreen13call_functionEh
 .text._Z13recognizeTypePKc
                0x000040c6        0x4 C:\Users\Anthony\Documents\Atmel Studio\7.0\LiquidMenuInterrupt\LiquidMenu\ArduinoCore\Debug\libArduinoCore.a(recognizeType.o)
                0x000040c6                _Z13recognizeTypePKc
 .text._Z13recognizeTypeh
                0x000040ca        0x4 C:\Users\Anthony\Documents\Atmel Studio\7.0\LiquidMenuInterrupt\LiquidMenu\ArduinoCore\Debug\libArduinoCore.a(recognizeType.o)
                0x000040ca                _Z13recognizeTypeh
 .text._Z13recognizeTypem
                0x000040ce        0x4 C:\Users\Anthony\Documents\Atmel Studio\7.0\LiquidMenuInterrupt\LiquidMenu\ArduinoCore\Debug\libArduinoCore.a(recognizeType.o)
                0x000040ce                _Z13recognizeTypem
 .text._Z13recognizeTypef
                0x000040d2        0x4 C:\Users\Anthony\Documents\Atmel Studio\7.0\LiquidMenuInterrupt\LiquidMenu\ArduinoCore\Debug\libArduinoCore.a(recognizeType.o)
                0x000040d2                _Z13recognizeTypef
 .text._ZN8SPIClass5beginEv
                0x000040d6       0x64 C:\Users\Anthony\Documents\Atmel Studio\7.0\LiquidMenuInterrupt\LiquidMenu\ArduinoCore\Debug\libArduinoCore.a(SPI.o)
                0x000040d6                _ZN8SPIClass5beginEv
 .text.__empty  0x0000413a        0x2 C:\Users\Anthony\Documents\Atmel Studio\7.0\LiquidMenuInterrupt\LiquidMenu\ArduinoCore\Debug\libArduinoCore.a(hooks.o)
                0x0000413a                yield
 .text._ZN5Print5writeEPKhj
                0x0000413c       0x54 C:\Users\Anthony\Documents\Atmel Studio\7.0\LiquidMenuInterrupt\LiquidMenu\ArduinoCore\Debug\libArduinoCore.a(Print.o)
                0x0000413c                _ZN5Print5writeEPKhj
 .text._ZN5Print5writeEPKc
                0x00004190       0x2a C:\Users\Anthony\Documents\Atmel Studio\7.0\LiquidMenuInterrupt\LiquidMenu\ArduinoCore\Debug\libArduinoCore.a(Print.o)
                0x00004190                _ZN5Print5writeEPKc
 .text._ZN5Print5printEPKc
                0x000041ba        0x2 C:\Users\Anthony\Documents\Atmel Studio\7.0\LiquidMenuInterrupt\LiquidMenu\ArduinoCore\Debug\libArduinoCore.a(Print.o)
                0x000041ba                _ZN5Print5printEPKc
 .text._ZN5Print5printEc
                0x000041bc        0xe C:\Users\Anthony\Documents\Atmel Studio\7.0\LiquidMenuInterrupt\LiquidMenu\ArduinoCore\Debug\libArduinoCore.a(Print.o)
                0x000041bc                _ZN5Print5printEc
 .text._ZN5Print11printNumberEmh
                0x000041ca       0x8e C:\Users\Anthony\Documents\Atmel Studio\7.0\LiquidMenuInterrupt\LiquidMenu\ArduinoCore\Debug\libArduinoCore.a(Print.o)
                0x000041ca                _ZN5Print11printNumberEmh
 .text._ZN5Print5printEmi
                0x00004258       0x18 C:\Users\Anthony\Documents\Atmel Studio\7.0\LiquidMenuInterrupt\LiquidMenu\ArduinoCore\Debug\libArduinoCore.a(Print.o)
                0x00004258                _ZN5Print5printEmi
 .text._ZN5Print5printEhi
                0x00004270        0xc C:\Users\Anthony\Documents\Atmel Studio\7.0\LiquidMenuInterrupt\LiquidMenu\ArduinoCore\Debug\libArduinoCore.a(Print.o)
                0x00004270                _ZN5Print5printEhi
 .text._ZN5Print5printEji
                0x0000427c        0xa C:\Users\Anthony\Documents\Atmel Studio\7.0\LiquidMenuInterrupt\LiquidMenu\ArduinoCore\Debug\libArduinoCore.a(Print.o)
                0x0000427c                _ZN5Print5printEji
 .text._ZN5Print5printEli
                0x00004286       0x8a C:\Users\Anthony\Documents\Atmel Studio\7.0\LiquidMenuInterrupt\LiquidMenu\ArduinoCore\Debug\libArduinoCore.a(Print.o)
                0x00004286                _ZN5Print5printEli
 .text._ZN5Print5printEii
                0x00004310        0xc C:\Users\Anthony\Documents\Atmel Studio\7.0\LiquidMenuInterrupt\LiquidMenu\ArduinoCore\Debug\libArduinoCore.a(Print.o)
                0x00004310                _ZN5Print5printEii
 .text._ZN5Print10printFloatEdh
                0x0000431c      0x1a0 C:\Users\Anthony\Documents\Atmel Studio\7.0\LiquidMenuInterrupt\LiquidMenu\ArduinoCore\Debug\libArduinoCore.a(Print.o)
                0x0000431c                _ZN5Print10printFloatEdh
 .text._ZN5Print5printEdi
                0x000044bc        0x2 C:\Users\Anthony\Documents\Atmel Studio\7.0\LiquidMenuInterrupt\LiquidMenu\ArduinoCore\Debug\libArduinoCore.a(Print.o)
                0x000044bc                _ZN5Print5printEdi
 .text.avr-libc.fplib
                0x000044be        0x8 c:/program files (x86)/atmel/studio/7.0/toolchain/avr8/avr8-gnu-toolchain/bin/../lib/gcc/avr/5.4.0/../../../../avr/lib/avr6\libm.a(cmpsf2.o)
                0x000044be                __nesf2
                0x000044be                __eqsf2
                0x000044be                __cmpsf2
                0x000044be                __ltsf2
                0x000044be                __lesf2
 .text.avr-libc.fplib
                0x000044c6       0x48 c:/program files (x86)/atmel/studio/7.0/toolchain/avr8/avr8-gnu-toolchain/bin/../lib/gcc/avr/5.4.0/../../../../avr/lib/avr6\libm.a(fp_cmp.o)
                0x000044c6                __fp_cmp
 .text.avr-libc.fplib
                0x0000450e        0x8 c:/program files (x86)/atmel/studio/7.0/toolchain/avr8/avr8-gnu-toolchain/bin/../lib/gcc/avr/5.4.0/../../../../avr/lib/avr6\libm.a(gesf2.o)
                0x0000450e                __gesf2
                0x0000450e                __gtsf2
 .text.avr-libc.fplib
                0x00004516        0x8 c:/program files (x86)/atmel/studio/7.0/toolchain/avr8/avr8-gnu-toolchain/bin/../lib/gcc/avr/5.4.0/../../../../avr/lib/avr6\libm.a(unordsf2.o)
                0x00004516                __unordsf2
 .text.libgcc.mul
                0x0000451e       0x1e c:/program files (x86)/atmel/studio/7.0/toolchain/avr8/avr8-gnu-toolchain/bin/../lib/gcc/avr/5.4.0/avr6\libgcc.a(_mulsi3.o)
                0x0000451e                __mulsi3
 .text.libgcc.div
                0x0000453c       0x18 c:/program files (x86)/atmel/studio/7.0/toolchain/avr8/avr8-gnu-toolchain/bin/../lib/gcc/avr/5.4.0/avr6\libgcc.a(_udivmodqi4.o)
                0x0000453c                __udivmodqi4
 .text.libgcc.div
                0x00004554       0x28 c:/program files (x86)/atmel/studio/7.0/toolchain/avr8/avr8-gnu-toolchain/bin/../lib/gcc/avr/5.4.0/avr6\libgcc.a(_udivmodhi4.o)
                0x00004554                __udivmodhi4
 .text.libgcc.div
                0x0000457c       0x44 c:/program files (x86)/atmel/studio/7.0/toolchain/avr8/avr8-gnu-toolchain/bin/../lib/gcc/avr/5.4.0/avr6\libgcc.a(_udivmodsi4.o)
                0x0000457c                __udivmodsi4
 .text.libgcc.div
                0x000045c0       0x28 c:/program files (x86)/atmel/studio/7.0/toolchain/avr8/avr8-gnu-toolchain/bin/../lib/gcc/avr/5.4.0/avr6\libgcc.a(_divmodsi4.o)
                0x000045c0                __divmodsi4
 .text.libgcc.div
                0x000045e8       0x10 c:/program files (x86)/atmel/studio/7.0/toolchain/avr8/avr8-gnu-toolchain/bin/../lib/gcc/avr/5.4.0/avr6\libgcc.a(_negsi2.o)
                0x000045e8                __negsi2
 .text.libgcc   0x000045f8       0x10 c:/program files (x86)/atmel/studio/7.0/toolchain/avr8/avr8-gnu-toolchain/bin/../lib/gcc/avr/5.4.0/avr6\libgcc.a(_tablejump2.o)
                0x000045f8                __tablejump2__
 .text.libgcc.mul
                0x00004608       0x1e c:/program files (x86)/atmel/studio/7.0/toolchain/avr8/avr8-gnu-toolchain/bin/../lib/gcc/avr/5.4.0/avr6\libgcc.a(_umulhisi3.o)
                0x00004608                __umulhisi3
 .text.libgcc.mul
                0x00004626        0xc c:/program files (x86)/atmel/studio/7.0/toolchain/avr8/avr8-gnu-toolchain/bin/../lib/gcc/avr/5.4.0/avr6\libgcc.a(_usmulhisi3.o)
                0x00004626                __usmulhisi3
                0x00004628                __usmulhisi3_tail
 .text.libgcc.mul
                0x00004632       0x14 c:/program files (x86)/atmel/studio/7.0/toolchain/avr8/avr8-gnu-toolchain/bin/../lib/gcc/avr/5.4.0/avr6\libgcc.a(_muluhisi3.o)
                0x00004632                __muluhisi3
 .text.libgcc.mul
                0x00004646       0x92 c:/program files (x86)/atmel/studio/7.0/toolchain/avr8/avr8-gnu-toolchain/bin/../lib/gcc/avr/5.4.0/avr6\libgcc.a(_muldi3.o)
                0x00004646                __muldi3
 .text.libgcc.mul
                0x000046d8       0x10 c:/program files (x86)/atmel/studio/7.0/toolchain/avr8/avr8-gnu-toolchain/bin/../lib/gcc/avr/5.4.0/avr6\libgcc.a(_muldi3_6.o)
                0x000046d8                __muldi3_6
 .text.libgcc.mul
                0x000046e8       0x4e c:/program files (x86)/atmel/studio/7.0/toolchain/avr8/avr8-gnu-toolchain/bin/../lib/gcc/avr/5.4.0/avr6\libgcc.a(_umulsidi3.o)
                0x000046e8                __umulsidi3
                0x000046ea                __umulsidi3_helper
 .text.libgcc.div
                0x00004736       0x56 c:/program files (x86)/atmel/studio/7.0/toolchain/avr8/avr8-gnu-toolchain/bin/../lib/gcc/avr/5.4.0/avr6\libgcc.a(_divdi3.o)
                0x00004736                __moddi3
                0x0000473a                __divdi3
                0x0000473c                __divdi3_moddi3
 .text.libgcc.div
                0x0000478c       0x1a c:/program files (x86)/atmel/studio/7.0/toolchain/avr8/avr8-gnu-toolchain/bin/../lib/gcc/avr/5.4.0/avr6\libgcc.a(_udivdi3.o)
                0x0000478c                __umoddi3
                0x00004790                __udivdi3
                0x00004792                __udivdi3_umoddi3
 .text.libgcc.div
                0x000047a6       0xa2 c:/program files (x86)/atmel/studio/7.0/toolchain/avr8/avr8-gnu-toolchain/bin/../lib/gcc/avr/5.4.0/avr6\libgcc.a(_udivmod64.o)
                0x000047a6                __udivmod64
 .text.libgcc   0x00004848       0x20 c:/program files (x86)/atmel/studio/7.0/toolchain/avr8/avr8-gnu-toolchain/bin/../lib/gcc/avr/5.4.0/avr6\libgcc.a(_negdi2.o)
                0x00004848                __negdi2
 .text.libgcc.prologue
                0x00004868       0x38 c:/program files (x86)/atmel/studio/7.0/toolchain/avr8/avr8-gnu-toolchain/bin/../lib/gcc/avr/5.4.0/avr6\libgcc.a(_prologue.o)
                0x00004868                __prologue_saves__
 .text.libgcc.prologue
                0x000048a0       0x36 c:/program files (x86)/atmel/studio/7.0/toolchain/avr8/avr8-gnu-toolchain/bin/../lib/gcc/avr/5.4.0/avr6\libgcc.a(_epilogue.o)
                0x000048a0                __epilogue_restores__
 .text.avr-libc
                0x000048d6       0x12 c:/program files (x86)/atmel/studio/7.0/toolchain/avr8/avr8-gnu-toolchain/bin/../lib/gcc/avr/5.4.0/../../../../avr/lib/avr6\libc.a(strlen_P.o)
                0x000048d6                __strlen_P
 .text.avr-libc
                0x000048e8       0x10 C:/Program Files (x86)/Atmel/Studio/7.0/Packs/atmel/ATmega_DFP/1.2.209/gcc/dev/atmega2560/avr6\libatmega2560.a(eerd_byte.o)
                0x000048e8                eeprom_read_byte
 .text.avr-libc
                0x000048f8       0x1c C:/Program Files (x86)/Atmel/Studio/7.0/Packs/atmel/ATmega_DFP/1.2.209/gcc/dev/atmega2560/avr6\libatmega2560.a(eewr_byte.o)
                0x000048f8                eeprom_write_byte
                0x000048fa                eeprom_write_r18
                0x00004914                . = ALIGN (0x2)
 *(.fini9)
 .fini9         0x00004914        0x0 c:/program files (x86)/atmel/studio/7.0/toolchain/avr8/avr8-gnu-toolchain/bin/../lib/gcc/avr/5.4.0/avr6\libgcc.a(_exit.o)
                0x00004914                _exit
                0x00004914                exit
 *(.fini9)
 *(.fini8)
 *(.fini8)
 *(.fini7)
 *(.fini7)
 *(.fini6)
 .fini6         0x00004914       0x1e c:/program files (x86)/atmel/studio/7.0/toolchain/avr8/avr8-gnu-toolchain/bin/../lib/gcc/avr/5.4.0/avr6\libgcc.a(_dtors.o)
                0x00004914                __do_global_dtors
 *(.fini6)
 *(.fini5)
 *(.fini5)
 *(.fini4)
 *(.fini4)
 *(.fini3)
 *(.fini3)
 *(.fini2)
 *(.fini2)
 *(.fini1)
 *(.fini1)
 *(.fini0)
 .fini0         0x00004932        0x4 c:/program files (x86)/atmel/studio/7.0/toolchain/avr8/avr8-gnu-toolchain/bin/../lib/gcc/avr/5.4.0/avr6\libgcc.a(_exit.o)
 *(.fini0)
                0x00004936                _etext = .

.data           0x00800200       0x6e load address 0x00004936
                0x00800200                PROVIDE (__data_start, .)
 *(.data)
 *(.data*)
 .data.rightArrow
                0x00800200        0x8 constant.o
                0x00800200                rightArrow
 .data.downArrow
                0x00800208        0x8 constant.o
                0x00800208                downArrow
 .data.upArrow  0x00800210        0x8 constant.o
                0x00800210                upArrow
 .data.K_FACTOR
                0x00800218        0x4 constant.o
                0x00800218                K_FACTOR
 .data.updatePeriod
                0x0080021c        0x4 Sketch.o
                0x0080021c                updatePeriod
 *(.gnu.linkonce.d*)
 *(.rodata)
 *(.rodata*)
 .rodata.rightArrowIndex
                0x00800220        0x1 constant.o
                0x00800220                rightArrowIndex
 .rodata.downArrowIndex
                0x00800221        0x1 constant.o
                0x00800221                downArrowIndex
 .rodata.upArrowIndex
                0x00800222        0x1 constant.o
                0x00800222                upArrowIndex
 .rodata.CS_DISABLE
                0x00800223        0x1 constant.o
                0x00800223                CS_DISABLE
 .rodata.CS_ADC
                0x00800224        0x1 constant.o
                0x00800224                CS_ADC
 .rodata.SPI_SPEED
                0x00800225        0x4 constant.o
                0x00800225                SPI_SPEED
 .rodata.LCD_ROWS
                0x00800229        0x1 constant.o
                0x00800229                LCD_ROWS
 .rodata.LCD_COL
                0x0080022a        0x1 constant.o
                0x0080022a                LCD_COL
 .rodata.D7     0x0080022b        0x1 constant.o
                0x0080022b                D7
 .rodata.D6     0x0080022c        0x1 constant.o
                0x0080022c                D6
 .rodata.D5     0x0080022d        0x1 constant.o
                0x0080022d                D5
 .rodata.D4     0x0080022e        0x1 constant.o
                0x0080022e                D4
 .rodata.D3     0x0080022f        0x1 constant.o
                0x0080022f                D3
 .rodata.D2     0x00800230        0x1 constant.o
                0x00800230                D2
 .rodata.D1     0x00800231        0x1 constant.o
                0x00800231                D1
 .rodata.D0     0x00800232        0x1 constant.o
                0x00800232                D0
 .rodata.ENABLE_LCD
                0x00800233        0x1 constant.o
                0x00800233                ENABLE_LCD
 .rodata.RW     0x00800234        0x1 constant.o
                0x00800234                RW
 .rodata.RS     0x00800235        0x1 constant.o
                0x00800235                RS
 .rodata.str1.1
                0x00800236        0xb menu.o
 .rodata._ZTV7TwoWire
                0x00800241       0x12 src/libraries/Wire/src/Wire.o
                0x00800241                _ZTV7TwoWire
 .rodata._ZTV13LiquidCrystal
                0x00800253        0xc C:\Users\Anthony\Documents\Atmel Studio\7.0\LiquidMenuInterrupt\LiquidMenu\ArduinoCore\Debug\libArduinoCore.a(LiquidCrystal.o)
                0x00800253                _ZTV13LiquidCrystal
 .rodata.str1.1
                0x0080025f        0xf C:\Users\Anthony\Documents\Atmel Studio\7.0\LiquidMenuInterrupt\LiquidMenu\ArduinoCore\Debug\libArduinoCore.a(Print.o)
 *(.gnu.linkonce.r*)
                0x0080026e                . = ALIGN (0x2)
                0x0080026e                _edata = .
                0x0080026e                PROVIDE (__data_end, .)

.bss            0x0080026e      0x7f2
                0x0080026e                PROVIDE (__bss_start, .)
 *(.bss)
 *(.bss*)
 .bss.bDown     0x0080026e        0x1 constant.o
                0x0080026e                bDown
 .bss.bUp       0x0080026f        0x1 constant.o
                0x0080026f                bUp
 .bss.bRight    0x00800270        0x1 constant.o
                0x00800270                bRight
 .bss.bLeft     0x00800271        0x1 constant.o
                0x00800271                bLeft
 .bss.bOk       0x00800272        0x1 constant.o
                0x00800272                bOk
 .bss._ZL20max31856_spisettings
                0x00800273        0x2 MAX31856.o
 .bss.K_value_selection_u_Screen
                0x00800275       0x1c menu.o
                0x00800275                K_value_selection_u_Screen
 .bss.K_value_selection_u_line3
                0x00800291       0x27 menu.o
                0x00800291                K_value_selection_u_line3
 .bss.K_value_selection_u_line2
                0x008002b8       0x27 menu.o
                0x008002b8                K_value_selection_u_line2
 .bss.K_value_selection_u_line1
                0x008002df       0x27 menu.o
                0x008002df                K_value_selection_u_line1
 .bss.K_value_selection_u_line0
                0x00800306       0x27 menu.o
                0x00800306                K_value_selection_u_line0
 .bss.K_value_selection_d_Screen
                0x0080032d       0x1c menu.o
                0x0080032d                K_value_selection_d_Screen
 .bss.K_value_selection_d_line3
                0x00800349       0x27 menu.o
                0x00800349                K_value_selection_d_line3
 .bss.K_value_selection_d_line2
                0x00800370       0x27 menu.o
                0x00800370                K_value_selection_d_line2
 .bss.K_value_selection_d_line1
                0x00800397       0x27 menu.o
                0x00800397                K_value_selection_d_line1
 .bss.K_value_selection_d_line0
                0x008003be       0x27 menu.o
                0x008003be                K_value_selection_d_line0
 .bss.K_value_selection_c_Screen
                0x008003e5       0x1c menu.o
                0x008003e5                K_value_selection_c_Screen
 .bss.K_value_selection_c_line3
                0x00800401       0x27 menu.o
                0x00800401                K_value_selection_c_line3
 .bss.K_value_selection_c_line2
                0x00800428       0x27 menu.o
                0x00800428                K_value_selection_c_line2
 .bss.K_value_selection_c_line1
                0x0080044f       0x27 menu.o
                0x0080044f                K_value_selection_c_line1
 .bss.K_value_selection_c_line0
                0x00800476       0x27 menu.o
                0x00800476                K_value_selection_c_line0
 .bss.INA_Screen
                0x0080049d       0x1c menu.o
                0x0080049d                INA_Screen
 .bss.INA_line3
                0x008004b9       0x27 menu.o
                0x008004b9                INA_line3
 .bss.INA_line2
                0x008004e0       0x27 menu.o
                0x008004e0                INA_line2
 .bss.INA_line1
                0x00800507       0x27 menu.o
                0x00800507                INA_line1
 .bss.INA_line0
                0x0080052e       0x27 menu.o
                0x0080052e                INA_line0
 .bss.VBusValue
                0x00800555        0x4 menu.o
                0x00800555                VBusValue
 .bss.I1Value   0x00800559        0x4 menu.o
                0x00800559                I1Value
 .bss.liveRead_Screen
                0x0080055d       0x1c menu.o
                0x0080055d                liveRead_Screen
 .bss.liveRead_line2
                0x00800579       0x27 menu.o
                0x00800579                liveRead_line2
 .bss.liveRead_line1
                0x008005a0       0x27 menu.o
                0x008005a0                liveRead_line1
 .bss.liveRead_line0
                0x008005c7       0x27 menu.o
                0x008005c7                liveRead_line0
 .bss.V2Value   0x008005ee        0x4 menu.o
                0x008005ee                V2Value
 .bss.V1Value   0x008005f2        0x4 menu.o
                0x008005f2                V1Value
 .bss.configureAdc_Screen
                0x008005f6       0x1c menu.o
                0x008005f6                configureAdc_Screen
 .bss.configureAdc_line1
                0x00800612       0x27 menu.o
                0x00800612                configureAdc_line1
 .bss.configureAdc_line0
                0x00800639       0x27 menu.o
                0x00800639                configureAdc_line0
 .bss.calibrationDone_Screen
                0x00800660       0x1c menu.o
                0x00800660                calibrationDone_Screen
 .bss.calibrationDone_line1
                0x0080067c       0x27 menu.o
                0x0080067c                calibrationDone_line1
 .bss.calibrationDone_line0
                0x008006a3       0x27 menu.o
                0x008006a3                calibrationDone_line0
 .bss.calibrateGain_Screen
                0x008006ca       0x1c menu.o
                0x008006ca                calibrateGain_Screen
 .bss.calibrategain_line1
                0x008006e6       0x27 menu.o
                0x008006e6                calibrategain_line1
 .bss.calibrategain_line0
                0x0080070d       0x27 menu.o
                0x0080070d                calibrategain_line0
 .bss.calibrateOffset_Screen
                0x00800734       0x1c menu.o
                0x00800734                calibrateOffset_Screen
 .bss.calibrateoffset_line1
                0x00800750       0x27 menu.o
                0x00800750                calibrateoffset_line1
 .bss.calibrateoffset_line0
                0x00800777       0x27 menu.o
                0x00800777                calibrateoffset_line0
 .bss.main_Screen
                0x0080079e       0x1c menu.o
                0x0080079e                main_Screen
 .bss.main_line4
                0x008007ba       0x27 menu.o
                0x008007ba                main_line4
 .bss.main_line3
                0x008007e1       0x27 menu.o
                0x008007e1                main_line3
 .bss.main_line2
                0x00800808       0x27 menu.o
                0x00800808                main_line2
 .bss.main_line1
                0x0080082f       0x27 menu.o
                0x0080082f                main_line1
 .bss.main_line0
                0x00800856       0x27 menu.o
                0x00800856                main_line0
 .bss.welcome_Screen
                0x0080087d       0x1c menu.o
                0x0080087d                welcome_Screen
 .bss.welcome_line3
                0x00800899       0x27 menu.o
                0x00800899                welcome_line3
 .bss.welcome_line2
                0x008008c0       0x27 menu.o
                0x008008c0                welcome_line2
 .bss.welcome_line1
                0x008008e7       0x27 menu.o
                0x008008e7                welcome_line1
 .bss.welcome_line0
                0x0080090e       0x27 menu.o
                0x0080090e                welcome_line0
 .bss.menu      0x00800935       0x20 Sketch.o
                0x00800935                menu
 .bss.INA       0x00800955       0x1c Sketch.o
                0x00800955                INA
 .bss.ads1241   0x00800971        0x2 Sketch.o
                0x00800971                ads1241
 .bss.lcd       0x00800973       0x18 Sketch.o
                0x00800973                lcd
 .bss.updateLastMs
                0x0080098b        0x4 Sketch.o
                0x0080098b                updateLastMs
 .bss.twi_error
                0x0080098f        0x1 src/libraries/Wire/src/utility/twi.o
 .bss.twi_rxBufferIndex
                0x00800990        0x1 src/libraries/Wire/src/utility/twi.o
 .bss.twi_rxBuffer
                0x00800991       0x20 src/libraries/Wire/src/utility/twi.o
 .bss.twi_txBufferLength
                0x008009b1        0x1 src/libraries/Wire/src/utility/twi.o
 .bss.twi_txBufferIndex
                0x008009b2        0x1 src/libraries/Wire/src/utility/twi.o
 .bss.twi_txBuffer
                0x008009b3       0x20 src/libraries/Wire/src/utility/twi.o
 .bss.twi_masterBufferLength
                0x008009d3        0x1 src/libraries/Wire/src/utility/twi.o
 .bss.twi_masterBufferIndex
                0x008009d4        0x1 src/libraries/Wire/src/utility/twi.o
 .bss.twi_masterBuffer
                0x008009d5       0x20 src/libraries/Wire/src/utility/twi.o
 .bss.twi_onSlaveReceive
                0x008009f5        0x2 src/libraries/Wire/src/utility/twi.o
 .bss.twi_onSlaveTransmit
                0x008009f7        0x2 src/libraries/Wire/src/utility/twi.o
 .bss.twi_inRepStart
                0x008009f9        0x1 src/libraries/Wire/src/utility/twi.o
 .bss.twi_sendStop
                0x008009fa        0x1 src/libraries/Wire/src/utility/twi.o
 .bss.twi_slarw
                0x008009fb        0x1 src/libraries/Wire/src/utility/twi.o
 .bss.twi_state
                0x008009fc        0x1 src/libraries/Wire/src/utility/twi.o
 .bss.Wire      0x008009fd        0xc src/libraries/Wire/src/Wire.o
                0x008009fd                Wire
 .bss._ZN7TwoWire14user_onReceiveE
                0x00800a09        0x2 src/libraries/Wire/src/Wire.o
                0x00800a09                _ZN7TwoWire14user_onReceiveE
 .bss._ZN7TwoWire14user_onRequestE
                0x00800a0b        0x2 src/libraries/Wire/src/Wire.o
                0x00800a0b                _ZN7TwoWire14user_onRequestE
 .bss._ZN7TwoWire12transmittingE
                0x00800a0d        0x1 src/libraries/Wire/src/Wire.o
                0x00800a0d                _ZN7TwoWire12transmittingE
 .bss._ZN7TwoWire14txBufferLengthE
                0x00800a0e        0x1 src/libraries/Wire/src/Wire.o
                0x00800a0e                _ZN7TwoWire14txBufferLengthE
 .bss._ZN7TwoWire13txBufferIndexE
                0x00800a0f        0x1 src/libraries/Wire/src/Wire.o
                0x00800a0f                _ZN7TwoWire13txBufferIndexE
 .bss._ZN7TwoWire8txBufferE
                0x00800a10       0x20 src/libraries/Wire/src/Wire.o
                0x00800a10                _ZN7TwoWire8txBufferE
 .bss._ZN7TwoWire9txAddressE
                0x00800a30        0x1 src/libraries/Wire/src/Wire.o
                0x00800a30                _ZN7TwoWire9txAddressE
 .bss._ZN7TwoWire14rxBufferLengthE
                0x00800a31        0x1 src/libraries/Wire/src/Wire.o
                0x00800a31                _ZN7TwoWire14rxBufferLengthE
 .bss._ZN7TwoWire13rxBufferIndexE
                0x00800a32        0x1 src/libraries/Wire/src/Wire.o
                0x00800a32                _ZN7TwoWire13rxBufferIndexE
 .bss._ZN7TwoWire8rxBufferE
                0x00800a33       0x20 src/libraries/Wire/src/Wire.o
                0x00800a33                _ZN7TwoWire8rxBufferE
 .bss.timer0_fract
                0x00800a53        0x1 C:\Users\Anthony\Documents\Atmel Studio\7.0\LiquidMenuInterrupt\LiquidMenu\ArduinoCore\Debug\libArduinoCore.a(wiring.o)
 .bss.timer0_millis
                0x00800a54        0x4 C:\Users\Anthony\Documents\Atmel Studio\7.0\LiquidMenuInterrupt\LiquidMenu\ArduinoCore\Debug\libArduinoCore.a(wiring.o)
                0x00800a54                timer0_millis
 .bss.timer0_overflow_count
                0x00800a58        0x4 C:\Users\Anthony\Documents\Atmel Studio\7.0\LiquidMenuInterrupt\LiquidMenu\ArduinoCore\Debug\libArduinoCore.a(wiring.o)
                0x00800a58                timer0_overflow_count
 .bss._ZN8SPIClass13interruptSaveE
                0x00800a5c        0x1 C:\Users\Anthony\Documents\Atmel Studio\7.0\LiquidMenuInterrupt\LiquidMenu\ArduinoCore\Debug\libArduinoCore.a(SPI.o)
                0x00800a5c                _ZN8SPIClass13interruptSaveE
 .bss._ZN8SPIClass13interruptMaskE
                0x00800a5d        0x1 C:\Users\Anthony\Documents\Atmel Studio\7.0\LiquidMenuInterrupt\LiquidMenu\ArduinoCore\Debug\libArduinoCore.a(SPI.o)
                0x00800a5d                _ZN8SPIClass13interruptMaskE
 .bss._ZN8SPIClass13interruptModeE
                0x00800a5e        0x1 C:\Users\Anthony\Documents\Atmel Studio\7.0\LiquidMenuInterrupt\LiquidMenu\ArduinoCore\Debug\libArduinoCore.a(SPI.o)
                0x00800a5e                _ZN8SPIClass13interruptModeE
 .bss._ZN8SPIClass11initializedE
                0x00800a5f        0x1 C:\Users\Anthony\Documents\Atmel Studio\7.0\LiquidMenuInterrupt\LiquidMenu\ArduinoCore\Debug\libArduinoCore.a(SPI.o)
                0x00800a5f                _ZN8SPIClass11initializedE
 *(COMMON)
                0x00800a60                PROVIDE (__bss_end, .)
                0x00004936                __data_load_start = LOADADDR (.data)
                0x000049a4                __data_load_end = (__data_load_start + SIZEOF (.data))

.noinit         0x00800a60        0x0
                [!provide]                PROVIDE (__noinit_start, .)
 *(.noinit*)
                [!provide]                PROVIDE (__noinit_end, .)
                0x00800a60                _end = .
                [!provide]                PROVIDE (__heap_start, .)

.eeprom         0x00810000        0x0
 *(.eeprom*)
                0x00810000                __eeprom_end = .

.fuse
 *(.fuse)
 *(.lfuse)
 *(.hfuse)
 *(.efuse)

.lock
 *(.lock*)

.signature
 *(.signature*)

.user_signatures
 *(.user_signatures*)

.stab
 *(.stab)

.stabstr
 *(.stabstr)

.stab.excl
 *(.stab.excl)

.stab.exclstr
 *(.stab.exclstr)

.stab.index
 *(.stab.index)

.stab.indexstr
 *(.stab.indexstr)

.comment        0x00000000       0x30
 *(.comment)
 .comment       0x00000000       0x30 ADS1241.o
                                 0x31 (size before relaxing)
 .comment       0x00000030       0x31 constant.o
 .comment       0x00000030       0x31 MAX31856.o
 .comment       0x00000030       0x31 menu.o
 .comment       0x00000030       0x31 utility.o
 .comment       0x00000030       0x31 Sketch.o
 .comment       0x00000030       0x31 src/libraries/INA-master/src/INA.o
 .comment       0x00000030       0x31 src/libraries/Wire/src/utility/twi.o
 .comment       0x00000030       0x31 src/libraries/Wire/src/Wire.o
 .comment       0x00000030       0x31 C:\Users\Anthony\Documents\Atmel Studio\7.0\LiquidMenuInterrupt\LiquidMenu\ArduinoCore\Debug\libArduinoCore.a(main.o)
 .comment       0x00000030       0x31 C:\Users\Anthony\Documents\Atmel Studio\7.0\LiquidMenuInterrupt\LiquidMenu\ArduinoCore\Debug\libArduinoCore.a(wiring.o)
 .comment       0x00000030       0x31 C:\Users\Anthony\Documents\Atmel Studio\7.0\LiquidMenuInterrupt\LiquidMenu\ArduinoCore\Debug\libArduinoCore.a(wiring_digital.o)
 .comment       0x00000030       0x31 C:\Users\Anthony\Documents\Atmel Studio\7.0\LiquidMenuInterrupt\LiquidMenu\ArduinoCore\Debug\libArduinoCore.a(LiquidCrystal.o)
 .comment       0x00000030       0x31 C:\Users\Anthony\Documents\Atmel Studio\7.0\LiquidMenuInterrupt\LiquidMenu\ArduinoCore\Debug\libArduinoCore.a(LiquidLine.o)
 .comment       0x00000030       0x31 C:\Users\Anthony\Documents\Atmel Studio\7.0\LiquidMenuInterrupt\LiquidMenu\ArduinoCore\Debug\libArduinoCore.a(LiquidMenu.o)
 .comment       0x00000030       0x31 C:\Users\Anthony\Documents\Atmel Studio\7.0\LiquidMenuInterrupt\LiquidMenu\ArduinoCore\Debug\libArduinoCore.a(LiquidScreen.o)
 .comment       0x00000030       0x31 C:\Users\Anthony\Documents\Atmel Studio\7.0\LiquidMenuInterrupt\LiquidMenu\ArduinoCore\Debug\libArduinoCore.a(recognizeType.o)
 .comment       0x00000030       0x31 C:\Users\Anthony\Documents\Atmel Studio\7.0\LiquidMenuInterrupt\LiquidMenu\ArduinoCore\Debug\libArduinoCore.a(SPI.o)
 .comment       0x00000030       0x31 C:\Users\Anthony\Documents\Atmel Studio\7.0\LiquidMenuInterrupt\LiquidMenu\ArduinoCore\Debug\libArduinoCore.a(hooks.o)
 .comment       0x00000030       0x31 C:\Users\Anthony\Documents\Atmel Studio\7.0\LiquidMenuInterrupt\LiquidMenu\ArduinoCore\Debug\libArduinoCore.a(Print.o)

.note.gnu.avr.deviceinfo
                0x00000000       0x40
 .note.gnu.avr.deviceinfo
                0x00000000       0x40 C:/Program Files (x86)/Atmel/Studio/7.0/Packs/atmel/ATmega_DFP/1.2.209/gcc/dev/atmega2560/avr6/crtatmega2560.o

.note.gnu.build-id
 *(.note.gnu.build-id)

.debug
 *(.debug)

.line
 *(.line)

.debug_srcinfo
 *(.debug_srcinfo)

.debug_sfnames
 *(.debug_sfnames)

.debug_aranges  0x00000000      0xb50
 *(.debug_aranges)
 .debug_aranges
                0x00000000       0xc8 ADS1241.o
 .debug_aranges
                0x000000c8       0x18 constant.o
 .debug_aranges
                0x000000e0       0xb8 MAX31856.o
 .debug_aranges
                0x00000198       0xa8 menu.o
 .debug_aranges
                0x00000240       0x58 utility.o
 .debug_aranges
                0x00000298       0x60 Sketch.o
 .debug_aranges
                0x000002f8      0x110 src/libraries/INA-master/src/INA.o
 .debug_aranges
                0x00000408       0x80 src/libraries/Wire/src/utility/twi.o
 .debug_aranges
                0x00000488       0xf8 src/libraries/Wire/src/Wire.o
 .debug_aranges
                0x00000580       0x30 C:\Users\Anthony\Documents\Atmel Studio\7.0\LiquidMenuInterrupt\LiquidMenu\ArduinoCore\Debug\libArduinoCore.a(main.o)
 .debug_aranges
                0x000005b0       0x48 C:\Users\Anthony\Documents\Atmel Studio\7.0\LiquidMenuInterrupt\LiquidMenu\ArduinoCore\Debug\libArduinoCore.a(wiring.o)
 .debug_aranges
                0x000005f8       0x38 C:\Users\Anthony\Documents\Atmel Studio\7.0\LiquidMenuInterrupt\LiquidMenu\ArduinoCore\Debug\libArduinoCore.a(wiring_digital.o)
 .debug_aranges
                0x00000630      0x110 C:\Users\Anthony\Documents\Atmel Studio\7.0\LiquidMenuInterrupt\LiquidMenu\ArduinoCore\Debug\libArduinoCore.a(LiquidCrystal.o)
 .debug_aranges
                0x00000740       0x60 C:\Users\Anthony\Documents\Atmel Studio\7.0\LiquidMenuInterrupt\LiquidMenu\ArduinoCore\Debug\libArduinoCore.a(LiquidLine.o)
 .debug_aranges
                0x000007a0       0xd8 C:\Users\Anthony\Documents\Atmel Studio\7.0\LiquidMenuInterrupt\LiquidMenu\ArduinoCore\Debug\libArduinoCore.a(LiquidMenu.o)
 .debug_aranges
                0x00000878       0x80 C:\Users\Anthony\Documents\Atmel Studio\7.0\LiquidMenuInterrupt\LiquidMenu\ArduinoCore\Debug\libArduinoCore.a(LiquidScreen.o)
 .debug_aranges
                0x000008f8       0xc0 C:\Users\Anthony\Documents\Atmel Studio\7.0\LiquidMenuInterrupt\LiquidMenu\ArduinoCore\Debug\libArduinoCore.a(recognizeType.o)
 .debug_aranges
                0x000009b8       0x38 C:\Users\Anthony\Documents\Atmel Studio\7.0\LiquidMenuInterrupt\LiquidMenu\ArduinoCore\Debug\libArduinoCore.a(SPI.o)
 .debug_aranges
                0x000009f0       0x20 C:\Users\Anthony\Documents\Atmel Studio\7.0\LiquidMenuInterrupt\LiquidMenu\ArduinoCore\Debug\libArduinoCore.a(hooks.o)
 .debug_aranges
                0x00000a10      0x100 C:\Users\Anthony\Documents\Atmel Studio\7.0\LiquidMenuInterrupt\LiquidMenu\ArduinoCore\Debug\libArduinoCore.a(Print.o)
 .debug_aranges
                0x00000b10       0x20 C:/Program Files (x86)/Atmel/Studio/7.0/Packs/atmel/ATmega_DFP/1.2.209/gcc/dev/atmega2560/avr6\libatmega2560.a(eerd_byte.o)
 .debug_aranges
                0x00000b30       0x20 C:/Program Files (x86)/Atmel/Studio/7.0/Packs/atmel/ATmega_DFP/1.2.209/gcc/dev/atmega2560/avr6\libatmega2560.a(eewr_byte.o)

.debug_pubnames
 *(.debug_pubnames)

.debug_info     0x00000000    0x19985
 *(.debug_info .gnu.linkonce.wi.*)
 .debug_info    0x00000000      0xbbc C:/Program Files (x86)/Atmel/Studio/7.0/Packs/atmel/ATmega_DFP/1.2.209/gcc/dev/atmega2560/avr6/crtatmega2560.o
 .debug_info    0x00000bbc     0x192b ADS1241.o
 .debug_info    0x000024e7      0x48a constant.o
 .debug_info    0x00002971     0x13ec MAX31856.o
 .debug_info    0x00003d5d     0x33f1 menu.o
 .debug_info    0x0000714e     0x1288 utility.o
 .debug_info    0x000083d6     0x2147 Sketch.o
 .debug_info    0x0000a51d     0x2fc6 src/libraries/INA-master/src/INA.o
 .debug_info    0x0000d4e3      0x662 src/libraries/Wire/src/utility/twi.o
 .debug_info    0x0000db45     0x27b0 src/libraries/Wire/src/Wire.o
 .debug_info    0x000102f5      0x295 C:\Users\Anthony\Documents\Atmel Studio\7.0\LiquidMenuInterrupt\LiquidMenu\ArduinoCore\Debug\libArduinoCore.a(main.o)
 .debug_info    0x0001058a      0x329 C:\Users\Anthony\Documents\Atmel Studio\7.0\LiquidMenuInterrupt\LiquidMenu\ArduinoCore\Debug\libArduinoCore.a(wiring.o)
 .debug_info    0x000108b3      0x63a C:\Users\Anthony\Documents\Atmel Studio\7.0\LiquidMenuInterrupt\LiquidMenu\ArduinoCore\Debug\libArduinoCore.a(wiring_digital.o)
 .debug_info    0x00010eed     0x1c3b C:\Users\Anthony\Documents\Atmel Studio\7.0\LiquidMenuInterrupt\LiquidMenu\ArduinoCore\Debug\libArduinoCore.a(LiquidCrystal.o)
 .debug_info    0x00012b28      0xf83 C:\Users\Anthony\Documents\Atmel Studio\7.0\LiquidMenuInterrupt\LiquidMenu\ArduinoCore\Debug\libArduinoCore.a(LiquidLine.o)
 .debug_info    0x00013aab     0x173f C:\Users\Anthony\Documents\Atmel Studio\7.0\LiquidMenuInterrupt\LiquidMenu\ArduinoCore\Debug\libArduinoCore.a(LiquidMenu.o)
 .debug_info    0x000151ea      0xe9e C:\Users\Anthony\Documents\Atmel Studio\7.0\LiquidMenuInterrupt\LiquidMenu\ArduinoCore\Debug\libArduinoCore.a(LiquidScreen.o)
 .debug_info    0x00016088      0x73d C:\Users\Anthony\Documents\Atmel Studio\7.0\LiquidMenuInterrupt\LiquidMenu\ArduinoCore\Debug\libArduinoCore.a(recognizeType.o)
 .debug_info    0x000167c5      0x6cd C:\Users\Anthony\Documents\Atmel Studio\7.0\LiquidMenuInterrupt\LiquidMenu\ArduinoCore\Debug\libArduinoCore.a(SPI.o)
 .debug_info    0x00016e92       0x3e C:\Users\Anthony\Documents\Atmel Studio\7.0\LiquidMenuInterrupt\LiquidMenu\ArduinoCore\Debug\libArduinoCore.a(hooks.o)
 .debug_info    0x00016ed0     0x295d C:\Users\Anthony\Documents\Atmel Studio\7.0\LiquidMenuInterrupt\LiquidMenu\ArduinoCore\Debug\libArduinoCore.a(Print.o)
 .debug_info    0x0001982d       0xac C:/Program Files (x86)/Atmel/Studio/7.0/Packs/atmel/ATmega_DFP/1.2.209/gcc/dev/atmega2560/avr6\libatmega2560.a(eerd_byte.o)
 .debug_info    0x000198d9       0xac C:/Program Files (x86)/Atmel/Studio/7.0/Packs/atmel/ATmega_DFP/1.2.209/gcc/dev/atmega2560/avr6\libatmega2560.a(eewr_byte.o)

.debug_abbrev   0x00000000     0x4701
 *(.debug_abbrev)
 .debug_abbrev  0x00000000      0xb1a C:/Program Files (x86)/Atmel/Studio/7.0/Packs/atmel/ATmega_DFP/1.2.209/gcc/dev/atmega2560/avr6/crtatmega2560.o
 .debug_abbrev  0x00000b1a      0x4fc ADS1241.o
 .debug_abbrev  0x00001016       0xc1 constant.o
 .debug_abbrev  0x000010d7      0x4c6 MAX31856.o
 .debug_abbrev  0x0000159d      0x3eb menu.o
 .debug_abbrev  0x00001988      0x33b utility.o
 .debug_abbrev  0x00001cc3      0x46f Sketch.o
 .debug_abbrev  0x00002132      0x4df src/libraries/INA-master/src/INA.o
 .debug_abbrev  0x00002611      0x260 src/libraries/Wire/src/utility/twi.o
 .debug_abbrev  0x00002871      0x581 src/libraries/Wire/src/Wire.o
 .debug_abbrev  0x00002df2      0x12d C:\Users\Anthony\Documents\Atmel Studio\7.0\LiquidMenuInterrupt\LiquidMenu\ArduinoCore\Debug\libArduinoCore.a(main.o)
 .debug_abbrev  0x00002f1f      0x146 C:\Users\Anthony\Documents\Atmel Studio\7.0\LiquidMenuInterrupt\LiquidMenu\ArduinoCore\Debug\libArduinoCore.a(wiring.o)
 .debug_abbrev  0x00003065      0x15a C:\Users\Anthony\Documents\Atmel Studio\7.0\LiquidMenuInterrupt\LiquidMenu\ArduinoCore\Debug\libArduinoCore.a(wiring_digital.o)
 .debug_abbrev  0x000031bf      0x365 C:\Users\Anthony\Documents\Atmel Studio\7.0\LiquidMenuInterrupt\LiquidMenu\ArduinoCore\Debug\libArduinoCore.a(LiquidCrystal.o)
 .debug_abbrev  0x00003524      0x367 C:\Users\Anthony\Documents\Atmel Studio\7.0\LiquidMenuInterrupt\LiquidMenu\ArduinoCore\Debug\libArduinoCore.a(LiquidLine.o)
 .debug_abbrev  0x0000388b      0x337 C:\Users\Anthony\Documents\Atmel Studio\7.0\LiquidMenuInterrupt\LiquidMenu\ArduinoCore\Debug\libArduinoCore.a(LiquidMenu.o)
 .debug_abbrev  0x00003bc2      0x2d1 C:\Users\Anthony\Documents\Atmel Studio\7.0\LiquidMenuInterrupt\LiquidMenu\ArduinoCore\Debug\libArduinoCore.a(LiquidScreen.o)
 .debug_abbrev  0x00003e93      0x11f C:\Users\Anthony\Documents\Atmel Studio\7.0\LiquidMenuInterrupt\LiquidMenu\ArduinoCore\Debug\libArduinoCore.a(recognizeType.o)
 .debug_abbrev  0x00003fb2      0x283 C:\Users\Anthony\Documents\Atmel Studio\7.0\LiquidMenuInterrupt\LiquidMenu\ArduinoCore\Debug\libArduinoCore.a(SPI.o)
 .debug_abbrev  0x00004235       0x2a C:\Users\Anthony\Documents\Atmel Studio\7.0\LiquidMenuInterrupt\LiquidMenu\ArduinoCore\Debug\libArduinoCore.a(hooks.o)
 .debug_abbrev  0x0000425f      0x47a C:\Users\Anthony\Documents\Atmel Studio\7.0\LiquidMenuInterrupt\LiquidMenu\ArduinoCore\Debug\libArduinoCore.a(Print.o)
 .debug_abbrev  0x000046d9       0x14 C:/Program Files (x86)/Atmel/Studio/7.0/Packs/atmel/ATmega_DFP/1.2.209/gcc/dev/atmega2560/avr6\libatmega2560.a(eerd_byte.o)
 .debug_abbrev  0x000046ed       0x14 C:/Program Files (x86)/Atmel/Studio/7.0/Packs/atmel/ATmega_DFP/1.2.209/gcc/dev/atmega2560/avr6\libatmega2560.a(eewr_byte.o)

.debug_line     0x00000000     0x6c8b
 *(.debug_line .debug_line.* .debug_line_end)
 .debug_line    0x00000000      0x1f9 C:/Program Files (x86)/Atmel/Studio/7.0/Packs/atmel/ATmega_DFP/1.2.209/gcc/dev/atmega2560/avr6/crtatmega2560.o
 .debug_line    0x000001f9      0x7fc ADS1241.o
 .debug_line    0x000009f5      0x193 constant.o
 .debug_line    0x00000b88      0x683 MAX31856.o
 .debug_line    0x0000120b      0x81f menu.o
 .debug_line    0x00001a2a      0x463 utility.o
 .debug_line    0x00001e8d      0x4c0 Sketch.o
 .debug_line    0x0000234d     0x10d6 src/libraries/INA-master/src/INA.o
 .debug_line    0x00003423      0x515 src/libraries/Wire/src/utility/twi.o
 .debug_line    0x00003938      0x608 src/libraries/Wire/src/Wire.o
 .debug_line    0x00003f40      0x161 C:\Users\Anthony\Documents\Atmel Studio\7.0\LiquidMenuInterrupt\LiquidMenu\ArduinoCore\Debug\libArduinoCore.a(main.o)
 .debug_line    0x000040a1      0x2cb C:\Users\Anthony\Documents\Atmel Studio\7.0\LiquidMenuInterrupt\LiquidMenu\ArduinoCore\Debug\libArduinoCore.a(wiring.o)
 .debug_line    0x0000436c      0x284 C:\Users\Anthony\Documents\Atmel Studio\7.0\LiquidMenuInterrupt\LiquidMenu\ArduinoCore\Debug\libArduinoCore.a(wiring_digital.o)
 .debug_line    0x000045f0      0x924 C:\Users\Anthony\Documents\Atmel Studio\7.0\LiquidMenuInterrupt\LiquidMenu\ArduinoCore\Debug\libArduinoCore.a(LiquidCrystal.o)
 .debug_line    0x00004f14      0x5f9 C:\Users\Anthony\Documents\Atmel Studio\7.0\LiquidMenuInterrupt\LiquidMenu\ArduinoCore\Debug\libArduinoCore.a(LiquidLine.o)
 .debug_line    0x0000550d      0x5b3 C:\Users\Anthony\Documents\Atmel Studio\7.0\LiquidMenuInterrupt\LiquidMenu\ArduinoCore\Debug\libArduinoCore.a(LiquidMenu.o)
 .debug_line    0x00005ac0      0x43c C:\Users\Anthony\Documents\Atmel Studio\7.0\LiquidMenuInterrupt\LiquidMenu\ArduinoCore\Debug\libArduinoCore.a(LiquidScreen.o)
 .debug_line    0x00005efc      0x2ca C:\Users\Anthony\Documents\Atmel Studio\7.0\LiquidMenuInterrupt\LiquidMenu\ArduinoCore\Debug\libArduinoCore.a(recognizeType.o)
 .debug_line    0x000061c6      0x2eb C:\Users\Anthony\Documents\Atmel Studio\7.0\LiquidMenuInterrupt\LiquidMenu\ArduinoCore\Debug\libArduinoCore.a(SPI.o)
 .debug_line    0x000064b1       0x41 C:\Users\Anthony\Documents\Atmel Studio\7.0\LiquidMenuInterrupt\LiquidMenu\ArduinoCore\Debug\libArduinoCore.a(hooks.o)
 .debug_line    0x000064f2      0x681 C:\Users\Anthony\Documents\Atmel Studio\7.0\LiquidMenuInterrupt\LiquidMenu\ArduinoCore\Debug\libArduinoCore.a(Print.o)
 .debug_line    0x00006b73       0x7a C:/Program Files (x86)/Atmel/Studio/7.0/Packs/atmel/ATmega_DFP/1.2.209/gcc/dev/atmega2560/avr6\libatmega2560.a(eerd_byte.o)
 .debug_line    0x00006bed       0x9e C:/Program Files (x86)/Atmel/Studio/7.0/Packs/atmel/ATmega_DFP/1.2.209/gcc/dev/atmega2560/avr6\libatmega2560.a(eewr_byte.o)

.debug_frame    0x00000000     0x232c
 *(.debug_frame)
 .debug_frame   0x00000000      0x2e4 ADS1241.o
 .debug_frame   0x000002e4      0x22c MAX31856.o
 .debug_frame   0x00000510      0x1f8 menu.o
 .debug_frame   0x00000708       0xb0 utility.o
 .debug_frame   0x000007b8      0x11c Sketch.o
 .debug_frame   0x000008d4      0x6b0 src/libraries/INA-master/src/INA.o
 .debug_frame   0x00000f84      0x134 src/libraries/Wire/src/utility/twi.o
 .debug_frame   0x000010b8      0x280 src/libraries/Wire/src/Wire.o
 .debug_frame   0x00001338       0x54 C:\Users\Anthony\Documents\Atmel Studio\7.0\LiquidMenuInterrupt\LiquidMenu\ArduinoCore\Debug\libArduinoCore.a(main.o)
 .debug_frame   0x0000138c       0xc4 C:\Users\Anthony\Documents\Atmel Studio\7.0\LiquidMenuInterrupt\LiquidMenu\ArduinoCore\Debug\libArduinoCore.a(wiring.o)
 .debug_frame   0x00001450       0x7c C:\Users\Anthony\Documents\Atmel Studio\7.0\LiquidMenuInterrupt\LiquidMenu\ArduinoCore\Debug\libArduinoCore.a(wiring_digital.o)
 .debug_frame   0x000014cc      0x354 C:\Users\Anthony\Documents\Atmel Studio\7.0\LiquidMenuInterrupt\LiquidMenu\ArduinoCore\Debug\libArduinoCore.a(LiquidCrystal.o)
 .debug_frame   0x00001820       0xfc C:\Users\Anthony\Documents\Atmel Studio\7.0\LiquidMenuInterrupt\LiquidMenu\ArduinoCore\Debug\libArduinoCore.a(LiquidLine.o)
 .debug_frame   0x0000191c      0x2a8 C:\Users\Anthony\Documents\Atmel Studio\7.0\LiquidMenuInterrupt\LiquidMenu\ArduinoCore\Debug\libArduinoCore.a(LiquidMenu.o)
 .debug_frame   0x00001bc4      0x1a8 C:\Users\Anthony\Documents\Atmel Studio\7.0\LiquidMenuInterrupt\LiquidMenu\ArduinoCore\Debug\libArduinoCore.a(LiquidScreen.o)
 .debug_frame   0x00001d6c      0x194 C:\Users\Anthony\Documents\Atmel Studio\7.0\LiquidMenuInterrupt\LiquidMenu\ArduinoCore\Debug\libArduinoCore.a(recognizeType.o)
 .debug_frame   0x00001f00       0x5c C:\Users\Anthony\Documents\Atmel Studio\7.0\LiquidMenuInterrupt\LiquidMenu\ArduinoCore\Debug\libArduinoCore.a(SPI.o)
 .debug_frame   0x00001f5c       0x24 C:\Users\Anthony\Documents\Atmel Studio\7.0\LiquidMenuInterrupt\LiquidMenu\ArduinoCore\Debug\libArduinoCore.a(hooks.o)
 .debug_frame   0x00001f80      0x3ac C:\Users\Anthony\Documents\Atmel Studio\7.0\LiquidMenuInterrupt\LiquidMenu\ArduinoCore\Debug\libArduinoCore.a(Print.o)

.debug_str      0x00000000     0x6735
 *(.debug_str)
 .debug_str     0x00000000      0x3e6 C:/Program Files (x86)/Atmel/Studio/7.0/Packs/atmel/ATmega_DFP/1.2.209/gcc/dev/atmega2560/avr6/crtatmega2560.o
 .debug_str     0x000003e6      0xb2a ADS1241.o
                                0xbc2 (size before relaxing)
 .debug_str     0x00000f10       0x86 constant.o
                                0x3d4 (size before relaxing)
 .debug_str     0x00000f96      0x55b MAX31856.o
                                0xce2 (size before relaxing)
 .debug_str     0x000014f1     0x14fb menu.o
                               0x19aa (size before relaxing)
 .debug_str     0x000029ec      0x16d utility.o
                               0x11dd (size before relaxing)
 .debug_str     0x00002b59      0xcaa Sketch.o
                               0x1f41 (size before relaxing)