Archive member included to satisfy reference by file (symbol)

c:/program files (x86)/atmel/studio/7.0/toolchain/avr8/avr8-gnu-toolchain/bin/../lib/gcc/avr/5.4.0/../../../../avr/lib/avr6\libm.a(addsf3.o)
                              ADS1241.o (__subsf3)
c:/program files (x86)/atmel/studio/7.0/toolchain/avr8/avr8-gnu-toolchain/bin/../lib/gcc/avr/5.4.0/../../../../avr/lib/avr6\libm.a(addsf3x.o)
                              c:/program files (x86)/atmel/studio/7.0/toolchain/avr8/avr8-gnu-toolchain/bin/../lib/gcc/avr/5.4.0/../../../../avr/lib/avr6\libm.a(addsf3.o) (__addsf3x)
c:/program files (x86)/atmel/studio/7.0/toolchain/avr8/avr8-gnu-toolchain/bin/../lib/gcc/avr/5.4.0/../../../../avr/lib/avr6\libm.a(divsf3.o)
                              ADS1241.o (__divsf3)
c:/program files (x86)/atmel/studio/7.0/toolchain/avr8/avr8-gnu-toolchain/bin/../lib/gcc/avr/5.4.0/../../../../avr/lib/avr6\libm.a(divsf3x.o)
                              c:/program files (x86)/atmel/studio/7.0/toolchain/avr8/avr8-gnu-toolchain/bin/../lib/gcc/avr/5.4.0/../../../../avr/lib/avr6\libm.a(divsf3.o) (__divsf3x)
c:/program files (x86)/atmel/studio/7.0/toolchain/avr8/avr8-gnu-toolchain/bin/../lib/gcc/avr/5.4.0/../../../../avr/lib/avr6\libm.a(exp.o)
                              ADS1241.o (exp)
c:/program files (x86)/atmel/studio/7.0/toolchain/avr8/avr8-gnu-toolchain/bin/../lib/gcc/avr/5.4.0/../../../../avr/lib/avr6\libm.a(fixunssfsi.o)
                              ADS1241.o (__fixunssfsi)
c:/program files (x86)/atmel/studio/7.0/toolchain/avr8/avr8-gnu-toolchain/bin/../lib/gcc/avr/5.4.0/../../../../avr/lib/avr6\libm.a(floatsisf.o)
                              ADS1241.o (__floatunsisf)
c:/program files (x86)/atmel/studio/7.0/toolchain/avr8/avr8-gnu-toolchain/bin/../lib/gcc/avr/5.4.0/../../../../avr/lib/avr6\libm.a(fp_inf.o)
                              c:/program files (x86)/atmel/studio/7.0/toolchain/avr8/avr8-gnu-toolchain/bin/../lib/gcc/avr/5.4.0/../../../../avr/lib/avr6\libm.a(addsf3x.o) (__fp_inf)
c:/program files (x86)/atmel/studio/7.0/toolchain/avr8/avr8-gnu-toolchain/bin/../lib/gcc/avr/5.4.0/../../../../avr/lib/avr6\libm.a(fp_nan.o)
                              c:/program files (x86)/atmel/studio/7.0/toolchain/avr8/avr8-gnu-toolchain/bin/../lib/gcc/avr/5.4.0/../../../../avr/lib/avr6\libm.a(addsf3x.o) (__fp_nan)
c:/program files (x86)/atmel/studio/7.0/toolchain/avr8/avr8-gnu-toolchain/bin/../lib/gcc/avr/5.4.0/../../../../avr/lib/avr6\libm.a(fp_powser.o)
                              c:/program files (x86)/atmel/studio/7.0/toolchain/avr8/avr8-gnu-toolchain/bin/../lib/gcc/avr/5.4.0/../../../../avr/lib/avr6\libm.a(exp.o) (__fp_powser)
c:/program files (x86)/atmel/studio/7.0/toolchain/avr8/avr8-gnu-toolchain/bin/../lib/gcc/avr/5.4.0/../../../../avr/lib/avr6\libm.a(fp_pscA.o)
                              c:/program files (x86)/atmel/studio/7.0/toolchain/avr8/avr8-gnu-toolchain/bin/../lib/gcc/avr/5.4.0/../../../../avr/lib/avr6\libm.a(addsf3x.o) (__fp_pscA)
c:/program files (x86)/atmel/studio/7.0/toolchain/avr8/avr8-gnu-toolchain/bin/../lib/gcc/avr/5.4.0/../../../../avr/lib/avr6\libm.a(fp_pscB.o)
                              c:/program files (x86)/atmel/studio/7.0/toolchain/avr8/avr8-gnu-toolchain/bin/../lib/gcc/avr/5.4.0/../../../../avr/lib/avr6\libm.a(addsf3x.o) (__fp_pscB)
c:/program files (x86)/atmel/studio/7.0/toolchain/avr8/avr8-gnu-toolchain/bin/../lib/gcc/avr/5.4.0/../../../../avr/lib/avr6\libm.a(fp_round.o)
                              c:/program files (x86)/atmel/studio/7.0/toolchain/avr8/avr8-gnu-toolchain/bin/../lib/gcc/avr/5.4.0/../../../../avr/lib/avr6\libm.a(addsf3.o) (__fp_round)
c:/program files (x86)/atmel/studio/7.0/toolchain/avr8/avr8-gnu-toolchain/bin/../lib/gcc/avr/5.4.0/../../../../avr/lib/avr6\libm.a(fp_split3.o)
                              c:/program files (x86)/atmel/studio/7.0/toolchain/avr8/avr8-gnu-toolchain/bin/../lib/gcc/avr/5.4.0/../../../../avr/lib/avr6\libm.a(addsf3x.o) (__fp_split3)
c:/program files (x86)/atmel/studio/7.0/toolchain/avr8/avr8-gnu-toolchain/bin/../lib/gcc/avr/5.4.0/../../../../avr/lib/avr6\libm.a(fp_zero.o)
                              c:/program files (x86)/atmel/studio/7.0/toolchain/avr8/avr8-gnu-toolchain/bin/../lib/gcc/avr/5.4.0/../../../../avr/lib/avr6\libm.a(addsf3x.o) (__fp_zero)
c:/program files (x86)/atmel/studio/7.0/toolchain/avr8/avr8-gnu-toolchain/bin/../lib/gcc/avr/5.4.0/../../../../avr/lib/avr6\libm.a(inverse.o)
                              c:/program files (x86)/atmel/studio/7.0/toolchain/avr8/avr8-gnu-toolchain/bin/../lib/gcc/avr/5.4.0/../../../../avr/lib/avr6\libm.a(exp.o) (inverse)
c:/program files (x86)/atmel/studio/7.0/toolchain/avr8/avr8-gnu-toolchain/bin/../lib/gcc/avr/5.4.0/../../../../avr/lib/avr6\libm.a(ldexp.o)
                              c:/program files (x86)/atmel/studio/7.0/toolchain/avr8/avr8-gnu-toolchain/bin/../lib/gcc/avr/5.4.0/../../../../avr/lib/avr6\libm.a(exp.o) (ldexp)
[...]
Memory Configuration

Name             Origin             Length             Attributes
text             0x00000000         0x00100000         xr
data             0x00800200         0x0000fe00         rw !x
eeprom           0x00810000         0x00010000         rw !x
fuse             0x00820000         0x00000003         rw !x
lock             0x00830000         0x00000400         rw !x
signature        0x00840000         0x00000400         rw !x
user_signatures  0x00850000         0x00000400         rw !x
*default*        0x00000000         0xffffffff

Linker script and memory map

Address of section .data set to 0x800200
LOAD C:/Program Files (x86)/Atmel/Studio/7.0/Packs/atmel/ATmega_DFP/1.2.209/gcc/dev/atmega2560/avr6/crtatmega2560.o
LOAD ADS1241.o
LOAD constant.o
LOAD utility.o
LOAD menu.o
LOAD Sketch.o
LOAD src/libraries/INA-master/src/INA.o
LOAD src/libraries/Wire/src/utility/twi.o
LOAD src/libraries/Wire/src/Wire.o
START GROUP
LOAD c:/program files (x86)/atmel/studio/7.0/toolchain/avr8/avr8-gnu-toolchain/bin/../lib/gcc/avr/5.4.0/../../../../avr/lib/avr6\libm.a
LOAD C:\Users\Anthony\Documents\Atmel Studio\7.0\LiquidMenu\LiquidMenu\LiquidMenu\ArduinoCore\Debug\libArduinoCore.a
END GROUP
LOAD c:/program files (x86)/atmel/studio/7.0/toolchain/avr8/avr8-gnu-toolchain/bin/../lib/gcc/avr/5.4.0/avr6\libgcc.a
LOAD c:/program files (x86)/atmel/studio/7.0/toolchain/avr8/avr8-gnu-toolchain/bin/../lib/gcc/avr/5.4.0/../../../../avr/lib/avr6\libm.a
START GROUP
LOAD c:/program files (x86)/atmel/studio/7.0/toolchain/avr8/avr8-gnu-toolchain/bin/../lib/gcc/avr/5.4.0/avr6\libgcc.a
LOAD c:/program files (x86)/atmel/studio/7.0/toolchain/avr8/avr8-gnu-toolchain/bin/../lib/gcc/avr/5.4.0/../../../../avr/lib/avr6\libm.a
LOAD c:/program files (x86)/atmel/studio/7.0/toolchain/avr8/avr8-gnu-toolchain/bin/../lib/gcc/avr/5.4.0/../../../../avr/lib/avr6\libc.a
LOAD C:/Program Files (x86)/Atmel/Studio/7.0/Packs/atmel/ATmega_DFP/1.2.209/gcc/dev/atmega2560/avr6\libatmega2560.a
END GROUP
                0x00100000                __TEXT_REGION_LENGTH__ = DEFINED (__TEXT_REGION_LENGTH__)?__TEXT_REGION_LENGTH__:0x100000
                0x0000fe00                __DATA_REGION_LENGTH__ = DEFINED (__DATA_REGION_LENGTH__)?__DATA_REGION_LENGTH__:0xfe00
                0x00010000                __EEPROM_REGION_LENGTH__ = DEFINED (__EEPROM_REGION_LENGTH__)?__EEPROM_REGION_LENGTH__:0x10000
                [0x00000003]                __FUSE_REGION_LENGTH__ = DEFINED (__FUSE_REGION_LENGTH__)?__FUSE_REGION_LENGTH__:0x400
                0x00000400                __LOCK_REGION_LENGTH__ = DEFINED (__LOCK_REGION_LENGTH__)?__LOCK_REGION_LENGTH__:0x400
                0x00000400                __SIGNATURE_REGION_LENGTH__ = DEFINED (__SIGNATURE_REGION_LENGTH__)?__SIGNATURE_REGION_LENGTH__:0x400
                0x00000400                __USER_SIGNATURE_REGION_LENGTH__ = DEFINED (__USER_SIGNATURE_REGION_LENGTH__)?__USER_SIGNATURE_REGION_LENGTH__:0x400

.hash
 *(.hash)

.dynsym
 *(.dynsym)

.dynstr
 *(.dynstr)

.gnu.version
 *(.gnu.version)

.gnu.version_d
 *(.gnu.version_d)

.gnu.version_r
 *(.gnu.version_r)

.rel.init
 *(.rel.init)

.rela.init
 *(.rela.init)

.rel.text
 *(.rel.text)
 *(.rel.text.*)
 *(.rel.gnu.linkonce.t*)

.rela.text
 *(.rela.text)
 *(.rela.text.*)
 *(.rela.gnu.linkonce.t*)

.rel.fini
 *(.rel.fini)

.rela.fini
 *(.rela.fini)

.rel.rodata
 *(.rel.rodata)
 *(.rel.rodata.*)
 *(.rel.gnu.linkonce.r*)

.rela.rodata
 *(.rela.rodata)
 *(.rela.rodata.*)
 *(.rela.gnu.linkonce.r*)

.rel.data
 *(.rel.data)
 *(.rel.data.*)
 *(.rel.gnu.linkonce.d*)

.rela.data
 *(.rela.data)
 *(.rela.data.*)
 *(.rela.gnu.linkonce.d*)

.rel.ctors
 *(.rel.ctors)

.rela.ctors
 *(.rela.ctors)

.rel.dtors
 *(.rel.dtors)

.rela.dtors
 *(.rela.dtors)

.rel.got
 *(.rel.got)

.rela.got
 *(.rela.got)

.rel.bss
 *(.rel.bss)

.rela.bss
 *(.rela.bss)

.rel.plt
 *(.rel.plt)

.rela.plt
 *(.rela.plt)

.text           0x00000000     0x449a
 *(.vectors)
 .vectors       0x00000000       0xe4 C:/Program Files (x86)/Atmel/Studio/7.0/Packs/atmel/ATmega_DFP/1.2.209/gcc/dev/atmega2560/avr6/crtatmega2560.o
                0x00000000                __vector_default
                0x00000000                __vectors
 *(.vectors)
 *(.progmem.gcc*)
 .progmem.gcc_sw_table.turnOffPWM
                0x000000e4       0x24 C:\Users\Anthony\Documents\Atmel Studio\7.0\LiquidMenu\LiquidMenu\LiquidMenu\ArduinoCore\Debug\libArduinoCore.a(wiring_digital.o)
                0x00000108                . = ALIGN (0x2)
                0x00000108                __trampolines_start = .
 *(.trampolines)
 .trampolines   0x00000108        0x0 linker stubs
 *(.trampolines*)
                0x00000108                __trampolines_end = .
 *libprintf_flt.a:*(.progmem.data)
 *libc.a:*(.progmem.data)
 *(.progmem*)
 .progmem.data._ZL9INA_text3
                0x00000108        0x5 menu.o
 .progmem.data._ZL9INA_text2
                0x0000010d       0x11 menu.o
 .progmem.data._ZL9INA_text1
                0x0000011e       0x11 menu.o
 .progmem.data._ZL9INA_text0
                0x0000012f       0x11 menu.o
 .progmem.data._ZL13liveReadText2
                0x00000140        0x5 menu.o
 .progmem.data._ZL13liveReadText1
                0x00000145        0x6 menu.o
 .progmem.data._ZL13liveReadText0
                0x0000014b        0x6 menu.o
 .progmem.data._ZL17configureAdcText1
                0x00000151        0x5 menu.o
 .progmem.data._ZL17configureAdcText0
                0x00000156       0x15 menu.o
 .progmem.data._ZL20calibrationDoneText1
                0x0000016b        0x5 menu.o
 .progmem.data._ZL20calibrationDoneText0
                0x00000170       0x11 menu.o
 .progmem.data._ZL20calibrateOffsetText1
                0x00000181       0x16 menu.o
 .progmem.data._ZL20calibrateOffsetText0
                0x00000197        0xd menu.o
 .progmem.data._ZL18calibrateGainText1
                0x000001a4       0x16 menu.o
 .progmem.data._ZL18calibrateGainText0
                0x000001ba        0xe menu.o
 .progmem.data._ZL10main_text3
                0x000001c8        0xc menu.o
 .progmem.data._ZL10main_text2
                0x000001d4        0xd menu.o
 .progmem.data._ZL10main_text1
                0x000001e1        0xd menu.o
 .progmem.data._ZL10main_text0
                0x000001ee       0x10 menu.o
 .progmem.data._ZL13welcome_text3
                0x000001fe        0x9 menu.o
 .progmem.data._ZL13welcome_text2
                0x00000207        0xb menu.o
 .progmem.data._ZL13welcome_text1
                0x00000212       0x10 menu.o
 .progmem.data._ZL13welcome_text0
                0x00000222       0x11 menu.o
 .progmem.data.digital_pin_to_timer_PGM
                0x00000233       0x46 C:\Users\Anthony\Documents\Atmel Studio\7.0\LiquidMenu\LiquidMenu\LiquidMenu\ArduinoCore\Debug\libArduinoCore.a(wiring_digital.o)
                0x00000233                digital_pin_to_timer_PGM
 .progmem.data.digital_pin_to_bit_mask_PGM
                0x00000279       0x46 C:\Users\Anthony\Documents\Atmel Studio\7.0\LiquidMenu\LiquidMenu\LiquidMenu\ArduinoCore\Debug\libArduinoCore.a(wiring_digital.o)
                0x00000279                digital_pin_to_bit_mask_PGM
 .progmem.data.digital_pin_to_port_PGM
                0x000002bf       0x46 C:\Users\Anthony\Documents\Atmel Studio\7.0\LiquidMenu\LiquidMenu\LiquidMenu\ArduinoCore\Debug\libArduinoCore.a(wiring_digital.o)
                0x000002bf                digital_pin_to_port_PGM
 .progmem.data.port_to_input_PGM
                0x00000305       0x1a C:\Users\Anthony\Documents\Atmel Studio\7.0\LiquidMenu\LiquidMenu\LiquidMenu\ArduinoCore\Debug\libArduinoCore.a(wiring_digital.o)
                0x00000305                port_to_input_PGM
 .progmem.data.port_to_output_PGM
                0x0000031f       0x1a C:\Users\Anthony\Documents\Atmel Studio\7.0\LiquidMenu\LiquidMenu\LiquidMenu\ArduinoCore\Debug\libArduinoCore.a(wiring_digital.o)
                0x0000031f                port_to_output_PGM
 .progmem.data.port_to_mode_PGM
                0x00000339       0x1a C:\Users\Anthony\Documents\Atmel Studio\7.0\LiquidMenu\LiquidMenu\LiquidMenu\ArduinoCore\Debug\libArduinoCore.a(wiring_digital.o)
                0x00000339                port_to_mode_PGM
                0x00000354                . = ALIGN (0x2)
 *fill*         0x00000353        0x1 
 *(.jumptables)
 *(.jumptables*)
 *(.lowtext)
 *(.lowtext*)
                0x00000354                __ctors_start = .
 *(.ctors)
 .ctors         0x00000354        0x2 menu.o
 .ctors         0x00000356        0x2 Sketch.o
 .ctors         0x00000358        0x2 src/libraries/Wire/src/Wire.o
                0x0000035a                __ctors_end = .
                0x0000035a                __dtors_start = .
 *(.dtors)
 .dtors         0x0000035a        0x2 Sketch.o
                0x0000035c                __dtors_end = .
 SORT(*)(.ctors)
 SORT(*)(.dtors)
 *(.init0)
 .init0         0x0000035c        0x0 C:/Program Files (x86)/Atmel/Studio/7.0/Packs/atmel/ATmega_DFP/1.2.209/gcc/dev/atmega2560/avr6/crtatmega2560.o
                0x0000035c                __init
 *(.init0)
 *(.init1)
 *(.init1)
 *(.init2)
 .init2         0x0000035c       0x10 C:/Program Files (x86)/Atmel/Studio/7.0/Packs/atmel/ATmega_DFP/1.2.209/gcc/dev/atmega2560/avr6/crtatmega2560.o
 *(.init2)
 *(.init3)
 *(.init3)
 *(.init4)
 .init4         0x0000036c       0x1a c:/program files (x86)/atmel/studio/7.0/toolchain/avr8/avr8-gnu-toolchain/bin/../lib/gcc/avr/5.4.0/avr6\libgcc.a(_copy_data.o)
                0x0000036c                __do_copy_data
 .init4         0x00000386       0x10 c:/program files (x86)/atmel/studio/7.0/toolchain/avr8/avr8-gnu-toolchain/bin/../lib/gcc/avr/5.4.0/avr6\libgcc.a(_clear_bss.o)
                0x00000386                __do_clear_bss
 *(.init4)
 *(.init5)
 *(.init5)
 *(.init6)
 .init6         0x00000396       0x20 c:/program files (x86)/atmel/studio/7.0/toolchain/avr8/avr8-gnu-toolchain/bin/../lib/gcc/avr/5.4.0/avr6\libgcc.a(_ctors.o)
                0x00000396                __do_global_ctors
 *(.init6)
 *(.init7)
 *(.init7)
 *(.init8)
 *(.init8)
 *(.init9)
 .init9         0x000003b6        0x8 C:/Program Files (x86)/Atmel/Studio/7.0/Packs/atmel/ATmega_DFP/1.2.209/gcc/dev/atmega2560/avr6/crtatmega2560.o
 *(.init9)
 *(.text)
 .text          0x000003be        0x2 C:/Program Files (x86)/Atmel/Studio/7.0/Packs/atmel/ATmega_DFP/1.2.209/gcc/dev/atmega2560/avr6/crtatmega2560.o
                0x000003be                __vector_38
                0x000003be                __vector_22
                0x000003be                __vector_28
                0x000003be                __vector_1
                0x000003be                __vector_32
                0x000003be                __vector_34
                0x000003be                __vector_24
                0x000003be                __vector_12
                0x000003be                __vector_55
                0x000003be                __vector_46
                0x000003be                __bad_interrupt
                0x000003be                __vector_6
                0x000003be                __vector_31
                0x000003be                __vector_35
                0x000003be                __vector_3
                0x000003be                __vector_30
                0x000003be                __vector_45
                0x000003be                __vector_25
                0x000003be                __vector_11
                0x000003be                __vector_54
                0x000003be                __vector_13
                0x000003be                __vector_17
                0x000003be                __vector_19
                0x000003be                __vector_56
                0x000003be                __vector_7
                0x000003be                __vector_49
                0x000003be                __vector_41
                0x000003be                __vector_43
                0x000003be                __vector_27
                0x000003be                __vector_5
                0x000003be                __vector_33
                0x000003be                __vector_47
                0x000003be                __vector_52
                0x000003be                __vector_37
                0x000003be                __vector_4
                0x000003be                __vector_44
                0x000003be                __vector_51
                0x000003be                __vector_9
                0x000003be                __vector_2
                0x000003be                __vector_21
                0x000003be                __vector_15
                0x000003be                __vector_36
                0x000003be                __vector_29
                0x000003be                __vector_40
                0x000003be                __vector_8
                0x000003be                __vector_26
                0x000003be                __vector_48
                0x000003be                __vector_14
                0x000003be                __vector_53
                0x000003be                __vector_10
                0x000003be                __vector_50
                0x000003be                __vector_16
                0x000003be                __vector_18
                0x000003be                __vector_20
                0x000003be                __vector_42
                0x000003c0                . = ALIGN (0x2)
 *(.text.*)
 .text._ZN11SPISettingsC2Emhh
                0x000003c0       0x4a ADS1241.o
                0x000003c0                _ZN11SPISettingsC1Emhh
                0x000003c0                _ZN11SPISettingsC2Emhh
 .text._ZN8SPIClass16beginTransactionE11SPISettings
                0x0000040a       0x34 ADS1241.o
                0x0000040a                _ZN8SPIClass16beginTransactionE11SPISettings
 .text._ZN8SPIClass8transferEh
                0x0000043e        0xe ADS1241.o
                0x0000043e                _ZN8SPIClass8transferEh
 .text._ZN8SPIClass14endTransactionEv
                0x0000044c       0x22 ADS1241.o
                0x0000044c                _ZN8SPIClass14endTransactionEv
 .text._ZN7ADS1241C2Ev
                0x0000046e        0x2 ADS1241.o
                0x0000046e                _ZN7ADS1241C2Ev
                0x0000046e                _ZN7ADS1241C1Ev
 .text._ZN7ADS1241D2Ev
                0x00000470        0x2 ADS1241.o
                0x00000470                _ZN7ADS1241D2Ev
                0x00000470                _ZN7ADS1241D1Ev
 .text._ZN7ADS12415writeEhh
                0x00000472       0x62 ADS1241.o
                0x00000472                _ZN7ADS12415writeEhh
 .text._ZN7ADS12414readEh
                0x000004d4       0x6c ADS1241.o
                0x000004d4                _ZN7ADS12414readEh
 .text._ZN7ADS124110read24bitsEh
                0x00000540       0x96 ADS1241.o
                0x00000540                _ZN7ADS124110read24bitsEh
 .text._ZN7ADS124113selectChannelEh
                0x000005d6        0xc ADS1241.o
                0x000005d6                _ZN7ADS124113selectChannelEh
 .text._ZN7ADS124110getVoltageEh
                0x000005e2       0xac ADS1241.o
                0x000005e2                _ZN7ADS124110getVoltageEh
 .text._ZN7ADS12418setupBUFEb
                0x0000068e       0x14 ADS1241.o
                0x0000068e                _ZN7ADS12418setupBUFEb
 .text._ZN7ADS12415rangeEb
                0x000006a2       0x26 ADS1241.o
                0x000006a2                _ZN7ADS12415rangeEb
 .text._ZN7ADS124113calibrateGainEv
                0x000006c8       0x42 ADS1241.o
                0x000006c8                _ZN7ADS124113calibrateGainEv
 .text._ZN7ADS124115calibrateOffsetEv
                0x0000070a       0x42 ADS1241.o
                0x0000070a                _ZN7ADS124115calibrateOffsetEv
 .text._Z6setMuxh
                0x0000074c       0x98 utility.o
                0x0000074c                _Z6setMuxh
 .text._Z12buttonsCheckR10PushbuttonS0_S0_R10LiquidMenu
                0x000007e4       0x64 utility.o
                0x000007e4                _Z12buttonsCheckR10PushbuttonS0_S0_R10LiquidMenu
 .text._Z13emptyfunctionv
                0x00000848        0x2 utility.o
                0x00000848                _Z13emptyfunctionv
 .text._Z12putInProgmemv
                0x0000084a       0xe6 menu.o
                0x0000084a                _Z12putInProgmemv
 .text._Z15enableScrollingv
                0x00000930       0x4e menu.o
                0x00000930                _Z15enableScrollingv
 .text._Z14gotoMainScreenv
                0x0000097e        0xc menu.o
                0x0000097e                _Z14gotoMainScreenv
 .text._Z27gotoCalibrationOffsetScreenv
                0x0000098a        0xc menu.o
                0x0000098a                _Z27gotoCalibrationOffsetScreenv
 .text._Z25gotoCalibrationGainScreenv
                0x00000996        0xc menu.o
                0x00000996                _Z25gotoCalibrationGainScreenv
 .text._Z22gotoConfigureAdcScreenv
                0x000009a2        0xc menu.o
                0x000009a2                _Z22gotoConfigureAdcScreenv
 .text._Z22gotoLiveReadingsScreenv
                0x000009ae        0xc menu.o
                0x000009ae                _Z22gotoLiveReadingsScreenv
 .text._Z25gotoCalibrationDoneScreenv
                0x000009ba        0xc menu.o
                0x000009ba                _Z25gotoCalibrationDoneScreenv
 .text._ZN10LiquidLine12add_variableIA6_KcEEbRT_
                0x000009c6       0x54 menu.o
                0x000009c6                _ZN10LiquidLine12add_variableIA6_KcEEbRT_
 .text._ZN10LiquidLineC2IA6_KcEEhhRT_
                0x00000a1a       0x52 menu.o
                0x00000a1a                _ZN10LiquidLineC1IA6_KcEEhhRT_
                0x00000a1a                _ZN10LiquidLineC2IA6_KcEEhhRT_
 .text._ZN10LiquidLineC2IA17_KcmA3_S1_EEhhRT_RT0_RT1_
                0x00000a6c       0x64 menu.o
                0x00000a6c                _ZN10LiquidLineC1IA17_KcmA3_S1_EEhhRT_RT0_RT1_
                0x00000a6c                _ZN10LiquidLineC2IA17_KcmA3_S1_EEhhRT_RT0_RT1_
 .text.startup._GLOBAL__sub_I_welcome_line0
                0x00000ad0      0x218 menu.o
 .text._Z18calibrateOffsetADCv
                0x00000ce8        0x6 Sketch.o
                0x00000ce8                _Z18calibrateOffsetADCv
 .text._Z16calibrateGainADCv
                0x00000cee        0x6 Sketch.o
                0x00000cee                _Z16calibrateGainADCv
 .text.setup    0x00000cf4      0x328 Sketch.o
                0x00000cf4                setup
 .text.loop     0x0000101c        0x2 Sketch.o
                0x0000101c                loop
 .text.startup._GLOBAL__sub_I_updatePeriod
                0x0000101e       0x78 Sketch.o
 .text.exit._GLOBAL__sub_D_updatePeriod
                0x00001096        0xc Sketch.o
 .text._ZN6inaDetC2E9inaEEPROM
                0x000010a2      0x242 src/libraries/INA-master/src/INA.o
                0x000010a2                _ZN6inaDetC1E9inaEEPROM
                0x000010a2                _ZN6inaDetC2E9inaEEPROM
 .text._ZN9INA_ClassC2Ev
                0x000012e4        0xa src/libraries/INA-master/src/INA.o
                0x000012e4                _ZN9INA_ClassC2Ev
                0x000012e4                _ZN9INA_ClassC1Ev
 .text._ZN9INA_ClassD2Ev
                0x000012ee        0x2 src/libraries/INA-master/src/INA.o
                0x000012ee                _ZN9INA_ClassD2Ev
                0x000012ee                _ZN9INA_ClassD1Ev
 .text._ZN9INA_Class17readInafromEEPROMEh
                0x000012f0       0xb4 src/libraries/INA-master/src/INA.o
                0x000012f0                _ZN9INA_Class17readInafromEEPROMEh
 .text._ZN9INA_Class16writeInatoEEPROMEh
                0x000013a4       0x66 src/libraries/INA-master/src/INA.o
                0x000013a4                _ZN9INA_Class16writeInatoEEPROMEh
 .text._ZN9INA_Class11setI2CSpeedEm
                0x0000140a        0x8 src/libraries/INA-master/src/INA.o
                0x0000140a                _ZN9INA_Class11setI2CSpeedEm
 .text._ZN9INA_Class9writeWordEhjh
                0x00001412       0x48 src/libraries/INA-master/src/INA.o
                0x00001412                _ZN9INA_Class9writeWordEhjh
 .text._ZN9INA_Class10initDeviceEh
                0x0000145a      0x23c src/libraries/INA-master/src/INA.o
                0x0000145a                _ZN9INA_Class10initDeviceEh
 .text._ZN9INA_Class8readWordEhh
                0x00001696       0x54 src/libraries/INA-master/src/INA.o
                0x00001696                _ZN9INA_Class8readWordEhh
 .text._ZN9INA_Class5beginEhmh
                0x000016ea      0x254 src/libraries/INA-master/src/INA.o
                0x000016ea                _ZN9INA_Class5beginEhmh
 .text._ZN9INA_Class16setBusConversionEmh
                0x0000193e      0x218 src/libraries/INA-master/src/INA.o
                0x0000193e                _ZN9INA_Class16setBusConversionEmh
 .text._ZN9INA_Class18setShuntConversionEmh
                0x00001b56      0x204 src/libraries/INA-master/src/INA.o
                0x00001b56                _ZN9INA_Class18setShuntConversionEmh
 .text._ZN9INA_Class9getBusRawEh
                0x00001d5a       0x64 src/libraries/INA-master/src/INA.o
                0x00001d5a                _ZN9INA_Class9getBusRawEh
 .text._ZN9INA_Class16getBusMilliVoltsEh
                0x00001dbe       0x26 src/libraries/INA-master/src/INA.o
                0x00001dbe                _ZN9INA_Class16getBusMilliVoltsEh
 .text._ZN9INA_Class18getShuntMicroVoltsEh
                0x00001de4       0x7a src/libraries/INA-master/src/INA.o
                0x00001de4                _ZN9INA_Class18getShuntMicroVoltsEh
 .text._ZN9INA_Class15getBusMicroAmpsEh
                0x00001e5e      0x128 src/libraries/INA-master/src/INA.o
                0x00001e5e                _ZN9INA_Class15getBusMicroAmpsEh
 .text._ZN9INA_Class11getShuntRawEh
                0x00001f86       0x84 src/libraries/INA-master/src/INA.o
                0x00001f86                _ZN9INA_Class11getShuntRawEh
 .text._ZN9INA_Class7setModeEhh
                0x0000200a       0x7c src/libraries/INA-master/src/INA.o
                0x0000200a                _ZN9INA_Class7setModeEhh
 .text._ZN9INA_Class12setAveragingEjh
                0x00002086      0x14c src/libraries/INA-master/src/INA.o
                0x00002086                _ZN9INA_Class12setAveragingEjh
 .text.twi_init
                0x000021d2       0x38 src/libraries/Wire/src/utility/twi.o
                0x000021d2                twi_init
 .text.twi_setFrequency
                0x0000220a       0x28 src/libraries/Wire/src/utility/twi.o
                0x0000220a                twi_setFrequency
 .text.twi_readFrom
                0x00002232       0x90 src/libraries/Wire/src/utility/twi.o
                0x00002232                twi_readFrom
 .text.twi_writeTo
                0x000022c2       0xac src/libraries/Wire/src/utility/twi.o
                0x000022c2                twi_writeTo
 .text.twi_transmit
                0x0000236e       0x50 src/libraries/Wire/src/utility/twi.o
                0x0000236e                twi_transmit
 .text.twi_attachSlaveRxEvent
                0x000023be        0xa src/libraries/Wire/src/utility/twi.o
                0x000023be                twi_attachSlaveRxEvent
 .text.twi_attachSlaveTxEvent
                0x000023c8        0xa src/libraries/Wire/src/utility/twi.o
                0x000023c8                twi_attachSlaveTxEvent
 .text.twi_stop
                0x000023d2       0x14 src/libraries/Wire/src/utility/twi.o
                0x000023d2                twi_stop
 .text.twi_releaseBus
                0x000023e6        0xc src/libraries/Wire/src/utility/twi.o
                0x000023e6                twi_releaseBus
 .text.__vector_39
                0x000023f2      0x25c src/libraries/Wire/src/utility/twi.o
                0x000023f2                __vector_39
 .text._ZN5Print17availableForWriteEv
                0x0000264e        0x6 src/libraries/Wire/src/Wire.o
                0x0000264e                _ZN5Print17availableForWriteEv
 .text._ZN5Print5flushEv
                0x00002654        0x2 src/libraries/Wire/src/Wire.o
                0x00002654                _ZN5Print5flushEv
 .text._ZN7TwoWire9availableEv
                0x00002656       0x10 src/libraries/Wire/src/Wire.o
                0x00002656                _ZN7TwoWire9availableEv
 .text._ZN7TwoWire4readEv
                0x00002666       0x28 src/libraries/Wire/src/Wire.o
                0x00002666                _ZN7TwoWire4readEv
 .text._ZN7TwoWire4peekEv
                0x0000268e       0x1e src/libraries/Wire/src/Wire.o
                0x0000268e                _ZN7TwoWire4peekEv
 .text._ZN7TwoWire5flushEv
                0x000026ac        0x2 src/libraries/Wire/src/Wire.o
                0x000026ac                _ZN7TwoWire5flushEv
 .text._ZN7TwoWire16onReceiveServiceEPhi
                0x000026ae       0x54 src/libraries/Wire/src/Wire.o
                0x000026ae                _ZN7TwoWire16onReceiveServiceEPhi
 .text._ZN7TwoWire16onRequestServiceEv
                0x00002702       0x18 src/libraries/Wire/src/Wire.o
                0x00002702                _ZN7TwoWire16onRequestServiceEv
 .text._ZN7TwoWire5writeEPKhj
                0x0000271a       0x58 src/libraries/Wire/src/Wire.o
                0x0000271a                _ZN7TwoWire5writeEPKhj
 .text._ZN7TwoWire5writeEh
                0x00002772       0x5c src/libraries/Wire/src/Wire.o
                0x00002772                _ZN7TwoWire5writeEh
 .text._ZN7TwoWireC2Ev
                0x000027ce       0x20 src/libraries/Wire/src/Wire.o
                0x000027ce                _ZN7TwoWireC1Ev
                0x000027ce                _ZN7TwoWireC2Ev
 .text._ZN7TwoWire5beginEv
                0x000027ee       0x1e src/libraries/Wire/src/Wire.o
                0x000027ee                _ZN7TwoWire5beginEv
 .text._ZN7TwoWire8setClockEm
                0x0000280c        0x6 src/libraries/Wire/src/Wire.o
                0x0000280c                _ZN7TwoWire8setClockEm
 .text._ZN7TwoWire17beginTransmissionEh
                0x00002812       0x14 src/libraries/Wire/src/Wire.o
                0x00002812                _ZN7TwoWire17beginTransmissionEh
 .text._ZN7TwoWire15endTransmissionEh
                0x00002826       0x24 src/libraries/Wire/src/Wire.o
                0x00002826                _ZN7TwoWire15endTransmissionEh
 .text._ZN7TwoWire11requestFromEhhmhh
                0x0000284a       0xa2 src/libraries/Wire/src/Wire.o
                0x0000284a                _ZN7TwoWire11requestFromEhhmhh
 .text._ZN7TwoWire11requestFromEhhh
                0x000028ec       0x1e src/libraries/Wire/src/Wire.o
                0x000028ec                _ZN7TwoWire11requestFromEhhh
 .text._ZN7TwoWire11requestFromEhh
                0x0000290a        0x4 src/libraries/Wire/src/Wire.o
                0x0000290a                _ZN7TwoWire11requestFromEhh
 .text._ZN7TwoWire15endTransmissionEv
                0x0000290e        0x4 src/libraries/Wire/src/Wire.o
                0x0000290e                _ZN7TwoWire15endTransmissionEv
 .text.startup._GLOBAL__sub_I__ZN7TwoWire8rxBufferE
                0x00002912        0x6 src/libraries/Wire/src/Wire.o
 .text.avr-libc.fplib
                0x00002918        0xa c:/program files (x86)/atmel/studio/7.0/toolchain/avr8/avr8-gnu-toolchain/bin/../lib/gcc/avr/5.4.0/../../../../avr/lib/avr6\libm.a(addsf3.o)
                0x00002918                __subsf3
                0x0000291a                __addsf3
 .text.avr-libc.fplib
                0x00002922       0xc0 c:/program files (x86)/atmel/studio/7.0/toolchain/avr8/avr8-gnu-toolchain/bin/../lib/gcc/avr/5.4.0/../../../../avr/lib/avr6\libm.a(addsf3x.o)
                0x0000293c                __addsf3x
 .text.avr-libc.fplib
                0x000029e2        0x4 c:/program files (x86)/atmel/studio/7.0/toolchain/avr8/avr8-gnu-toolchain/bin/../lib/gcc/avr/5.4.0/../../../../avr/lib/avr6\libm.a(divsf3.o)
                0x000029e2                __divsf3
 .text.avr-libc.fplib
                0x000029e6       0xcc c:/program files (x86)/atmel/studio/7.0/toolchain/avr8/avr8-gnu-toolchain/bin/../lib/gcc/avr/5.4.0/../../../../avr/lib/avr6\libm.a(divsf3x.o)
                0x000029fc                __divsf3x
                0x00002a00                __divsf3_pse
 .text.avr-libc.fplib
                0x00002ab2       0x58 c:/program files (x86)/atmel/studio/7.0/toolchain/avr8/avr8-gnu-toolchain/bin/../lib/gcc/avr/5.4.0/../../../../avr/lib/avr6\libm.a(fixunssfsi.o)
                0x00002ab2                __fixunssfsi
 .text.avr-libc.fplib
                0x00002b0a       0x7a c:/program files (x86)/atmel/studio/7.0/toolchain/avr8/avr8-gnu-toolchain/bin/../lib/gcc/avr/5.4.0/../../../../avr/lib/avr6\libm.a(floatsisf.o)
                0x00002b0a                __floatunsisf
                0x00002b0e                __floatsisf
 .text.avr-libc.fplib
                0x00002b84        0xc c:/program files (x86)/atmel/studio/7.0/toolchain/avr8/avr8-gnu-toolchain/bin/../lib/gcc/avr/5.4.0/../../../../avr/lib/avr6\libm.a(fp_inf.o)
                0x00002b84                __fp_inf
 .text.avr-libc.fplib
                0x00002b90        0x6 c:/program files (x86)/atmel/studio/7.0/toolchain/avr8/avr8-gnu-toolchain/bin/../lib/gcc/avr/5.4.0/../../../../avr/lib/avr6\libm.a(fp_nan.o)
                0x00002b90                __fp_nan
 .text.avr-libc.fplib
                0x00002b96        0xe c:/program files (x86)/atmel/studio/7.0/toolchain/avr8/avr8-gnu-toolchain/bin/../lib/gcc/avr/5.4.0/../../../../avr/lib/avr6\libm.a(fp_pscA.o)
                0x00002b96                __fp_pscA
 .text.avr-libc.fplib
                0x00002ba4        0xe c:/program files (x86)/atmel/studio/7.0/toolchain/avr8/avr8-gnu-toolchain/bin/../lib/gcc/avr/5.4.0/../../../../avr/lib/avr6\libm.a(fp_pscB.o)
                0x00002ba4                __fp_pscB
 .text.avr-libc.fplib
                0x00002bb2       0x22 c:/program files (x86)/atmel/studio/7.0/toolchain/avr8/avr8-gnu-toolchain/bin/../lib/gcc/avr/5.4.0/../../../../avr/lib/avr6\libm.a(fp_round.o)
                0x00002bb2                __fp_round
 .text.avr-libc.fplib
                0x00002bd4       0x44 c:/program files (x86)/atmel/studio/7.0/toolchain/avr8/avr8-gnu-toolchain/bin/../lib/gcc/avr/5.4.0/../../../../avr/lib/avr6\libm.a(fp_split3.o)
                0x00002bd4                __fp_split3
                0x00002be4                __fp_splitA
 .text.avr-libc.fplib
                0x00002c18        0xe c:/program files (x86)/atmel/studio/7.0/toolchain/avr8/avr8-gnu-toolchain/bin/../lib/gcc/avr/5.4.0/../../../../avr/lib/avr6\libm.a(fp_zero.o)
                0x00002c18                __fp_zero
                0x00002c1a                __fp_szero
 .text.avr-libc.fplib
                0x00002c26        0x4 c:/program files (x86)/atmel/studio/7.0/toolchain/avr8/avr8-gnu-toolchain/bin/../lib/gcc/avr/5.4.0/../../../../avr/lib/avr6\libm.a(mulsf3.o)
                0x00002c26                __mulsf3
 .text.avr-libc.fplib
                0x00002c2a       0xc2 c:/program files (x86)/atmel/studio/7.0/toolchain/avr8/avr8-gnu-toolchain/bin/../lib/gcc/avr/5.4.0/../../../../avr/lib/avr6\libm.a(mulsf3x.o)
                0x00002c3e                __mulsf3x
                0x00002c42                __mulsf3_pse
 .text.initVariant
                0x00002cec        0x2 C:\Users\Anthony\Documents\Atmel Studio\7.0\LiquidMenu\LiquidMenu\LiquidMenu\ArduinoCore\Debug\libArduinoCore.a(main.o)
                0x00002cec                initVariant
 .text.startup.main
                0x00002cee       0x1a C:\Users\Anthony\Documents\Atmel Studio\7.0\LiquidMenu\LiquidMenu\LiquidMenu\ArduinoCore\Debug\libArduinoCore.a(main.o)
                0x00002cee                main
 .text.__vector_23
                0x00002d08       0x94 C:\Users\Anthony\Documents\Atmel Studio\7.0\LiquidMenu\LiquidMenu\LiquidMenu\ArduinoCore\Debug\libArduinoCore.a(wiring.o)
                0x00002d08                __vector_23
 .text.millis   0x00002d9c       0x18 C:\Users\Anthony\Documents\Atmel Studio\7.0\LiquidMenu\LiquidMenu\LiquidMenu\ArduinoCore\Debug\libArduinoCore.a(wiring.o)
                0x00002d9c                millis
 .text.micros   0x00002db4       0x4a C:\Users\Anthony\Documents\Atmel Studio\7.0\LiquidMenu\LiquidMenu\LiquidMenu\ArduinoCore\Debug\libArduinoCore.a(wiring.o)
                0x00002db4                micros
 .text.delay    0x00002dfe       0x72 C:\Users\Anthony\Documents\Atmel Studio\7.0\LiquidMenu\LiquidMenu\LiquidMenu\ArduinoCore\Debug\libArduinoCore.a(wiring.o)
                0x00002dfe                delay
 .text.delayMicroseconds
                0x00002e70       0x16 C:\Users\Anthony\Documents\Atmel Studio\7.0\LiquidMenu\LiquidMenu\LiquidMenu\ArduinoCore\Debug\libArduinoCore.a(wiring.o)
                0x00002e70                delayMicroseconds
 .text.init     0x00002e86       0xc4 C:\Users\Anthony\Documents\Atmel Studio\7.0\LiquidMenu\LiquidMenu\LiquidMenu\ArduinoCore\Debug\libArduinoCore.a(wiring.o)
                0x00002e86                init
 .text.turnOffPWM
                0x00002f4a       0xac C:\Users\Anthony\Documents\Atmel Studio\7.0\LiquidMenu\LiquidMenu\LiquidMenu\ArduinoCore\Debug\libArduinoCore.a(wiring_digital.o)
 .text.pinMode  0x00002ff6       0x78 C:\Users\Anthony\Documents\Atmel Studio\7.0\LiquidMenu\LiquidMenu\LiquidMenu\ArduinoCore\Debug\libArduinoCore.a(wiring_digital.o)
                0x00002ff6                pinMode
 .text.digitalWrite
                0x0000306e       0x5c C:\Users\Anthony\Documents\Atmel Studio\7.0\LiquidMenu\LiquidMenu\LiquidMenu\ArduinoCore\Debug\libArduinoCore.a(wiring_digital.o)
                0x0000306e                digitalWrite
 .text.digitalRead
                0x000030ca       0x50 C:\Users\Anthony\Documents\Atmel Studio\7.0\LiquidMenu\LiquidMenu\LiquidMenu\ArduinoCore\Debug\libArduinoCore.a(wiring_digital.o)
                0x000030ca                digitalRead
 .text._ZN13LiquidCrystal11pulseEnableEv
                0x0000311a       0x2e C:\Users\Anthony\Documents\Atmel Studio\7.0\LiquidMenu\LiquidMenu\LiquidMenu\ArduinoCore\Debug\libArduinoCore.a(LiquidCrystal.o)
                0x0000311a                _ZN13LiquidCrystal11pulseEnableEv
 .text._ZN13LiquidCrystal10write4bitsEh
                0x00003148       0x56 C:\Users\Anthony\Documents\Atmel Studio\7.0\LiquidMenu\LiquidMenu\LiquidMenu\ArduinoCore\Debug\libArduinoCore.a(LiquidCrystal.o)
                0x00003148                _ZN13LiquidCrystal10write4bitsEh
 .text._ZN13LiquidCrystal10write8bitsEh
                0x0000319e       0x56 C:\Users\Anthony\Documents\Atmel Studio\7.0\LiquidMenu\LiquidMenu\LiquidMenu\ArduinoCore\Debug\libArduinoCore.a(LiquidCrystal.o)
                0x0000319e                _ZN13LiquidCrystal10write8bitsEh
 .text._ZN13LiquidCrystal4sendEhh
                0x000031f4       0x48 C:\Users\Anthony\Documents\Atmel Studio\7.0\LiquidMenu\LiquidMenu\LiquidMenu\ArduinoCore\Debug\libArduinoCore.a(LiquidCrystal.o)
                0x000031f4                _ZN13LiquidCrystal4sendEhh
 .text._ZN13LiquidCrystal7commandEh
                0x0000323c        0x4 C:\Users\Anthony\Documents\Atmel Studio\7.0\LiquidMenu\LiquidMenu\LiquidMenu\ArduinoCore\Debug\libArduinoCore.a(LiquidCrystal.o)
                0x0000323c                _ZN13LiquidCrystal7commandEh
 .text._ZN13LiquidCrystal5clearEv
                0x00003240        0xa C:\Users\Anthony\Documents\Atmel Studio\7.0\LiquidMenu\LiquidMenu\LiquidMenu\ArduinoCore\Debug\libArduinoCore.a(LiquidCrystal.o)
                0x00003240                _ZN13LiquidCrystal5clearEv
 .text._ZN13LiquidCrystal9setCursorEhh
                0x0000324a       0x24 C:\Users\Anthony\Documents\Atmel Studio\7.0\LiquidMenu\LiquidMenu\LiquidMenu\ArduinoCore\Debug\libArduinoCore.a(LiquidCrystal.o)
                0x0000324a                _ZN13LiquidCrystal9setCursorEhh
 .text._ZN13LiquidCrystal7displayEv
                0x0000326e        0xe C:\Users\Anthony\Documents\Atmel Studio\7.0\LiquidMenu\LiquidMenu\LiquidMenu\ArduinoCore\Debug\libArduinoCore.a(LiquidCrystal.o)
                0x0000326e                _ZN13LiquidCrystal7displayEv
 .text._ZN13LiquidCrystal5beginEhhh
                0x0000327c      0x11a C:\Users\Anthony\Documents\Atmel Studio\7.0\LiquidMenu\LiquidMenu\LiquidMenu\ArduinoCore\Debug\libArduinoCore.a(LiquidCrystal.o)
                0x0000327c                _ZN13LiquidCrystal5beginEhhh
 .text._ZN13LiquidCrystalC2Ehhhhhhh
                0x00003396       0x40 C:\Users\Anthony\Documents\Atmel Studio\7.0\LiquidMenu\LiquidMenu\LiquidMenu\ArduinoCore\Debug\libArduinoCore.a(LiquidCrystal.o)
                0x00003396                _ZN13LiquidCrystalC2Ehhhhhhh
                0x00003396                _ZN13LiquidCrystalC1Ehhhhhhh
 .text._ZN13LiquidCrystal5writeEh
                0x000033d6        0xa C:\Users\Anthony\Documents\Atmel Studio\7.0\LiquidMenu\LiquidMenu\LiquidMenu\ArduinoCore\Debug\libArduinoCore.a(LiquidCrystal.o)
                0x000033d6                _ZN13LiquidCrystal5writeEh
 .text._Z8print_mej
                0x000033e0        0x2 C:\Users\Anthony\Documents\Atmel Studio\7.0\LiquidMenu\LiquidMenu\LiquidMenu\ArduinoCore\Debug\libArduinoCore.a(LiquidLine.o)
                0x000033e0                _Z8print_mej
 .text._ZN10LiquidLine15attach_functionEhPFvvE
                0x000033e2       0x20 C:\Users\Anthony\Documents\Atmel Studio\7.0\LiquidMenu\LiquidMenu\LiquidMenu\ArduinoCore\Debug\libArduinoCore.a(LiquidLine.o)
                0x000033e2                _ZN10LiquidLine15attach_functionEhPFvvE
 .text._ZN10LiquidLine13set_asProgmemEh
                0x00003402       0x1e C:\Users\Anthony\Documents\Atmel Studio\7.0\LiquidMenu\LiquidMenu\LiquidMenu\ArduinoCore\Debug\libArduinoCore.a(LiquidLine.o)
                0x00003402                _ZN10LiquidLine13set_asProgmemEh
 .text._ZN10LiquidLine14print_variableEP13LiquidCrystalh
                0x00003420      0x3c8 C:\Users\Anthony\Documents\Atmel Studio\7.0\LiquidMenu\LiquidMenu\LiquidMenu\ArduinoCore\Debug\libArduinoCore.a(LiquidLine.o)
                0x00003420                _ZN10LiquidLine14print_variableEP13LiquidCrystalh
 .text._ZN10LiquidLine5printEP13LiquidCrystalb
                0x000037e8       0xa8 C:\Users\Anthony\Documents\Atmel Studio\7.0\LiquidMenu\LiquidMenu\LiquidMenu\ArduinoCore\Debug\libArduinoCore.a(LiquidLine.o)
                0x000037e8                _ZN10LiquidLine5printEP13LiquidCrystalb
 .text._ZNK10LiquidLine13call_functionEh
                0x00003890       0x20 C:\Users\Anthony\Documents\Atmel Studio\7.0\LiquidMenu\LiquidMenu\LiquidMenu\ArduinoCore\Debug\libArduinoCore.a(LiquidLine.o)
                0x00003890                _ZNK10LiquidLine13call_functionEh
 .text._ZN10LiquidMenuC2ER13LiquidCrystalh
                0x000038b0        0xe C:\Users\Anthony\Documents\Atmel Studio\7.0\LiquidMenu\LiquidMenu\LiquidMenu\ArduinoCore\Debug\libArduinoCore.a(LiquidMenu.o)
                0x000038b0                _ZN10LiquidMenuC1ER13LiquidCrystalh
                0x000038b0                _ZN10LiquidMenuC2ER13LiquidCrystalh
 .text._ZN10LiquidMenu10add_screenER12LiquidScreen
                0x000038be       0x36 C:\Users\Anthony\Documents\Atmel Studio\7.0\LiquidMenu\LiquidMenu\LiquidMenu\ArduinoCore\Debug\libArduinoCore.a(LiquidMenu.o)
                0x000038be                _ZN10LiquidMenu10add_screenER12LiquidScreen
 .text._ZNK10LiquidMenu17get_currentScreenEv
                0x000038f4       0x12 C:\Users\Anthony\Documents\Atmel Studio\7.0\LiquidMenu\LiquidMenu\LiquidMenu\ArduinoCore\Debug\libArduinoCore.a(LiquidMenu.o)
                0x000038f4                _ZNK10LiquidMenu17get_currentScreenEv
 .text._ZNK10LiquidMenu10softUpdateEv
                0x00003906       0x16 C:\Users\Anthony\Documents\Atmel Studio\7.0\LiquidMenu\LiquidMenu\LiquidMenu\ArduinoCore\Debug\libArduinoCore.a(LiquidMenu.o)
                0x00003906                _ZNK10LiquidMenu10softUpdateEv
 .text._ZNK10LiquidMenu6updateEv
                0x0000391c       0x14 C:\Users\Anthony\Documents\Atmel Studio\7.0\LiquidMenu\LiquidMenu\LiquidMenu\ArduinoCore\Debug\libArduinoCore.a(LiquidMenu.o)
                0x0000391c                _ZNK10LiquidMenu6updateEv
 .text._ZN10LiquidMenu13change_screenER12LiquidScreen
                0x00003930       0x54 C:\Users\Anthony\Documents\Atmel Studio\7.0\LiquidMenu\LiquidMenu\LiquidMenu\ArduinoCore\Debug\libArduinoCore.a(LiquidMenu.o)
                0x00003930                _ZN10LiquidMenu13change_screenER12LiquidScreen
 .text._ZN10LiquidMenu12switch_focusEb
                0x00003984       0x2e C:\Users\Anthony\Documents\Atmel Studio\7.0\LiquidMenu\LiquidMenu\LiquidMenu\ArduinoCore\Debug\libArduinoCore.a(LiquidMenu.o)
                0x00003984                _ZN10LiquidMenu12switch_focusEb
 .text._ZNK10LiquidMenu13call_functionEh
                0x000039b2       0x2a C:\Users\Anthony\Documents\Atmel Studio\7.0\LiquidMenu\LiquidMenu\LiquidMenu\ArduinoCore\Debug\libArduinoCore.a(LiquidMenu.o)
                0x000039b2                _ZNK10LiquidMenu13call_functionEh
 .text._ZN12LiquidScreen8add_lineER10LiquidLine
                0x000039dc       0x3e C:\Users\Anthony\Documents\Atmel Studio\7.0\LiquidMenu\LiquidMenu\LiquidMenu\ArduinoCore\Debug\libArduinoCore.a(LiquidScreen.o)
                0x000039dc                _ZN12LiquidScreen8add_lineER10LiquidLine
 .text._ZN12LiquidScreenC2ER10LiquidLine
                0x00003a1a        0xa C:\Users\Anthony\Documents\Atmel Studio\7.0\LiquidMenu\LiquidMenu\LiquidMenu\ArduinoCore\Debug\libArduinoCore.a(LiquidScreen.o)
                0x00003a1a                _ZN12LiquidScreenC2ER10LiquidLine
                0x00003a1a                _ZN12LiquidScreenC1ER10LiquidLine
 .text._ZN12LiquidScreenC2ER10LiquidLineS1_
                0x00003a24       0x1c C:\Users\Anthony\Documents\Atmel Studio\7.0\LiquidMenu\LiquidMenu\LiquidMenu\ArduinoCore\Debug\libArduinoCore.a(LiquidScreen.o)
                0x00003a24                _ZN12LiquidScreenC2ER10LiquidLineS1_
                0x00003a24                _ZN12LiquidScreenC1ER10LiquidLineS1_
 .text._ZN12LiquidScreenC2ER10LiquidLineS1_S1_
                0x00003a40       0x1c C:\Users\Anthony\Documents\Atmel Studio\7.0\LiquidMenu\LiquidMenu\LiquidMenu\ArduinoCore\Debug\libArduinoCore.a(LiquidScreen.o)
                0x00003a40                _ZN12LiquidScreenC2ER10LiquidLineS1_S1_
                0x00003a40                _ZN12LiquidScreenC1ER10LiquidLineS1_S1_
 .text._ZN12LiquidScreenC2ER10LiquidLineS1_S1_S1_
                0x00003a5c       0x1a C:\Users\Anthony\Documents\Atmel Studio\7.0\LiquidMenu\LiquidMenu\LiquidMenu\ArduinoCore\Debug\libArduinoCore.a(LiquidScreen.o)
                0x00003a5c                _ZN12LiquidScreenC2ER10LiquidLineS1_S1_S1_
                0x00003a5c                _ZN12LiquidScreenC1ER10LiquidLineS1_S1_S1_
 .text._ZN12LiquidScreen20set_displayLineCountEh
                0x00003a76        0x6 C:\Users\Anthony\Documents\Atmel Studio\7.0\LiquidMenu\LiquidMenu\LiquidMenu\ArduinoCore\Debug\libArduinoCore.a(LiquidScreen.o)
                0x00003a76                _ZN12LiquidScreen20set_displayLineCountEh
 .text._ZNK12LiquidScreen5printEP13LiquidCrystal
                0x00003a7c       0xaa C:\Users\Anthony\Documents\Atmel Studio\7.0\LiquidMenu\LiquidMenu\LiquidMenu\ArduinoCore\Debug\libArduinoCore.a(LiquidScreen.o)
                0x00003a7c                _ZNK12LiquidScreen5printEP13LiquidCrystal
 .text._ZN12LiquidScreen12switch_focusEb
                0x00003b26       0x54 C:\Users\Anthony\Documents\Atmel Studio\7.0\LiquidMenu\LiquidMenu\LiquidMenu\ArduinoCore\Debug\libArduinoCore.a(LiquidScreen.o)
                0x00003b26                _ZN12LiquidScreen12switch_focusEb
 .text._ZNK12LiquidScreen13call_functionEh
                0x00003b7a       0x1c C:\Users\Anthony\Documents\Atmel Studio\7.0\LiquidMenu\LiquidMenu\LiquidMenu\ArduinoCore\Debug\libArduinoCore.a(LiquidScreen.o)
                0x00003b7a                _ZNK12LiquidScreen13call_functionEh
 .text._Z13recognizeTypePKc
                0x00003b96        0x4 C:\Users\Anthony\Documents\Atmel Studio\7.0\LiquidMenu\LiquidMenu\LiquidMenu\ArduinoCore\Debug\libArduinoCore.a(recognizeType.o)
                0x00003b96                _Z13recognizeTypePKc
 .text._Z13recognizeTypem
                0x00003b9a        0x4 C:\Users\Anthony\Documents\Atmel Studio\7.0\LiquidMenu\LiquidMenu\LiquidMenu\ArduinoCore\Debug\libArduinoCore.a(recognizeType.o)
                0x00003b9a                _Z13recognizeTypem
 .text._ZN22PushbuttonStateMachine28getSingleDebouncedRisingEdgeEb
                0x00003b9e       0x74 C:\Users\Anthony\Documents\Atmel Studio\7.0\LiquidMenu\LiquidMenu\LiquidMenu\ArduinoCore\Debug\libArduinoCore.a(Pushbutton.o)
                0x00003b9e                _ZN22PushbuttonStateMachine28getSingleDebouncedRisingEdgeEb
 .text._ZN14PushbuttonBase23getSingleDebouncedPressEv
                0x00003c12       0x1e C:\Users\Anthony\Documents\Atmel Studio\7.0\LiquidMenu\LiquidMenu\LiquidMenu\ArduinoCore\Debug\libArduinoCore.a(Pushbutton.o)
                0x00003c12                _ZN14PushbuttonBase23getSingleDebouncedPressEv
 .text._ZN10PushbuttonC2Ehhh
                0x00003c30       0x28 C:\Users\Anthony\Documents\Atmel Studio\7.0\LiquidMenu\LiquidMenu\LiquidMenu\ArduinoCore\Debug\libArduinoCore.a(Pushbutton.o)
                0x00003c30                _ZN10PushbuttonC2Ehhh
                0x00003c30                _ZN10PushbuttonC1Ehhh
 .text._ZN10Pushbutton5init2Ev
                0x00003c58       0x18 C:\Users\Anthony\Documents\Atmel Studio\7.0\LiquidMenu\LiquidMenu\LiquidMenu\ArduinoCore\Debug\libArduinoCore.a(Pushbutton.o)
                0x00003c58                _ZN10Pushbutton5init2Ev
 .text._ZN10Pushbutton9isPressedEv
                0x00003c70       0x2e C:\Users\Anthony\Documents\Atmel Studio\7.0\LiquidMenu\LiquidMenu\LiquidMenu\ArduinoCore\Debug\libArduinoCore.a(Pushbutton.o)
                0x00003c70                _ZN10Pushbutton9isPressedEv
 .text.__empty  0x00003c9e        0x2 C:\Users\Anthony\Documents\Atmel Studio\7.0\LiquidMenu\LiquidMenu\LiquidMenu\ArduinoCore\Debug\libArduinoCore.a(hooks.o)
                0x00003c9e                yield
 .text._ZN5Print5writeEPKhj
                0x00003ca0       0x54 C:\Users\Anthony\Documents\Atmel Studio\7.0\LiquidMenu\LiquidMenu\LiquidMenu\ArduinoCore\Debug\libArduinoCore.a(Print.o)
                0x00003ca0                _ZN5Print5writeEPKhj
 .text._ZN5Print5writeEPKc
                0x00003cf4       0x2a C:\Users\Anthony\Documents\Atmel Studio\7.0\LiquidMenu\LiquidMenu\LiquidMenu\ArduinoCore\Debug\libArduinoCore.a(Print.o)
                0x00003cf4                _ZN5Print5writeEPKc
 .text._ZN5Print5printEPKc
                0x00003d1e        0x2 C:\Users\Anthony\Documents\Atmel Studio\7.0\LiquidMenu\LiquidMenu\LiquidMenu\ArduinoCore\Debug\libArduinoCore.a(Print.o)
                0x00003d1e                _ZN5Print5printEPKc
 .text._ZN5Print5printEc
                0x00003d20        0xe C:\Users\Anthony\Documents\Atmel Studio\7.0\LiquidMenu\LiquidMenu\LiquidMenu\ArduinoCore\Debug\libArduinoCore.a(Print.o)
                0x00003d20                _ZN5Print5printEc
 .text._ZN5Print11printNumberEmh
                0x00003d2e       0x8e C:\Users\Anthony\Documents\Atmel Studio\7.0\LiquidMenu\LiquidMenu\LiquidMenu\ArduinoCore\Debug\libArduinoCore.a(Print.o)
                0x00003d2e                _ZN5Print11printNumberEmh
 .text._ZN5Print5printEmi
                0x00003dbc       0x18 C:\Users\Anthony\Documents\Atmel Studio\7.0\LiquidMenu\LiquidMenu\LiquidMenu\ArduinoCore\Debug\libArduinoCore.a(Print.o)
                0x00003dbc                _ZN5Print5printEmi
 .text._ZN5Print5printEhi
                0x00003dd4        0xc C:\Users\Anthony\Documents\Atmel Studio\7.0\LiquidMenu\LiquidMenu\LiquidMenu\ArduinoCore\Debug\libArduinoCore.a(Print.o)
                0x00003dd4                _ZN5Print5printEhi
 .text._ZN5Print5printEji
                0x00003de0        0xa C:\Users\Anthony\Documents\Atmel Studio\7.0\LiquidMenu\LiquidMenu\LiquidMenu\ArduinoCore\Debug\libArduinoCore.a(Print.o)
                0x00003de0                _ZN5Print5printEji
 .text._ZN5Print5printEli
                0x00003dea       0x8a C:\Users\Anthony\Documents\Atmel Studio\7.0\LiquidMenu\LiquidMenu\LiquidMenu\ArduinoCore\Debug\libArduinoCore.a(Print.o)
                0x00003dea                _ZN5Print5printEli
 .text._ZN5Print5printEii
                0x00003e74        0xc C:\Users\Anthony\Documents\Atmel Studio\7.0\LiquidMenu\LiquidMenu\LiquidMenu\ArduinoCore\Debug\libArduinoCore.a(Print.o)
                0x00003e74                _ZN5Print5printEii
 .text._ZN5Print10printFloatEdh
                0x00003e80      0x1a0 C:\Users\Anthony\Documents\Atmel Studio\7.0\LiquidMenu\LiquidMenu\LiquidMenu\ArduinoCore\Debug\libArduinoCore.a(Print.o)
                0x00003e80                _ZN5Print10printFloatEdh
 .text._ZN5Print5printEdi
                0x00004020        0x2 C:\Users\Anthony\Documents\Atmel Studio\7.0\LiquidMenu\LiquidMenu\LiquidMenu\ArduinoCore\Debug\libArduinoCore.a(Print.o)
                0x00004020                _ZN5Print5printEdi
 .text.avr-libc.fplib
                0x00004022        0x8 c:/program files (x86)/atmel/studio/7.0/toolchain/avr8/avr8-gnu-toolchain/bin/../lib/gcc/avr/5.4.0/../../../../avr/lib/avr6\libm.a(cmpsf2.o)
                0x00004022                __nesf2
                0x00004022                __eqsf2
                0x00004022                __cmpsf2
                0x00004022                __ltsf2
                0x00004022                __lesf2
 .text.avr-libc.fplib
                0x0000402a       0x48 c:/program files (x86)/atmel/studio/7.0/toolchain/avr8/avr8-gnu-toolchain/bin/../lib/gcc/avr/5.4.0/../../../../avr/lib/avr6\libm.a(fp_cmp.o)
                0x0000402a                __fp_cmp
 .text.avr-libc.fplib
                0x00004072        0x8 c:/program files (x86)/atmel/studio/7.0/toolchain/avr8/avr8-gnu-toolchain/bin/../lib/gcc/avr/5.4.0/../../../../avr/lib/avr6\libm.a(gesf2.o)
                0x00004072                __gesf2
                0x00004072                __gtsf2
 .text.avr-libc.fplib
                0x0000407a        0x8 c:/program files (x86)/atmel/studio/7.0/toolchain/avr8/avr8-gnu-toolchain/bin/../lib/gcc/avr/5.4.0/../../../../avr/lib/avr6\libm.a(unordsf2.o)
                0x0000407a                __unordsf2
 .text.libgcc.mul
                0x00004082       0x1e c:/program files (x86)/atmel/studio/7.0/toolchain/avr8/avr8-gnu-toolchain/bin/../lib/gcc/avr/5.4.0/avr6\libgcc.a(_mulsi3.o)
                0x00004082                __mulsi3
 .text.libgcc.div
                0x000040a0       0x18 c:/program files (x86)/atmel/studio/7.0/toolchain/avr8/avr8-gnu-toolchain/bin/../lib/gcc/avr/5.4.0/avr6\libgcc.a(_udivmodqi4.o)
                0x000040a0                __udivmodqi4
 .text.libgcc.div
                0x000040b8       0x28 c:/program files (x86)/atmel/studio/7.0/toolchain/avr8/avr8-gnu-toolchain/bin/../lib/gcc/avr/5.4.0/avr6\libgcc.a(_udivmodhi4.o)
                0x000040b8                __udivmodhi4
 .text.libgcc.div
                0x000040e0       0x44 c:/program files (x86)/atmel/studio/7.0/toolchain/avr8/avr8-gnu-toolchain/bin/../lib/gcc/avr/5.4.0/avr6\libgcc.a(_udivmodsi4.o)
                0x000040e0                __udivmodsi4
 .text.libgcc.div
                0x00004124       0x28 c:/program files (x86)/atmel/studio/7.0/toolchain/avr8/avr8-gnu-toolchain/bin/../lib/gcc/avr/5.4.0/avr6\libgcc.a(_divmodsi4.o)
                0x00004124                __divmodsi4
 .text.libgcc.div
                0x0000414c       0x10 c:/program files (x86)/atmel/studio/7.0/toolchain/avr8/avr8-gnu-toolchain/bin/../lib/gcc/avr/5.4.0/avr6\libgcc.a(_negsi2.o)
                0x0000414c                __negsi2
 .text.libgcc   0x0000415c       0x10 c:/program files (x86)/atmel/studio/7.0/toolchain/avr8/avr8-gnu-toolchain/bin/../lib/gcc/avr/5.4.0/avr6\libgcc.a(_tablejump2.o)
                0x0000415c                __tablejump2__
 .text.libgcc.mul
                0x0000416c       0x1e c:/program files (x86)/atmel/studio/7.0/toolchain/avr8/avr8-gnu-toolchain/bin/../lib/gcc/avr/5.4.0/avr6\libgcc.a(_umulhisi3.o)
                0x0000416c                __umulhisi3
 .text.libgcc.mul
                0x0000418a        0xc c:/program files (x86)/atmel/studio/7.0/toolchain/avr8/avr8-gnu-toolchain/bin/../lib/gcc/avr/5.4.0/avr6\libgcc.a(_usmulhisi3.o)
                0x0000418a                __usmulhisi3
                0x0000418c                __usmulhisi3_tail
 .text.libgcc.mul
                0x00004196       0x14 c:/program files (x86)/atmel/studio/7.0/toolchain/avr8/avr8-gnu-toolchain/bin/../lib/gcc/avr/5.4.0/avr6\libgcc.a(_muluhisi3.o)
                0x00004196                __muluhisi3
 .text.libgcc.mul
                0x000041aa       0x92 c:/program files (x86)/atmel/studio/7.0/toolchain/avr8/avr8-gnu-toolchain/bin/../lib/gcc/avr/5.4.0/avr6\libgcc.a(_muldi3.o)
                0x000041aa                __muldi3
 .text.libgcc.mul
                0x0000423c       0x10 c:/program files (x86)/atmel/studio/7.0/toolchain/avr8/avr8-gnu-toolchain/bin/../lib/gcc/avr/5.4.0/avr6\libgcc.a(_muldi3_6.o)
                0x0000423c                __muldi3_6
 .text.libgcc.mul
                0x0000424c       0x4e c:/program files (x86)/atmel/studio/7.0/toolchain/avr8/avr8-gnu-toolchain/bin/../lib/gcc/avr/5.4.0/avr6\libgcc.a(_umulsidi3.o)
                0x0000424c                __umulsidi3
                0x0000424e                __umulsidi3_helper
 .text.libgcc.div
                0x0000429a       0x56 c:/program files (x86)/atmel/studio/7.0/toolchain/avr8/avr8-gnu-toolchain/bin/../lib/gcc/avr/5.4.0/avr6\libgcc.a(_divdi3.o)
                0x0000429a                __moddi3
                0x0000429e                __divdi3
                0x000042a0                __divdi3_moddi3
 .text.libgcc.div
                0x000042f0       0x1a c:/program files (x86)/atmel/studio/7.0/toolchain/avr8/avr8-gnu-toolchain/bin/../lib/gcc/avr/5.4.0/avr6\libgcc.a(_udivdi3.o)
                0x000042f0                __umoddi3
                0x000042f4                __udivdi3
                0x000042f6                __udivdi3_umoddi3
 .text.libgcc.div
                0x0000430a       0xa2 c:/program files (x86)/atmel/studio/7.0/toolchain/avr8/avr8-gnu-toolchain/bin/../lib/gcc/avr/5.4.0/avr6\libgcc.a(_udivmod64.o)
                0x0000430a                __udivmod64
 .text.libgcc   0x000043ac       0x20 c:/program files (x86)/atmel/studio/7.0/toolchain/avr8/avr8-gnu-toolchain/bin/../lib/gcc/avr/5.4.0/avr6\libgcc.a(_negdi2.o)
                0x000043ac                __negdi2
 .text.libgcc.prologue
                0x000043cc       0x38 c:/program files (x86)/atmel/studio/7.0/toolchain/avr8/avr8-gnu-toolchain/bin/../lib/gcc/avr/5.4.0/avr6\libgcc.a(_prologue.o)
                0x000043cc                __prologue_saves__
 .text.libgcc.prologue
                0x00004404       0x36 c:/program files (x86)/atmel/studio/7.0/toolchain/avr8/avr8-gnu-toolchain/bin/../lib/gcc/avr/5.4.0/avr6\libgcc.a(_epilogue.o)
                0x00004404                __epilogue_restores__
 .text.avr-libc
                0x0000443a       0x12 c:/program files (x86)/atmel/studio/7.0/toolchain/avr8/avr8-gnu-toolchain/bin/../lib/gcc/avr/5.4.0/../../../../avr/lib/avr6\libc.a(strlen_P.o)
                0x0000443a                __strlen_P
 .text.avr-libc
                0x0000444c       0x10 C:/Program Files (x86)/Atmel/Studio/7.0/Packs/atmel/ATmega_DFP/1.2.209/gcc/dev/atmega2560/avr6\libatmega2560.a(eerd_byte.o)
                0x0000444c                eeprom_read_byte
 .text.avr-libc
                0x0000445c       0x1c C:/Program Files (x86)/Atmel/Studio/7.0/Packs/atmel/ATmega_DFP/1.2.209/gcc/dev/atmega2560/avr6\libatmega2560.a(eewr_byte.o)
                0x0000445c                eeprom_write_byte
                0x0000445e                eeprom_write_r18
                0x00004478                . = ALIGN (0x2)
 *(.fini9)
 .fini9         0x00004478        0x0 c:/program files (x86)/atmel/studio/7.0/toolchain/avr8/avr8-gnu-toolchain/bin/../lib/gcc/avr/5.4.0/avr6\libgcc.a(_exit.o)
                0x00004478                _exit
                0x00004478                exit
 *(.fini9)
 *(.fini8)
 *(.fini8)
 *(.fini7)
 *(.fini7)
 *(.fini6)
 .fini6         0x00004478       0x1e c:/program files (x86)/atmel/studio/7.0/toolchain/avr8/avr8-gnu-toolchain/bin/../lib/gcc/avr/5.4.0/avr6\libgcc.a(_dtors.o)
                0x00004478                __do_global_dtors
 *(.fini6)
 *(.fini5)
 *(.fini5)
 *(.fini4)
 *(.fini4)
 *(.fini3)
 *(.fini3)
 *(.fini2)
 *(.fini2)
 *(.fini1)
 *(.fini1)
 *(.fini0)
 .fini0         0x00004496        0x4 c:/program files (x86)/atmel/studio/7.0/toolchain/avr8/avr8-gnu-toolchain/bin/../lib/gcc/avr/5.4.0/avr6\libgcc.a(_exit.o)
 *(.fini0)
                0x0000449a                _etext = .

.data           0x00800200       0x4c load address 0x0000449a
                0x00800200                PROVIDE (__data_start, .)
 *(.data)
 *(.data*)
 .data.updatePeriod
                0x00800200        0x4 Sketch.o
                0x00800200                updatePeriod
 *(.gnu.linkonce.d*)
 *(.rodata)
 *(.rodata*)
 .rodata.CS_DISABLE
                0x00800204        0x1 constant.o
                0x00800204                CS_DISABLE
 .rodata.CS_ADC
                0x00800205        0x1 constant.o
                0x00800205                CS_ADC
 .rodata.SPI_SPEED
                0x00800206        0x4 constant.o
                0x00800206                SPI_SPEED
 .rodata.LCD_ROWS
                0x0080020a        0x1 constant.o
                0x0080020a                LCD_ROWS
 .rodata.LCD_COL
                0x0080020b        0x1 constant.o
                0x0080020b                LCD_COL
 .rodata.D7     0x0080020c        0x1 constant.o
                0x0080020c                D7
 .rodata.D6     0x0080020d        0x1 constant.o
                0x0080020d                D6
 .rodata.D5     0x0080020e        0x1 constant.o
                0x0080020e                D5
 .rodata.D4     0x0080020f        0x1 constant.o
                0x0080020f                D4
 .rodata.ENABLE_LCD
                0x00800210        0x1 constant.o
                0x00800210                ENABLE_LCD
 .rodata.RW     0x00800211        0x1 constant.o
                0x00800211                RW
 .rodata.RS     0x00800212        0x1 constant.o
                0x00800212                RS
 .rodata.str1.1
                0x00800213        0x6 menu.o
 .rodata._ZTV7TwoWire
                0x00800219       0x12 src/libraries/Wire/src/Wire.o
                0x00800219                _ZTV7TwoWire
 .rodata._ZTV13LiquidCrystal
                0x0080022b        0xc C:\Users\Anthony\Documents\Atmel Studio\7.0\LiquidMenu\LiquidMenu\LiquidMenu\ArduinoCore\Debug\libArduinoCore.a(LiquidCrystal.o)
                0x0080022b                _ZTV13LiquidCrystal
 .rodata._ZTV10Pushbutton
                0x00800237        0x6 C:\Users\Anthony\Documents\Atmel Studio\7.0\LiquidMenu\LiquidMenu\LiquidMenu\ArduinoCore\Debug\libArduinoCore.a(Pushbutton.o)
                0x00800237                _ZTV10Pushbutton
 .rodata.str1.1
                0x0080023d        0xf C:\Users\Anthony\Documents\Atmel Studio\7.0\LiquidMenu\LiquidMenu\LiquidMenu\ArduinoCore\Debug\libArduinoCore.a(Print.o)
 *(.gnu.linkonce.r*)
                0x0080024c                . = ALIGN (0x2)
                0x0080024c                _edata = .
                0x0080024c                PROVIDE (__data_end, .)

.bss            0x0080024c      0x5bf
                0x0080024c                PROVIDE (__bss_start, .)
 *(.bss)
 *(.bss*)
 .bss.INA_Screen
                0x0080024c       0x1c menu.o
                0x0080024c                INA_Screen
 .bss.INA_line3
                0x00800268       0x27 menu.o
                0x00800268                INA_line3
 .bss.INA_line2
                0x0080028f       0x27 menu.o
                0x0080028f                INA_line2
 .bss.INA_line1
                0x008002b6       0x27 menu.o
                0x008002b6                INA_line1
 .bss.INA_line0
                0x008002dd       0x27 menu.o
                0x008002dd                INA_line0
 .bss.VBusValue
                0x00800304        0x4 menu.o
                0x00800304                VBusValue
 .bss.I1Value   0x00800308        0x4 menu.o
                0x00800308                I1Value
 .bss.liveRead_Screen
                0x0080030c       0x1c menu.o
                0x0080030c                liveRead_Screen
 .bss.liveRead_line2
                0x00800328       0x27 menu.o
                0x00800328                liveRead_line2
 .bss.liveRead_line1
                0x0080034f       0x27 menu.o
                0x0080034f                liveRead_line1
 .bss.liveRead_line0
                0x00800376       0x27 menu.o
                0x00800376                liveRead_line0
 .bss.V2Value   0x0080039d        0x4 menu.o
                0x0080039d                V2Value
 .bss.V1Value   0x008003a1        0x4 menu.o
                0x008003a1                V1Value
 .bss.configureAdc_Screen
                0x008003a5       0x1c menu.o
                0x008003a5                configureAdc_Screen
 .bss.configureAdc_line1
                0x008003c1       0x27 menu.o
                0x008003c1                configureAdc_line1
 .bss.configureAdc_line0
                0x008003e8       0x27 menu.o
                0x008003e8                configureAdc_line0
 .bss.calibrationDone_Screen
                0x0080040f       0x1c menu.o
                0x0080040f                calibrationDone_Screen
 .bss.calibrationDone_line1
                0x0080042b       0x27 menu.o
                0x0080042b                calibrationDone_line1
 .bss.calibrationDone_line0
                0x00800452       0x27 menu.o
                0x00800452                calibrationDone_line0
 .bss.calibrateOffset_Screen
                0x00800479       0x1c menu.o
                0x00800479                calibrateOffset_Screen
 .bss.calibrateoffset_line1
                0x00800495       0x27 menu.o
                0x00800495                calibrateoffset_line1
 .bss.calibrateoffset_line0
                0x008004bc       0x27 menu.o
                0x008004bc                calibrateoffset_line0
 .bss.calibrateGain_Screen
                0x008004e3       0x1c menu.o
                0x008004e3                calibrateGain_Screen
 .bss.calibrategain_line1
                0x008004ff       0x27 menu.o
                0x008004ff                calibrategain_line1
 .bss.calibrategain_line0
                0x00800526       0x27 menu.o
                0x00800526                calibrategain_line0
 .bss.main_Screen
                0x0080054d       0x1c menu.o
                0x0080054d                main_Screen
 .bss.main_line3
                0x00800569       0x27 menu.o
                0x00800569                main_line3
 .bss.main_line2
                0x00800590       0x27 menu.o
                0x00800590                main_line2
 .bss.main_line1
                0x008005b7       0x27 menu.o
                0x008005b7                main_line1
 .bss.main_line0
                0x008005de       0x27 menu.o
                0x008005de                main_line0
 .bss.welcome_Screen
                0x00800605       0x1c menu.o
                0x00800605                welcome_Screen
 .bss.welcome_line3
                0x00800621       0x27 menu.o
                0x00800621                welcome_line3
 .bss.welcome_line2
                0x00800648       0x27 menu.o
                0x00800648                welcome_line2
 .bss.welcome_line1
                0x0080066f       0x27 menu.o
                0x0080066f                welcome_line1
 .bss.welcome_line0
                0x00800696       0x27 menu.o
                0x00800696                welcome_line0
 .bss.buttonDown
                0x008006bd        0xc Sketch.o
                0x008006bd                buttonDown
 .bss.buttonHigh
                0x008006c9        0xc Sketch.o
                0x008006c9                buttonHigh
 .bss.buttonOK  0x008006d5        0xc Sketch.o
                0x008006d5                buttonOK
 .bss.menu      0x008006e1       0x20 Sketch.o
                0x008006e1                menu
 .bss.ads1241   0x00800701        0x2 Sketch.o
                0x00800701                ads1241
 .bss.INA       0x00800703       0x1c Sketch.o
                0x00800703                INA
 .bss.lcd       0x0080071f       0x18 Sketch.o
                0x0080071f                lcd
 .bss.updateLastMs
                0x00800737        0x4 Sketch.o
                0x00800737                updateLastMs
 .bss.twi_error
                0x0080073b        0x1 src/libraries/Wire/src/utility/twi.o
 .bss.twi_rxBufferIndex
                0x0080073c        0x1 src/libraries/Wire/src/utility/twi.o
 .bss.twi_rxBuffer
                0x0080073d       0x20 src/libraries/Wire/src/utility/twi.o
 .bss.twi_txBufferLength
                0x0080075d        0x1 src/libraries/Wire/src/utility/twi.o
 .bss.twi_txBufferIndex
                0x0080075e        0x1 src/libraries/Wire/src/utility/twi.o
 .bss.twi_txBuffer
                0x0080075f       0x20 src/libraries/Wire/src/utility/twi.o
 .bss.twi_masterBufferLength
                0x0080077f        0x1 src/libraries/Wire/src/utility/twi.o
 .bss.twi_masterBufferIndex
                0x00800780        0x1 src/libraries/Wire/src/utility/twi.o
 .bss.twi_masterBuffer
                0x00800781       0x20 src/libraries/Wire/src/utility/twi.o
 .bss.twi_onSlaveReceive
                0x008007a1        0x2 src/libraries/Wire/src/utility/twi.o
 .bss.twi_onSlaveTransmit
                0x008007a3        0x2 src/libraries/Wire/src/utility/twi.o
 .bss.twi_inRepStart
                0x008007a5        0x1 src/libraries/Wire/src/utility/twi.o
 .bss.twi_sendStop
                0x008007a6        0x1 src/libraries/Wire/src/utility/twi.o
 .bss.twi_slarw
                0x008007a7        0x1 src/libraries/Wire/src/utility/twi.o
 .bss.twi_state
                0x008007a8        0x1 src/libraries/Wire/src/utility/twi.o
 .bss.Wire      0x008007a9        0xc src/libraries/Wire/src/Wire.o
                0x008007a9                Wire
 .bss._ZN7TwoWire14user_onReceiveE
                0x008007b5        0x2 src/libraries/Wire/src/Wire.o
                0x008007b5                _ZN7TwoWire14user_onReceiveE
 .bss._ZN7TwoWire14user_onRequestE
                0x008007b7        0x2 src/libraries/Wire/src/Wire.o
                0x008007b7                _ZN7TwoWire14user_onRequestE
 .bss._ZN7TwoWire12transmittingE
                0x008007b9        0x1 src/libraries/Wire/src/Wire.o
                0x008007b9                _ZN7TwoWire12transmittingE
 .bss._ZN7TwoWire14txBufferLengthE
                0x008007ba        0x1 src/libraries/Wire/src/Wire.o
                0x008007ba                _ZN7TwoWire14txBufferLengthE
 .bss._ZN7TwoWire13txBufferIndexE
                0x008007bb        0x1 src/libraries/Wire/src/Wire.o
                0x008007bb                _ZN7TwoWire13txBufferIndexE
 .bss._ZN7TwoWire8txBufferE
                0x008007bc       0x20 src/libraries/Wire/src/Wire.o
                0x008007bc                _ZN7TwoWire8txBufferE
 .bss._ZN7TwoWire9txAddressE
                0x008007dc        0x1 src/libraries/Wire/src/Wire.o
                0x008007dc                _ZN7TwoWire9txAddressE
 .bss._ZN7TwoWire14rxBufferLengthE
                0x008007dd        0x1 src/libraries/Wire/src/Wire.o
                0x008007dd                _ZN7TwoWire14rxBufferLengthE
 .bss._ZN7TwoWire13rxBufferIndexE
                0x008007de        0x1 src/libraries/Wire/src/Wire.o
                0x008007de                _ZN7TwoWire13rxBufferIndexE
 .bss._ZN7TwoWire8rxBufferE
                0x008007df       0x20 src/libraries/Wire/src/Wire.o
                0x008007df                _ZN7TwoWire8rxBufferE
 .bss.timer0_fract
                0x008007ff        0x1 C:\Users\Anthony\Documents\Atmel Studio\7.0\LiquidMenu\LiquidMenu\LiquidMenu\ArduinoCore\Debug\libArduinoCore.a(wiring.o)
 .bss.timer0_millis
                0x00800800        0x4 C:\Users\Anthony\Documents\Atmel Studio\7.0\LiquidMenu\LiquidMenu\LiquidMenu\ArduinoCore\Debug\libArduinoCore.a(wiring.o)
                0x00800800                timer0_millis
 .bss.timer0_overflow_count
                0x00800804        0x4 C:\Users\Anthony\Documents\Atmel Studio\7.0\LiquidMenu\LiquidMenu\LiquidMenu\ArduinoCore\Debug\libArduinoCore.a(wiring.o)
                0x00800804                timer0_overflow_count
 .bss._ZN8SPIClass13interruptSaveE
                0x00800808        0x1 C:\Users\Anthony\Documents\Atmel Studio\7.0\LiquidMenu\LiquidMenu\LiquidMenu\ArduinoCore\Debug\libArduinoCore.a(SPI.o)
                0x00800808                _ZN8SPIClass13interruptSaveE
 .bss._ZN8SPIClass13interruptMaskE
                0x00800809        0x1 C:\Users\Anthony\Documents\Atmel Studio\7.0\LiquidMenu\LiquidMenu\LiquidMenu\ArduinoCore\Debug\libArduinoCore.a(SPI.o)
                0x00800809                _ZN8SPIClass13interruptMaskE
 .bss._ZN8SPIClass13interruptModeE
                0x0080080a        0x1 C:\Users\Anthony\Documents\Atmel Studio\7.0\LiquidMenu\LiquidMenu\LiquidMenu\ArduinoCore\Debug\libArduinoCore.a(SPI.o)
                0x0080080a                _ZN8SPIClass13interruptModeE
 *(COMMON)
                0x0080080b                PROVIDE (__bss_end, .)
                0x0000449a                __data_load_start = LOADADDR (.data)
                0x000044e6                __data_load_end = (__data_load_start + SIZEOF (.data))

.noinit         0x0080080b        0x0
                [!provide]                PROVIDE (__noinit_start, .)
 *(.noinit*)
                [!provide]                PROVIDE (__noinit_end, .)
                0x0080080b                _end = .
                [!provide]                PROVIDE (__heap_start, .)

.eeprom         0x00810000        0x0
 *(.eeprom*)
                0x00810000                __eeprom_end = .

.fuse
 *(.fuse)
 *(.lfuse)
 *(.hfuse)
 *(.efuse)

.lock
 *(.lock*)

.signature
 *(.signature*)

.user_signatures
 *(.user_signatures*)

.stab
 *(.stab)

.stabstr
 *(.stabstr)

.stab.excl
 *(.stab.excl)

.stab.exclstr
 *(.stab.exclstr)

.stab.index
 *(.stab.index)

.stab.indexstr
 *(.stab.indexstr)

.comment        0x00000000       0x30
 *(.comment)
 .comment       0x00000000       0x30 ADS1241.o
                                 0x31 (size before relaxing)
 .comment       0x00000030       0x31 constant.o
 .comment       0x00000030       0x31 utility.o
 .comment       0x00000030       0x31 menu.o
 .comment       0x00000030       0x31 Sketch.o
 .comment       0x00000030       0x31 src/libraries/INA-master/src/INA.o
 .comment       0x00000030       0x31 src/libraries/Wire/src/utility/twi.o
 .comment       0x00000030       0x31 src/libraries/Wire/src/Wire.o
 .comment       0x00000030       0x31 C:\Users\Anthony\Documents\Atmel Studio\7.0\LiquidMenu\LiquidMenu\LiquidMenu\ArduinoCore\Debug\libArduinoCore.a(main.o)
 .comment       0x00000030       0x31 C:\Users\Anthony\Documents\Atmel Studio\7.0\LiquidMenu\LiquidMenu\LiquidMenu\ArduinoCore\Debug\libArduinoCore.a(wiring.o)
 .comment       0x00000030       0x31 C:\Users\Anthony\Documents\Atmel Studio\7.0\LiquidMenu\LiquidMenu\LiquidMenu\ArduinoCore\Debug\libArduinoCore.a(wiring_digital.o)
 .comment       0x00000030       0x31 C:\Users\Anthony\Documents\Atmel Studio\7.0\LiquidMenu\LiquidMenu\LiquidMenu\ArduinoCore\Debug\libArduinoCore.a(LiquidCrystal.o)
 .comment       0x00000030       0x31 C:\Users\Anthony\Documents\Atmel Studio\7.0\LiquidMenu\LiquidMenu\LiquidMenu\ArduinoCore\Debug\libArduinoCore.a(LiquidLine.o)
 .comment       0x00000030       0x31 C:\Users\Anthony\Documents\Atmel Studio\7.0\LiquidMenu\LiquidMenu\LiquidMenu\ArduinoCore\Debug\libArduinoCore.a(LiquidMenu.o)
 .comment       0x00000030       0x31 C:\Users\Anthony\Documents\Atmel Studio\7.0\LiquidMenu\LiquidMenu\LiquidMenu\ArduinoCore\Debug\libArduinoCore.a(LiquidScreen.o)
 .comment       0x00000030       0x31 C:\Users\Anthony\Documents\Atmel Studio\7.0\LiquidMenu\LiquidMenu\LiquidMenu\ArduinoCore\Debug\libArduinoCore.a(recognizeType.o)
 .comment       0x00000030       0x31 C:\Users\Anthony\Documents\Atmel Studio\7.0\LiquidMenu\LiquidMenu\LiquidMenu\ArduinoCore\Debug\libArduinoCore.a(Pushbutton.o)
 .comment       0x00000030       0x31 C:\Users\Anthony\Documents\Atmel Studio\7.0\LiquidMenu\LiquidMenu\LiquidMenu\ArduinoCore\Debug\libArduinoCore.a(SPI.o)
 .comment       0x00000030       0x31 C:\Users\Anthony\Documents\Atmel Studio\7.0\LiquidMenu\LiquidMenu\LiquidMenu\ArduinoCore\Debug\libArduinoCore.a(hooks.o)
 .comment       0x00000030       0x31 C:\Users\Anthony\Documents\Atmel Studio\7.0\LiquidMenu\LiquidMenu\LiquidMenu\ArduinoCore\Debug\libArduinoCore.a(Print.o)

.note.gnu.avr.deviceinfo
                0x00000000       0x40
 .note.gnu.avr.deviceinfo
                0x00000000       0x40 C:/Program Files (x86)/Atmel/Studio/7.0/Packs/atmel/ATmega_DFP/1.2.209/gcc/dev/atmega2560/avr6/crtatmega2560.o

.note.gnu.build-id
 *(.note.gnu.build-id)

.debug
 *(.debug)

.line
 *(.line)

.debug_srcinfo
 *(.debug_srcinfo)

.debug_sfnames
 *(.debug_sfnames)

.debug_aranges  0x00000000      0xaa0
 *(.debug_aranges)
 .debug_aranges
                0x00000000       0xc8 ADS1241.o
 .debug_aranges
                0x000000c8       0x18 constant.o
 .debug_aranges
                0x000000e0       0x48 utility.o
 .debug_aranges
                0x00000128       0x78 menu.o
 .debug_aranges
                0x000001a0       0x48 Sketch.o
 .debug_aranges
                0x000001e8      0x110 src/libraries/INA-master/src/INA.o
 .debug_aranges
                0x000002f8       0x80 src/libraries/Wire/src/utility/twi.o
 .debug_aranges
                0x00000378       0xf8 src/libraries/Wire/src/Wire.o
 .debug_aranges
                0x00000470       0x30 C:\Users\Anthony\Documents\Atmel Studio\7.0\LiquidMenu\LiquidMenu\LiquidMenu\ArduinoCore\Debug\libArduinoCore.a(main.o)
 .debug_aranges
                0x000004a0       0x48 C:\Users\Anthony\Documents\Atmel Studio\7.0\LiquidMenu\LiquidMenu\LiquidMenu\ArduinoCore\Debug\libArduinoCore.a(wiring.o)
 .debug_aranges
                0x000004e8       0x38 C:\Users\Anthony\Documents\Atmel Studio\7.0\LiquidMenu\LiquidMenu\LiquidMenu\ArduinoCore\Debug\libArduinoCore.a(wiring_digital.o)
 .debug_aranges
                0x00000520      0x110 C:\Users\Anthony\Documents\Atmel Studio\7.0\LiquidMenu\LiquidMenu\LiquidMenu\ArduinoCore\Debug\libArduinoCore.a(LiquidCrystal.o)
 .debug_aranges
                0x00000630       0x60 C:\Users\Anthony\Documents\Atmel Studio\7.0\LiquidMenu\LiquidMenu\LiquidMenu\ArduinoCore\Debug\libArduinoCore.a(LiquidLine.o)
 .debug_aranges
                0x00000690       0xd8 C:\Users\Anthony\Documents\Atmel Studio\7.0\LiquidMenu\LiquidMenu\LiquidMenu\ArduinoCore\Debug\libArduinoCore.a(LiquidMenu.o)
 .debug_aranges
                0x00000768       0x78 C:\Users\Anthony\Documents\Atmel Studio\7.0\LiquidMenu\LiquidMenu\LiquidMenu\ArduinoCore\Debug\libArduinoCore.a(LiquidScreen.o)
 .debug_aranges
                0x000007e0       0xc0 C:\Users\Anthony\Documents\Atmel Studio\7.0\LiquidMenu\LiquidMenu\LiquidMenu\ArduinoCore\Debug\libArduinoCore.a(recognizeType.o)
 .debug_aranges
                0x000008a0       0x68 C:\Users\Anthony\Documents\Atmel Studio\7.0\LiquidMenu\LiquidMenu\LiquidMenu\ArduinoCore\Debug\libArduinoCore.a(Pushbutton.o)
 .debug_aranges
                0x00000908       0x38 C:\Users\Anthony\Documents\Atmel Studio\7.0\LiquidMenu\LiquidMenu\LiquidMenu\ArduinoCore\Debug\libArduinoCore.a(SPI.o)
 .debug_aranges
                0x00000940       0x20 C:\Users\Anthony\Documents\Atmel Studio\7.0\LiquidMenu\LiquidMenu\LiquidMenu\ArduinoCore\Debug\libArduinoCore.a(hooks.o)
 .debug_aranges
                0x00000960      0x100 C:\Users\Anthony\Documents\Atmel Studio\7.0\LiquidMenu\LiquidMenu\LiquidMenu\ArduinoCore\Debug\libArduinoCore.a(Print.o)
 .debug_aranges
                0x00000a60       0x20 C:/Program Files (x86)/Atmel/Studio/7.0/Packs/atmel/ATmega_DFP/1.2.209/gcc/dev/atmega2560/avr6\libatmega2560.a(eerd_byte.o)
 .debug_aranges
                0x00000a80       0x20 C:/Program Files (x86)/Atmel/Studio/7.0/Packs/atmel/ATmega_DFP/1.2.209/gcc/dev/atmega2560/avr6\libatmega2560.a(eewr_byte.o)

.debug_pubnames
 *(.debug_pubnames)

.debug_info     0x00000000    0x17d3e
 *(.debug_info .gnu.linkonce.wi.*)
 .debug_info    0x00000000      0xbbc C:/Program Files (x86)/Atmel/Studio/7.0/Packs/atmel/ATmega_DFP/1.2.209/gcc/dev/atmega2560/avr6/crtatmega2560.o
 .debug_info    0x00000bbc     0x1938 ADS1241.o
 .debug_info    0x000024f4      0x3fd constant.o
 .debug_info    0x000028f1      0xf9e utility.o
 .debug_info    0x0000388f     0x24ee menu.o
 .debug_info    0x00005d7d     0x236c Sketch.o
 .debug_info    0x000080e9     0x2fc6 src/libraries/INA-master/src/INA.o
 .debug_info    0x0000b0af      0x662 src/libraries/Wire/src/utility/twi.o
 .debug_info    0x0000b711     0x27b0 src/libraries/Wire/src/Wire.o
 .debug_info    0x0000dec1      0x295 C:\Users\Anthony\Documents\Atmel Studio\7.0\LiquidMenu\LiquidMenu\LiquidMenu\ArduinoCore\Debug\libArduinoCore.a(main.o)
 .debug_info    0x0000e156      0x329 C:\Users\Anthony\Documents\Atmel Studio\7.0\LiquidMenu\LiquidMenu\LiquidMenu\ArduinoCore\Debug\libArduinoCore.a(wiring.o)
 .debug_info    0x0000e47f      0x63a C:\Users\Anthony\Documents\Atmel Studio\7.0\LiquidMenu\LiquidMenu\LiquidMenu\ArduinoCore\Debug\libArduinoCore.a(wiring_digital.o)
 .debug_info    0x0000eab9     0x1c3b C:\Users\Anthony\Documents\Atmel Studio\7.0\LiquidMenu\LiquidMenu\LiquidMenu\ArduinoCore\Debug\libArduinoCore.a(LiquidCrystal.o)
 .debug_info    0x000106f4      0xf83 C:\Users\Anthony\Documents\Atmel Studio\7.0\LiquidMenu\LiquidMenu\LiquidMenu\ArduinoCore\Debug\libArduinoCore.a(LiquidLine.o)
 .debug_info    0x00011677     0x1709 C:\Users\Anthony\Documents\Atmel Studio\7.0\LiquidMenu\LiquidMenu\LiquidMenu\ArduinoCore\Debug\libArduinoCore.a(LiquidMenu.o)
 .debug_info    0x00012d80      0xd41 C:\Users\Anthony\Documents\Atmel Studio\7.0\LiquidMenu\LiquidMenu\LiquidMenu\ArduinoCore\Debug\libArduinoCore.a(LiquidScreen.o)
 .debug_info    0x00013ac1      0x73d C:\Users\Anthony\Documents\Atmel Studio\7.0\LiquidMenu\LiquidMenu\LiquidMenu\ArduinoCore\Debug\libArduinoCore.a(recognizeType.o)
 .debug_info    0x000141fe      0x980 C:\Users\Anthony\Documents\Atmel Studio\7.0\LiquidMenu\LiquidMenu\LiquidMenu\ArduinoCore\Debug\libArduinoCore.a(Pushbutton.o)
 .debug_info    0x00014b7e      0x6cd C:\Users\Anthony\Documents\Atmel Studio\7.0\LiquidMenu\LiquidMenu\LiquidMenu\ArduinoCore\Debug\libArduinoCore.a(SPI.o)
 .debug_info    0x0001524b       0x3e C:\Users\Anthony\Documents\Atmel Studio\7.0\LiquidMenu\LiquidMenu\LiquidMenu\ArduinoCore\Debug\libArduinoCore.a(hooks.o)
 .debug_info    0x00015289     0x295d C:\Users\Anthony\Documents\Atmel Studio\7.0\LiquidMenu\LiquidMenu\LiquidMenu\ArduinoCore\Debug\libArduinoCore.a(Print.o)
 .debug_info    0x00017be6       0xac C:/Program Files (x86)/Atmel/Studio/7.0/Packs/atmel/ATmega_DFP/1.2.209/gcc/dev/atmega2560/avr6\libatmega2560.a(eerd_byte.o)
 .debug_info    0x00017c92       0xac C:/Program Files (x86)/Atmel/Studio/7.0/Packs/atmel/ATmega_DFP/1.2.209/gcc/dev/atmega2560/avr6\libatmega2560.a(eewr_byte.o)

.debug_abbrev   0x00000000     0x451f
 *(.debug_abbrev)
 .debug_abbrev  0x00000000      0xb1a C:/Program Files (x86)/Atmel/Studio/7.0/Packs/atmel/ATmega_DFP/1.2.209/gcc/dev/atmega2560/avr6/crtatmega2560.o
 .debug_abbrev  0x00000b1a      0x509 ADS1241.o
 .debug_abbrev  0x00001023       0xcb constant.o
 .debug_abbrev  0x000010ee      0x2cc utility.o
 .debug_abbrev  0x000013ba      0x3dd menu.o
 .debug_abbrev  0x00001797      0x49c Sketch.o
 .debug_abbrev  0x00001c33      0x4df src/libraries/INA-master/src/INA.o
 .debug_abbrev  0x00002112      0x260 src/libraries/Wire/src/utility/twi.o
 .debug_abbrev  0x00002372      0x581 src/libraries/Wire/src/Wire.o
 .debug_abbrev  0x000028f3      0x12d C:\Users\Anthony\Documents\Atmel Studio\7.0\LiquidMenu\LiquidMenu\LiquidMenu\ArduinoCore\Debug\libArduinoCore.a(main.o)
 .debug_abbrev  0x00002a20      0x146 C:\Users\Anthony\Documents\Atmel Studio\7.0\LiquidMenu\LiquidMenu\LiquidMenu\ArduinoCore\Debug\libArduinoCore.a(wiring.o)
 .debug_abbrev  0x00002b66      0x15a C:\Users\Anthony\Documents\Atmel Studio\7.0\LiquidMenu\LiquidMenu\LiquidMenu\ArduinoCore\Debug\libArduinoCore.a(wiring_digital.o)
 .debug_abbrev  0x00002cc0      0x365 C:\Users\Anthony\Documents\Atmel Studio\7.0\LiquidMenu\LiquidMenu\LiquidMenu\ArduinoCore\Debug\libArduinoCore.a(LiquidCrystal.o)
 .debug_abbrev  0x00003025      0x367 C:\Users\Anthony\Documents\Atmel Studio\7.0\LiquidMenu\LiquidMenu\LiquidMenu\ArduinoCore\Debug\libArduinoCore.a(LiquidLine.o)
 .debug_abbrev  0x0000338c      0x337 C:\Users\Anthony\Documents\Atmel Studio\7.0\LiquidMenu\LiquidMenu\LiquidMenu\ArduinoCore\Debug\libArduinoCore.a(LiquidMenu.o)
 .debug_abbrev  0x000036c3      0x2d1 C:\Users\Anthony\Documents\Atmel Studio\7.0\LiquidMenu\LiquidMenu\LiquidMenu\ArduinoCore\Debug\libArduinoCore.a(LiquidScreen.o)
 .debug_abbrev  0x00003994      0x11f C:\Users\Anthony\Documents\Atmel Studio\7.0\LiquidMenu\LiquidMenu\LiquidMenu\ArduinoCore\Debug\libArduinoCore.a(recognizeType.o)
 .debug_abbrev  0x00003ab3      0x31d C:\Users\Anthony\Documents\Atmel Studio\7.0\LiquidMenu\LiquidMenu\LiquidMenu\ArduinoCore\Debug\libArduinoCore.a(Pushbutton.o)
 .debug_abbrev  0x00003dd0      0x283 C:\Users\Anthony\Documents\Atmel Studio\7.0\LiquidMenu\LiquidMenu\LiquidMenu\ArduinoCore\Debug\libArduinoCore.a(SPI.o)
 .debug_abbrev  0x00004053       0x2a C:\Users\Anthony\Documents\Atmel Studio\7.0\LiquidMenu\LiquidMenu\LiquidMenu\ArduinoCore\Debug\libArduinoCore.a(hooks.o)
 .debug_abbrev  0x0000407d      0x47a C:\Users\Anthony\Documents\Atmel Studio\7.0\LiquidMenu\LiquidMenu\LiquidMenu\ArduinoCore\Debug\libArduinoCore.a(Print.o)
 .debug_abbrev  0x000044f7       0x14 C:/Program Files (x86)/Atmel/Studio/7.0/Packs/atmel/ATmega_DFP/1.2.209/gcc/dev/atmega2560/avr6\libatmega2560.a(eerd_byte.o)
 .debug_abbrev  0x0000450b       0x14 C:/Program Files (x86)/Atmel/Studio/7.0/Packs/atmel/ATmega_DFP/1.2.209/gcc/dev/atmega2560/avr6\libatmega2560.a(eewr_byte.o)

.debug_line     0x00000000     0x6627
 *(.debug_line .debug_line.* .debug_line_end)
 .debug_line    0x00000000      0x1f9 C:/Program Files (x86)/Atmel/Studio/7.0/Packs/atmel/ATmega_DFP/1.2.209/gcc/dev/atmega2560/avr6/crtatmega2560.o
 .debug_line    0x000001f9      0x79f ADS1241.o
 .debug_line    0x00000998      0x1a4 constant.o
 .debug_line    0x00000b3c      0x460 utility.o
 .debug_line    0x00000f9c      0x590 menu.o
 .debug_line    0x0000152c      0x4c7 Sketch.o
 .debug_line    0x000019f3     0x10d6 src/libraries/INA-master/src/INA.o
 .debug_line    0x00002ac9      0x515 src/libraries/Wire/src/utility/twi.o
 .debug_line    0x00002fde      0x608 src/libraries/Wire/src/Wire.o
 .debug_line    0x000035e6      0x161 C:\Users\Anthony\Documents\Atmel Studio\7.0\LiquidMenu\LiquidMenu\LiquidMenu\ArduinoCore\Debug\libArduinoCore.a(main.o)
 .debug_line    0x00003747      0x2cb C:\Users\Anthony\Documents\Atmel Studio\7.0\LiquidMenu\LiquidMenu\LiquidMenu\ArduinoCore\Debug\libArduinoCore.a(wiring.o)
 .debug_line    0x00003a12      0x284 C:\Users\Anthony\Documents\Atmel Studio\7.0\LiquidMenu\LiquidMenu\LiquidMenu\ArduinoCore\Debug\libArduinoCore.a(wiring_digital.o)
 .debug_line    0x00003c96      0x924 C:\Users\Anthony\Documents\Atmel Studio\7.0\LiquidMenu\LiquidMenu\LiquidMenu\ArduinoCore\Debug\libArduinoCore.a(LiquidCrystal.o)
 .debug_line    0x000045ba      0x5f9 C:\Users\Anthony\Documents\Atmel Studio\7.0\LiquidMenu\LiquidMenu\LiquidMenu\ArduinoCore\Debug\libArduinoCore.a(LiquidLine.o)
 .debug_line    0x00004bb3      0x5b3 C:\Users\Anthony\Documents\Atmel Studio\7.0\LiquidMenu\LiquidMenu\LiquidMenu\ArduinoCore\Debug\libArduinoCore.a(LiquidMenu.o)
 .debug_line    0x00005166      0x414 C:\Users\Anthony\Documents\Atmel Studio\7.0\LiquidMenu\LiquidMenu\LiquidMenu\ArduinoCore\Debug\libArduinoCore.a(LiquidScreen.o)
 .debug_line    0x0000557a      0x2ca C:\Users\Anthony\Documents\Atmel Studio\7.0\LiquidMenu\LiquidMenu\LiquidMenu\ArduinoCore\Debug\libArduinoCore.a(recognizeType.o)
 .debug_line    0x00005844      0x31e C:\Users\Anthony\Documents\Atmel Studio\7.0\LiquidMenu\LiquidMenu\LiquidMenu\ArduinoCore\Debug\libArduinoCore.a(Pushbutton.o)
 .debug_line    0x00005b62      0x2eb C:\Users\Anthony\Documents\Atmel Studio\7.0\LiquidMenu\LiquidMenu\LiquidMenu\ArduinoCore\Debug\libArduinoCore.a(SPI.o)
 .debug_line    0x00005e4d       0x41 C:\Users\Anthony\Documents\Atmel Studio\7.0\LiquidMenu\LiquidMenu\LiquidMenu\ArduinoCore\Debug\libArduinoCore.a(hooks.o)
 .debug_line    0x00005e8e      0x681 C:\Users\Anthony\Documents\Atmel Studio\7.0\LiquidMenu\LiquidMenu\LiquidMenu\ArduinoCore\Debug\libArduinoCore.a(Print.o)
 .debug_line    0x0000650f       0x7a C:/Program Files (x86)/Atmel/Studio/7.0/Packs/atmel/ATmega_DFP/1.2.209/gcc/dev/atmega2560/avr6\libatmega2560.a(eerd_byte.o)
 .debug_line    0x00006589       0x9e C:/Program Files (x86)/Atmel/Studio/7.0/Packs/atmel/ATmega_DFP/1.2.209/gcc/dev/atmega2560/avr6\libatmega2560.a(eewr_byte.o)

.debug_frame    0x00000000     0x2060
 *(.debug_frame)
 .debug_frame   0x00000000      0x2c0 ADS1241.o
 .debug_frame   0x000002c0       0xa0 utility.o
 .debug_frame   0x00000360      0x144 menu.o
 .debug_frame   0x000004a4       0x88 Sketch.o
 .debug_frame   0x0000052c      0x6b0 src/libraries/INA-master/src/INA.o
 .debug_frame   0x00000bdc      0x134 src/libraries/Wire/src/utility/twi.o
 .debug_frame   0x00000d10      0x280 src/libraries/Wire/src/Wire.o
 .debug_frame   0x00000f90       0x54 C:\Users\Anthony\Documents\Atmel Studio\7.0\LiquidMenu\LiquidMenu\LiquidMenu\ArduinoCore\Debug\libArduinoCore.a(main.o)
 .debug_frame   0x00000fe4       0xc4 C:\Users\Anthony\Documents\Atmel Studio\7.0\LiquidMenu\LiquidMenu\LiquidMenu\ArduinoCore\Debug\libArduinoCore.a(wiring.o)
 .debug_frame   0x000010a8       0x7c C:\Users\Anthony\Documents\Atmel Studio\7.0\LiquidMenu\LiquidMenu\LiquidMenu\ArduinoCore\Debug\libArduinoCore.a(wiring_digital.o)
 .debug_frame   0x00001124      0x354 C:\Users\Anthony\Documents\Atmel Studio\7.0\LiquidMenu\LiquidMenu\LiquidMenu\ArduinoCore\Debug\libArduinoCore.a(LiquidCrystal.o)
 .debug_frame   0x00001478       0xfc C:\Users\Anthony\Documents\Atmel Studio\7.0\LiquidMenu\LiquidMenu\LiquidMenu\ArduinoCore\Debug\libArduinoCore.a(LiquidLine.o)
 .debug_frame   0x00001574      0x2a8 C:\Users\Anthony\Documents\Atmel Studio\7.0\LiquidMenu\LiquidMenu\LiquidMenu\ArduinoCore\Debug\libArduinoCore.a(LiquidMenu.o)
 .debug_frame   0x0000181c      0x178 C:\Users\Anthony\Documents\Atmel Studio\7.0\LiquidMenu\LiquidMenu\LiquidMenu\ArduinoCore\Debug\libArduinoCore.a(LiquidScreen.o)
 .debug_frame   0x00001994      0x194 C:\Users\Anthony\Documents\Atmel Studio\7.0\LiquidMenu\LiquidMenu\LiquidMenu\ArduinoCore\Debug\libArduinoCore.a(recognizeType.o)
 .debug_frame   0x00001b28      0x10c C:\Users\Anthony\Documents\Atmel Studio\7.0\LiquidMenu\LiquidMenu\LiquidMenu\ArduinoCore\Debug\libArduinoCore.a(Pushbutton.o)
 .debug_frame   0x00001c34       0x5c C:\Users\Anthony\Documents\Atmel Studio\7.0\LiquidMenu\LiquidMenu\LiquidMenu\ArduinoCore\Debug\libArduinoCore.a(SPI.o)
 .debug_frame   0x00001c90       0x24 C:\Users\Anthony\Documents\Atmel Studio\7.0\LiquidMenu\LiquidMenu\LiquidMenu\ArduinoCore\Debug\libArduinoCore.a(hooks.o)
 .debug_frame   0x00001cb4      0x3ac C:\Users\Anthony\Documents\Atmel Studio\7.0\LiquidMenu\LiquidMenu\LiquidMenu\ArduinoCore\Debug\libArduinoCore.a(Print.o)

.debug_str      0x00000000     0x616b
 *(.debug_str)
 .debug_str     0x00000000      0x3e6 C:/Program Files (x86)/Atmel/Studio/7.0/Packs/atmel/ATmega_DFP/1.2.209/gcc/dev/atmega2560/avr6/crtatmega2560.o
 .debug_str     0x000003e6      0xb45 ADS1241.o
                                0xbcd (size before relaxing)
 .debug_str     0x00000f2b       0x59 constant.o
                                0x39d (size before relaxing)
 .debug_str     0x00000f84      0xab4 utility.o
                                0xf04 (size before relaxing)
 .debug_str     0x00001a38      0x78a menu.o
                               0x1557 (size before relaxing)
 .debug_str     0x000021c2      0xcbe Sketch.o
                               0x1fe5 (size before relaxing)
 .debug_str     0x00002e80      0x6d6 src/libraries/INA-master/src/INA.o
                               0x1535 (size before relaxing)
 .debug_str     0x00003556      0x2c7 src/libraries/Wire/src/utility/twi.o
                                0x3e2 (size before relaxing)
 .debug_str     0x0000381d     0x1394 src/libraries/Wire/src/Wire.o
                               0x18d9 (size before relaxing)
 .debug_str     0x00004bb1       0xb9 C:\Users\Anthony\Documents\Atmel Studio\7.0\LiquidMenu\LiquidMenu\LiquidMenu\ArduinoCore\Debug\libArduinoCore.a(main.o)
                                0x2c6 (size before relaxing)
 .debug_str     0x00004c6a       0x6d C:\Users\Anthony\Documents\Atmel Studio\7.0\LiquidMenu\LiquidMenu\LiquidMenu\ArduinoCore\Debug\libArduinoCore.a(wiring.o)
                                0x25c (size before relaxing)
 .debug_str     0x00004cd7       0xdc C:\Users\Anthony\Documents\Atmel Studio\7.0\LiquidMenu\LiquidMenu\LiquidMenu\ArduinoCore\Debug\libArduinoCore.a(wiring_digital.o)
                                0x2c1 (size before relaxing)
 .debug_str     0x00004db3      0x5fd C:\Users\Anthony\Documents\Atmel Studio\7.0\LiquidMenu\LiquidMenu\LiquidMenu\ArduinoCore\Debug\libArduinoCore.a(LiquidCrystal.o)
                                0x95b (size before relaxing)
 .debug_str     0x000053b0      0x14e C:\Users\Anthony\Documents\Atmel Studio\7.0\LiquidMenu\LiquidMenu\LiquidMenu\ArduinoCore\Debug\libArduinoCore.a(LiquidLine.o)
                                0x8b1 (size before relaxing)
 .debug_str     0x000054fe      0x20f C:\Users\Anthony\Documents\Atmel Studio\7.0\LiquidMenu\LiquidMenu\LiquidMenu\ArduinoCore\Debug\libArduinoCore.a(LiquidMenu.o)
                                0xf81 (size before relaxing)
 .debug_str     0x0000570d      0x11f C:\Users\Anthony\Documents\Atmel Studio\7.0\LiquidMenu\LiquidMenu\LiquidMenu\ArduinoCore\Debug\libArduinoCore.a(LiquidScreen.o)
                                0xa23 (size before relaxing)
 .debug_str     0x0000582c      0x1cf C:\Users\Anthony\Documents\Atmel Studio\7.0\LiquidMenu\LiquidMenu\LiquidMenu\ArduinoCore\Debug\libArduinoCore.a(recognizeType.o)
                                0x657 (size before relaxing)
 .debug_str     0x000059fb      0x3bc C:\Users\Anthony\Documents\Atmel Studio\7.0\LiquidMenu\LiquidMenu\LiquidMenu\ArduinoCore\Debug\libArduinoCore.a(Pushbutton.o)
                                0x6a9 (size before relaxing)
 .debug_str     0x00005db7       0xa4 C:\Users\Anthony\Documents\Atmel Studio\7.0\LiquidMenu\LiquidMenu\LiquidMenu\ArduinoCore\Debug\libArduinoCore.a(SPI.o)
                                0x6bf (size before relaxing)
 .debug_str     0x00005e5b       0x1c C:\Users\Anthony\Documents\Atmel Studio\7.0\LiquidMenu\LiquidMenu\LiquidMenu\ArduinoCore\Debug\libArduinoCore.a(hooks.o)
                                0x151 (size before relaxing)
 .debug_str     0x00005e77      0x2f4 C:\Users\Anthony\Documents\Atmel Studio\7.0\LiquidMenu\LiquidMenu\LiquidMenu\ArduinoCore\Debug\libArduinoCore.a(Print.o)
                               0x1254 (size before relaxing)

.debug_loc      0x00000000     0xbee4
 *(.debug_loc)
 .debug_loc     0x00000000      0xdf1 ADS1241.o
 .debug_loc     0x00000df1      0x37e utility.o
 .debug_loc     0x0000116f      0x544 menu.o
 .debug_loc     0x000016b3       0x49 Sketch.o
 .debug_loc     0x000016fc     0x2af1 src/libraries/INA-master/src/INA.o
 .debug_loc     0x000041ed      0x3e6 src/libraries/Wire/src/utility/twi.o
 .debug_loc     0x000045d3      0xbe6 src/libraries/Wire/src/Wire.o
 .debug_loc     0x000051b9      0x28d C:\Users\Anthony\Documents\Atmel Studio\7.0\LiquidMenu\LiquidMenu\LiquidMenu\ArduinoCore\Debug\libArduinoCore.a(wiring.o)
 .debug_loc     0x00005446      0x56b C:\Users\Anthony\Documents\Atmel Studio\7.0\LiquidMenu\LiquidMenu\LiquidMenu\ArduinoCore\Debug\libArduinoCore.a(wiring_digital.o)
 .debug_loc     0x000059b1     0x1a6e C:\Users\Anthony\Documents\Atmel Studio\7.0\LiquidMenu\LiquidMenu\LiquidMenu\ArduinoCore\Debug\libArduinoCore.a(LiquidCrystal.o)
 .debug_loc     0x0000741f      0xe98 C:\Users\Anthony\Documents\Atmel Studio\7.0\LiquidMenu\LiquidMenu\LiquidMenu\ArduinoCore\Debug\libArduinoCore.a(LiquidLine.o)
 .debug_loc     0x000082b7      0xe9b C:\Users\Anthony\Documents\Atmel Studio\7.0\LiquidMenu\LiquidMenu\LiquidMenu\ArduinoCore\Debug\libArduinoCore.a(LiquidMenu.o)
 .debug_loc     0x00009152      0x85d C:\Users\Anthony\Documents\Atmel Studio\7.0\LiquidMenu\LiquidMenu\LiquidMenu\ArduinoCore\Debug\libArduinoCore.a(LiquidScreen.o)
 .debug_loc     0x000099af      0x298 C:\Users\Anthony\Documents\Atmel Studio\7.0\LiquidMenu\LiquidMenu\LiquidMenu\ArduinoCore\Debug\libArduinoCore.a(recognizeType.o)
 .debug_loc     0x00009c47      0x426 C:\Users\Anthony\Documents\Atmel Studio\7.0\LiquidMenu\LiquidMenu\LiquidMenu\ArduinoCore\Debug\libArduinoCore.a(Pushbutton.o)
 .debug_loc     0x0000a06d      0x1f0 C:\Users\Anthony\Documents\Atmel Studio\7.0\LiquidMenu\LiquidMenu\LiquidMenu\ArduinoCore\Debug\libArduinoCore.a(SPI.o)
 .debug_loc     0x0000a25d     0x1c87 C:\Users\Anthony\Documents\Atmel Studio\7.0\LiquidMenu\LiquidMenu\LiquidMenu\ArduinoCore\Debug\libArduinoCore.a(Print.o)

.debug_macinfo
 *(.debug_macinfo)

.debug_weaknames
 *(.debug_weaknames)

.debug_funcnames
 *(.debug_funcnames)

.debug_typenames
 *(.debug_typenames)

.debug_varnames
 *(.debug_varnames)

.debug_pubtypes
 *(.debug_pubtypes)

.debug_ranges   0x00000000      0xa80
 *(.debug_ranges)
 .debug_ranges  0x00000000       0xb8 ADS1241.o
 .debug_ranges  0x000000b8       0x38 utility.o
 .debug_ranges  0x000000f0       0x68 menu.o
 .debug_ranges  0x00000158       0x50 Sketch.o
 .debug_ranges  0x000001a8      0x1a8 src/libraries/INA-master/src/INA.o
 .debug_ranges  0x00000350       0x70 src/libraries/Wire/src/utility/twi.o
 .debug_ranges  0x000003c0       0xe8 src/libraries/Wire/src/Wire.o